[0.041s] Invoking command in '/home/scott/mercer_garm/ros2/build/g_arm_msgs': CMAKE_PREFIX_PATH=${CMAKE_PREFIX_PATH}:/home/scott/mercer_garm/ros2/install/mercer_robot_commander_py:/home/scott/mercer_garm/ros2/install/mercer_g_arm_desktop_bringup:/home/scott/mercer_garm/ros2/install/mercer_g_arm_sim:/home/scott/mercer_garm/ros2/install/mercer_g_arm_rpi_bringup:/home/scott/mercer_garm/ros2/install/mercer_g_arm:/home/scott/mercer_garm/ros2/install/mercer_g-arm_rpi_bringup:/home/scott/mercer_garm/ros2/install/mercer_g-arm_desktop_bringup:/home/scott/mercer_garm/ros2/install/joy_js_pkg:/home/scott/mercer_garm/ros2/install/garm_motion_planning_demos:/home/scott/mercer_garm/ros2/install/g_arm_trajectory_bridge:/home/scott/mercer_garm/ros2/install/g_arm_python_examples:/home/scott/mercer_garm/ros2/install/g-arm_simulation:/home/scott/mercer_garm/ros2/install/g_arm:/home/scott/mercer_garm_ws/install/mercer_g_arm_desktop_bringup:/home/scott/mercer_garm_ws/install/mercer_robot_commander_py:/home/scott/mercer_garm_ws/install/mercer_g_arm_sim:/home/scott/mercer_garm_ws/install/mercer_g_arm_rpi_bringup:/home/scott/mercer_garm_ws/install/mercer_g_arm:/home/scott/mercer_garm_ws/install/mercer_g-arm_rpi_bringup:/home/scott/mercer_garm_ws/install/mercer_g-arm_desktop_bringup:/home/scott/mercer_garm_ws/install/joy_js_pkg:/home/scott/mercer_garm_ws/install/garm_motion_planning_demos:/home/scott/mercer_garm_ws/install/g_arm_trajectory_bridge:/home/scott/mercer_garm_ws/install/g_arm_python_examples:/home/scott/mercer_garm_ws/install/g-arm_simulation:/home/scott/mercer_garm_ws/install/g_arm:/home/scott/ros2_ws/install/joy_js_pkg:/home/scott/ros2_ws/install/garm_motion_planning_demos:/home/scott/ros2_ws/install/g_arm_trajectory_bridge:/home/scott/ros2_ws/install/g_arm_python_examples:/home/scott/ros2_ws/install/g-arm_simulation:/home/scott/ros2_ws/install/g_arm:/home/scott/ws_moveit/install/moveit_configs_utils:/opt/ros/jazzy DEBUGINFOD_URLS=https://debuginfod.ubuntu.com PS1=(ros2_venv) \[\e]0;\u@\h: \w\a\]${debian_chroot:+($debian_chroot)}\[\033[01;32m\]\u@\h\[\033[00m\]:\[\033[01;34m\]\w\[\033[00m\]\$ VIRTUAL_ENV_PROMPT=(ros2_venv) /snap/bin/cmake /home/scott/mercer_garm/ros2/src/g_arm_msgs -DCMAKE_INSTALL_PREFIX=/home/scott/mercer_garm/ros2/install/g_arm_msgs
[0.382s] [0mCMake Deprecation Warning at CMakeLists.txt:1 (cmake_minimum_required):
[0.382s]   Compatibility with CMake < 3.10 will be removed from a future version of
[0.382s]   CMake.
[0.382s] 
[0.382s]   Update the VERSION argument <min> value.  Or, use the <min>...<max> syntax
[0.383s]   to tell CMake that the project requires at least <min> but has been updated
[0.383s]   to work with policies introduced by <max> or earlier.
[0.383s] 
[0.383s] [0m
[1.009s] -- The C compiler identification is GNU 13.3.0
[1.820s] -- The CXX compiler identification is GNU 13.3.0
[1.873s] -- Detecting C compiler ABI info
[2.051s] -- Detecting C compiler ABI info - done
[2.075s] -- Check for working C compiler: /usr/bin/cc - skipped
[2.077s] -- Detecting C compile features
[2.077s] -- Detecting C compile features - done
[2.110s] -- Detecting CXX compiler ABI info
[2.213s] -- Detecting CXX compiler ABI info - done
[2.238s] -- Check for working CXX compiler: /usr/bin/c++ - skipped
[2.239s] -- Detecting CXX compile features
[2.241s] -- Detecting CXX compile features - done
[3.125s] -- Found ament_cmake: 2.5.5 (/opt/ros/jazzy/share/ament_cmake/cmake)
[3.353s] -- Found Python3: /home/scott/ros2_venv/bin/python3 (found version "3.12.3") found components: Interpreter
[3.825s] -- Found rosidl_default_generators: 1.6.0 (/opt/ros/jazzy/share/rosidl_default_generators/cmake)
[4.469s] -- Using all available rosidl_typesupport_c: rosidl_typesupport_fastrtps_c;rosidl_typesupport_introspection_c
[5.111s] -- Using all available rosidl_typesupport_cpp: rosidl_typesupport_fastrtps_cpp;rosidl_typesupport_introspection_cpp
[5.577s] -- Found rosidl_adapter: 4.6.7 (/opt/ros/jazzy/share/rosidl_adapter/cmake)
[5.622s] -- Found geometry_msgs: 5.3.6 (/opt/ros/jazzy/share/geometry_msgs/cmake)
[5.895s] -- Found action_msgs: 2.0.3 (/opt/ros/jazzy/share/action_msgs/cmake)
[7.041s] -- Found ament_cmake_ros: 0.12.0 (/opt/ros/jazzy/share/ament_cmake_ros/cmake)
[7.834s] -- Using all available rosidl_typesupport_c: rosidl_typesupport_fastrtps_c;rosidl_typesupport_introspection_c
[8.827s] -- Using all available rosidl_typesupport_cpp: rosidl_typesupport_fastrtps_cpp;rosidl_typesupport_introspection_cpp
[8.893s] -- Found python_cmake_module: 0.11.1 (/opt/ros/jazzy/share/python_cmake_module/cmake)
[9.058s] -- Found PythonExtra: /home/scott/ros2_venv/bin/python3
[10.003s] -- Found Python3: /home/scott/ros2_venv/bin/python3 (found version "3.12.3") found components: Interpreter Development NumPy Development.Module Development.Embed
[10.197s] -- Found ament_lint_auto: 0.17.4 (/opt/ros/jazzy/share/ament_lint_auto/cmake)
[10.339s] -- Added test 'lint_cmake' to check CMake code style
[10.344s] -- Added test 'xmllint' to check XML markup files
[10.356s] -- Configuring done (10.2s)
[10.412s] -- Generating done (0.1s)
[10.444s] -- Build files have been written to: /home/scott/mercer_garm/ros2/build/g_arm_msgs
[10.464s] Invoked command in '/home/scott/mercer_garm/ros2/build/g_arm_msgs' returned '0': CMAKE_PREFIX_PATH=${CMAKE_PREFIX_PATH}:/home/scott/mercer_garm/ros2/install/mercer_robot_commander_py:/home/scott/mercer_garm/ros2/install/mercer_g_arm_desktop_bringup:/home/scott/mercer_garm/ros2/install/mercer_g_arm_sim:/home/scott/mercer_garm/ros2/install/mercer_g_arm_rpi_bringup:/home/scott/mercer_garm/ros2/install/mercer_g_arm:/home/scott/mercer_garm/ros2/install/mercer_g-arm_rpi_bringup:/home/scott/mercer_garm/ros2/install/mercer_g-arm_desktop_bringup:/home/scott/mercer_garm/ros2/install/joy_js_pkg:/home/scott/mercer_garm/ros2/install/garm_motion_planning_demos:/home/scott/mercer_garm/ros2/install/g_arm_trajectory_bridge:/home/scott/mercer_garm/ros2/install/g_arm_python_examples:/home/scott/mercer_garm/ros2/install/g-arm_simulation:/home/scott/mercer_garm/ros2/install/g_arm:/home/scott/mercer_garm_ws/install/mercer_g_arm_desktop_bringup:/home/scott/mercer_garm_ws/install/mercer_robot_commander_py:/home/scott/mercer_garm_ws/install/mercer_g_arm_sim:/home/scott/mercer_garm_ws/install/mercer_g_arm_rpi_bringup:/home/scott/mercer_garm_ws/install/mercer_g_arm:/home/scott/mercer_garm_ws/install/mercer_g-arm_rpi_bringup:/home/scott/mercer_garm_ws/install/mercer_g-arm_desktop_bringup:/home/scott/mercer_garm_ws/install/joy_js_pkg:/home/scott/mercer_garm_ws/install/garm_motion_planning_demos:/home/scott/mercer_garm_ws/install/g_arm_trajectory_bridge:/home/scott/mercer_garm_ws/install/g_arm_python_examples:/home/scott/mercer_garm_ws/install/g-arm_simulation:/home/scott/mercer_garm_ws/install/g_arm:/home/scott/ros2_ws/install/joy_js_pkg:/home/scott/ros2_ws/install/garm_motion_planning_demos:/home/scott/ros2_ws/install/g_arm_trajectory_bridge:/home/scott/ros2_ws/install/g_arm_python_examples:/home/scott/ros2_ws/install/g-arm_simulation:/home/scott/ros2_ws/install/g_arm:/home/scott/ws_moveit/install/moveit_configs_utils:/opt/ros/jazzy DEBUGINFOD_URLS=https://debuginfod.ubuntu.com PS1=(ros2_venv) \[\e]0;\u@\h: \w\a\]${debian_chroot:+($debian_chroot)}\[\033[01;32m\]\u@\h\[\033[00m\]:\[\033[01;34m\]\w\[\033[00m\]\$ VIRTUAL_ENV_PROMPT=(ros2_venv) /snap/bin/cmake /home/scott/mercer_garm/ros2/src/g_arm_msgs -DCMAKE_INSTALL_PREFIX=/home/scott/mercer_garm/ros2/install/g_arm_msgs
[10.464s] Invoking command in '/home/scott/mercer_garm/ros2/build/g_arm_msgs': CMAKE_PREFIX_PATH=${CMAKE_PREFIX_PATH}:/home/scott/mercer_garm/ros2/install/mercer_robot_commander_py:/home/scott/mercer_garm/ros2/install/mercer_g_arm_desktop_bringup:/home/scott/mercer_garm/ros2/install/mercer_g_arm_sim:/home/scott/mercer_garm/ros2/install/mercer_g_arm_rpi_bringup:/home/scott/mercer_garm/ros2/install/mercer_g_arm:/home/scott/mercer_garm/ros2/install/mercer_g-arm_rpi_bringup:/home/scott/mercer_garm/ros2/install/mercer_g-arm_desktop_bringup:/home/scott/mercer_garm/ros2/install/joy_js_pkg:/home/scott/mercer_garm/ros2/install/garm_motion_planning_demos:/home/scott/mercer_garm/ros2/install/g_arm_trajectory_bridge:/home/scott/mercer_garm/ros2/install/g_arm_python_examples:/home/scott/mercer_garm/ros2/install/g-arm_simulation:/home/scott/mercer_garm/ros2/install/g_arm:/home/scott/mercer_garm_ws/install/mercer_g_arm_desktop_bringup:/home/scott/mercer_garm_ws/install/mercer_robot_commander_py:/home/scott/mercer_garm_ws/install/mercer_g_arm_sim:/home/scott/mercer_garm_ws/install/mercer_g_arm_rpi_bringup:/home/scott/mercer_garm_ws/install/mercer_g_arm:/home/scott/mercer_garm_ws/install/mercer_g-arm_rpi_bringup:/home/scott/mercer_garm_ws/install/mercer_g-arm_desktop_bringup:/home/scott/mercer_garm_ws/install/joy_js_pkg:/home/scott/mercer_garm_ws/install/garm_motion_planning_demos:/home/scott/mercer_garm_ws/install/g_arm_trajectory_bridge:/home/scott/mercer_garm_ws/install/g_arm_python_examples:/home/scott/mercer_garm_ws/install/g-arm_simulation:/home/scott/mercer_garm_ws/install/g_arm:/home/scott/ros2_ws/install/joy_js_pkg:/home/scott/ros2_ws/install/garm_motion_planning_demos:/home/scott/ros2_ws/install/g_arm_trajectory_bridge:/home/scott/ros2_ws/install/g_arm_python_examples:/home/scott/ros2_ws/install/g-arm_simulation:/home/scott/ros2_ws/install/g_arm:/home/scott/ws_moveit/install/moveit_configs_utils:/opt/ros/jazzy DEBUGINFOD_URLS=https://debuginfod.ubuntu.com PS1=(ros2_venv) \[\e]0;\u@\h: \w\a\]${debian_chroot:+($debian_chroot)}\[\033[01;32m\]\u@\h\[\033[00m\]:\[\033[01;34m\]\w\[\033[00m\]\$ VIRTUAL_ENV_PROMPT=(ros2_venv) /snap/bin/cmake --build /home/scott/mercer_garm/ros2/build/g_arm_msgs -- -j4 -l4
[10.561s] [  2%] [1m[34mGenerating type hashes for ROS interfaces[0m
[10.563s] [  2%] Built target ament_cmake_python_copy_g_arm_msgs
[10.920s] [  2%] Built target g_arm_msgs__rosidl_generator_type_description
[10.927s] [  5%] [1m[34mGenerating C code for ROS interfaces[0m
[10.932s] [  8%] [1m[34mGenerating C++ code for ROS interfaces[0m
[11.849s] [ 11%] [32mBuilding C object CMakeFiles/g_arm_msgs__rosidl_generator_c.dir/rosidl_generator_c/g_arm_msgs/action/detail/go_to_pose__description.c.o[0m
[11.855s] [ 14%] [32mBuilding C object CMakeFiles/g_arm_msgs__rosidl_generator_c.dir/rosidl_generator_c/g_arm_msgs/action/detail/go_to_pose__functions.c.o[0m
[11.894s] [ 14%] Built target g_arm_msgs__cpp
[11.898s] [ 17%] [32mBuilding C object CMakeFiles/g_arm_msgs__rosidl_generator_c.dir/rosidl_generator_c/g_arm_msgs/action/detail/go_to_pose__type_support.c.o[0m
[11.956s] running egg_info
[11.977s] creating g_arm_msgs.egg-info
[11.978s] writing g_arm_msgs.egg-info/PKG-INFO
[11.978s] writing dependency_links to g_arm_msgs.egg-info/dependency_links.txt
[11.978s] writing top-level names to g_arm_msgs.egg-info/top_level.txt
[11.978s] writing manifest file 'g_arm_msgs.egg-info/SOURCES.txt'
[12.055s] reading manifest file 'g_arm_msgs.egg-info/SOURCES.txt'
[12.055s] writing manifest file 'g_arm_msgs.egg-info/SOURCES.txt'
[12.096s] [ 17%] Built target ament_cmake_python_build_g_arm_msgs_egg
[12.407s] [ 20%] [1m[32mLinking C shared library libg_arm_msgs__rosidl_generator_c.so[0m
[12.444s] [ 20%] Built target g_arm_msgs__rosidl_generator_c
[12.451s] [ 23%] [1m[34mGenerating C type support dispatch for ROS interfaces[0m
[12.455s] [ 26%] [1m[34mGenerating C++ type support for eProsima Fast-RTPS[0m
[12.464s] [ 29%] [1m[34mGenerating C++ introspection for ROS interfaces[0m
[12.464s] [ 32%] [1m[34mGenerating C++ type support dispatch for ROS interfaces[0m
[13.341s] [ 35%] [32mBuilding CXX object CMakeFiles/g_arm_msgs__rosidl_typesupport_cpp.dir/rosidl_typesupport_cpp/g_arm_msgs/action/go_to_pose__type_support.cpp.o[0m
[13.459s] [ 38%] [32mBuilding CXX object CMakeFiles/g_arm_msgs__rosidl_typesupport_c.dir/rosidl_typesupport_c/g_arm_msgs/action/go_to_pose__type_support.cpp.o[0m
[13.558s] [ 41%] [32mBuilding CXX object CMakeFiles/g_arm_msgs__rosidl_typesupport_introspection_cpp.dir/rosidl_typesupport_introspection_cpp/g_arm_msgs/action/detail/go_to_pose__type_support.cpp.o[0m
[13.738s] [ 44%] [32mBuilding CXX object CMakeFiles/g_arm_msgs__rosidl_typesupport_fastrtps_cpp.dir/rosidl_typesupport_fastrtps_cpp/g_arm_msgs/action/detail/dds_fastrtps/go_to_pose__type_support.cpp.o[0m
[13.981s] [ 47%] [1m[32mLinking CXX shared library libg_arm_msgs__rosidl_typesupport_c.so[0m
[14.074s] [ 47%] Built target g_arm_msgs__rosidl_typesupport_c
[14.078s] [ 50%] [1m[34mGenerating C type support for eProsima Fast-RTPS[0m
[15.472s] [ 52%] [32mBuilding CXX object CMakeFiles/g_arm_msgs__rosidl_typesupport_fastrtps_c.dir/rosidl_typesupport_fastrtps_c/g_arm_msgs/action/detail/go_to_pose__type_support_c.cpp.o[0m
[16.236s] [ 55%] [1m[32mLinking CXX shared library libg_arm_msgs__rosidl_typesupport_cpp.so[0m
[16.253s] [ 58%] [1m[32mLinking CXX shared library libg_arm_msgs__rosidl_typesupport_fastrtps_c.so[0m
[16.422s] [ 61%] [1m[32mLinking CXX shared library libg_arm_msgs__rosidl_typesupport_introspection_cpp.so[0m
[16.445s] [ 64%] [1m[32mLinking CXX shared library libg_arm_msgs__rosidl_typesupport_fastrtps_cpp.so[0m
[16.540s] [ 64%] Built target g_arm_msgs__rosidl_typesupport_fastrtps_c
[16.540s] [ 64%] Built target g_arm_msgs__rosidl_typesupport_introspection_cpp
[16.544s] [ 67%] [1m[34mGenerating C introspection for ROS interfaces[0m
[16.624s] [ 67%] Built target g_arm_msgs__rosidl_typesupport_fastrtps_cpp
[16.663s] [ 67%] Built target g_arm_msgs__rosidl_typesupport_cpp
[17.215s] [ 70%] [32mBuilding C object CMakeFiles/g_arm_msgs__rosidl_typesupport_introspection_c.dir/rosidl_typesupport_introspection_c/g_arm_msgs/action/detail/go_to_pose__type_support.c.o[0m
[17.346s] [ 73%] [1m[32mLinking C shared library libg_arm_msgs__rosidl_typesupport_introspection_c.so[0m
[17.371s] [ 73%] Built target g_arm_msgs__rosidl_typesupport_introspection_c
[17.381s] [ 73%] Built target g_arm_msgs
[17.392s] [ 76%] [1m[34mGenerating Python code for ROS interfaces[0m
[18.568s] [ 76%] Built target g_arm_msgs__py
[18.579s] [ 79%] [32mBuilding C object CMakeFiles/g_arm_msgs__rosidl_generator_py.dir/rosidl_generator_py/g_arm_msgs/action/_go_to_pose_s.c.o[0m
[19.092s] [ 82%] [1m[32mLinking C shared library libg_arm_msgs__rosidl_generator_py.so[0m
[19.149s] [ 82%] Built target g_arm_msgs__rosidl_generator_py
[19.171s] [ 85%] [32mBuilding C object CMakeFiles/g_arm_msgs_s__rosidl_typesupport_introspection_c.dir/rosidl_generator_py/g_arm_msgs/_g_arm_msgs_s.ep.rosidl_typesupport_introspection_c.c.o[0m
[19.171s] [ 88%] [32mBuilding C object CMakeFiles/g_arm_msgs_s__rosidl_typesupport_fastrtps_c.dir/rosidl_generator_py/g_arm_msgs/_g_arm_msgs_s.ep.rosidl_typesupport_fastrtps_c.c.o[0m
[19.178s] [ 91%] [32mBuilding C object CMakeFiles/g_arm_msgs_s__rosidl_typesupport_c.dir/rosidl_generator_py/g_arm_msgs/_g_arm_msgs_s.ep.rosidl_typesupport_c.c.o[0m
[19.388s] [ 94%] [1m[32mLinking C shared module rosidl_generator_py/g_arm_msgs/g_arm_msgs_s__rosidl_typesupport_c.so[0m
[19.406s] [ 97%] [1m[32mLinking C shared module rosidl_generator_py/g_arm_msgs/g_arm_msgs_s__rosidl_typesupport_introspection_c.so[0m
[19.441s] [ 97%] Built target g_arm_msgs_s__rosidl_typesupport_c
[19.452s] [ 97%] Built target g_arm_msgs_s__rosidl_typesupport_introspection_c
[19.452s] [100%] [1m[32mLinking C shared module rosidl_generator_py/g_arm_msgs/g_arm_msgs_s__rosidl_typesupport_fastrtps_c.so[0m
[19.480s] [100%] Built target g_arm_msgs_s__rosidl_typesupport_fastrtps_c
[19.485s] Invoked command in '/home/scott/mercer_garm/ros2/build/g_arm_msgs' returned '0': CMAKE_PREFIX_PATH=${CMAKE_PREFIX_PATH}:/home/scott/mercer_garm/ros2/install/mercer_robot_commander_py:/home/scott/mercer_garm/ros2/install/mercer_g_arm_desktop_bringup:/home/scott/mercer_garm/ros2/install/mercer_g_arm_sim:/home/scott/mercer_garm/ros2/install/mercer_g_arm_rpi_bringup:/home/scott/mercer_garm/ros2/install/mercer_g_arm:/home/scott/mercer_garm/ros2/install/mercer_g-arm_rpi_bringup:/home/scott/mercer_garm/ros2/install/mercer_g-arm_desktop_bringup:/home/scott/mercer_garm/ros2/install/joy_js_pkg:/home/scott/mercer_garm/ros2/install/garm_motion_planning_demos:/home/scott/mercer_garm/ros2/install/g_arm_trajectory_bridge:/home/scott/mercer_garm/ros2/install/g_arm_python_examples:/home/scott/mercer_garm/ros2/install/g-arm_simulation:/home/scott/mercer_garm/ros2/install/g_arm:/home/scott/mercer_garm_ws/install/mercer_g_arm_desktop_bringup:/home/scott/mercer_garm_ws/install/mercer_robot_commander_py:/home/scott/mercer_garm_ws/install/mercer_g_arm_sim:/home/scott/mercer_garm_ws/install/mercer_g_arm_rpi_bringup:/home/scott/mercer_garm_ws/install/mercer_g_arm:/home/scott/mercer_garm_ws/install/mercer_g-arm_rpi_bringup:/home/scott/mercer_garm_ws/install/mercer_g-arm_desktop_bringup:/home/scott/mercer_garm_ws/install/joy_js_pkg:/home/scott/mercer_garm_ws/install/garm_motion_planning_demos:/home/scott/mercer_garm_ws/install/g_arm_trajectory_bridge:/home/scott/mercer_garm_ws/install/g_arm_python_examples:/home/scott/mercer_garm_ws/install/g-arm_simulation:/home/scott/mercer_garm_ws/install/g_arm:/home/scott/ros2_ws/install/joy_js_pkg:/home/scott/ros2_ws/install/garm_motion_planning_demos:/home/scott/ros2_ws/install/g_arm_trajectory_bridge:/home/scott/ros2_ws/install/g_arm_python_examples:/home/scott/ros2_ws/install/g-arm_simulation:/home/scott/ros2_ws/install/g_arm:/home/scott/ws_moveit/install/moveit_configs_utils:/opt/ros/jazzy DEBUGINFOD_URLS=https://debuginfod.ubuntu.com PS1=(ros2_venv) \[\e]0;\u@\h: \w\a\]${debian_chroot:+($debian_chroot)}\[\033[01;32m\]\u@\h\[\033[00m\]:\[\033[01;34m\]\w\[\033[00m\]\$ VIRTUAL_ENV_PROMPT=(ros2_venv) /snap/bin/cmake --build /home/scott/mercer_garm/ros2/build/g_arm_msgs -- -j4 -l4
[19.485s] Invoking command in '/home/scott/mercer_garm/ros2/build/g_arm_msgs': CMAKE_PREFIX_PATH=${CMAKE_PREFIX_PATH}:/home/scott/mercer_garm/ros2/install/mercer_robot_commander_py:/home/scott/mercer_garm/ros2/install/mercer_g_arm_desktop_bringup:/home/scott/mercer_garm/ros2/install/mercer_g_arm_sim:/home/scott/mercer_garm/ros2/install/mercer_g_arm_rpi_bringup:/home/scott/mercer_garm/ros2/install/mercer_g_arm:/home/scott/mercer_garm/ros2/install/mercer_g-arm_rpi_bringup:/home/scott/mercer_garm/ros2/install/mercer_g-arm_desktop_bringup:/home/scott/mercer_garm/ros2/install/joy_js_pkg:/home/scott/mercer_garm/ros2/install/garm_motion_planning_demos:/home/scott/mercer_garm/ros2/install/g_arm_trajectory_bridge:/home/scott/mercer_garm/ros2/install/g_arm_python_examples:/home/scott/mercer_garm/ros2/install/g-arm_simulation:/home/scott/mercer_garm/ros2/install/g_arm:/home/scott/mercer_garm_ws/install/mercer_g_arm_desktop_bringup:/home/scott/mercer_garm_ws/install/mercer_robot_commander_py:/home/scott/mercer_garm_ws/install/mercer_g_arm_sim:/home/scott/mercer_garm_ws/install/mercer_g_arm_rpi_bringup:/home/scott/mercer_garm_ws/install/mercer_g_arm:/home/scott/mercer_garm_ws/install/mercer_g-arm_rpi_bringup:/home/scott/mercer_garm_ws/install/mercer_g-arm_desktop_bringup:/home/scott/mercer_garm_ws/install/joy_js_pkg:/home/scott/mercer_garm_ws/install/garm_motion_planning_demos:/home/scott/mercer_garm_ws/install/g_arm_trajectory_bridge:/home/scott/mercer_garm_ws/install/g_arm_python_examples:/home/scott/mercer_garm_ws/install/g-arm_simulation:/home/scott/mercer_garm_ws/install/g_arm:/home/scott/ros2_ws/install/joy_js_pkg:/home/scott/ros2_ws/install/garm_motion_planning_demos:/home/scott/ros2_ws/install/g_arm_trajectory_bridge:/home/scott/ros2_ws/install/g_arm_python_examples:/home/scott/ros2_ws/install/g-arm_simulation:/home/scott/ros2_ws/install/g_arm:/home/scott/ws_moveit/install/moveit_configs_utils:/opt/ros/jazzy DEBUGINFOD_URLS=https://debuginfod.ubuntu.com PS1=(ros2_venv) \[\e]0;\u@\h: \w\a\]${debian_chroot:+($debian_chroot)}\[\033[01;32m\]\u@\h\[\033[00m\]:\[\033[01;34m\]\w\[\033[00m\]\$ VIRTUAL_ENV_PROMPT=(ros2_venv) /snap/bin/cmake --install /home/scott/mercer_garm/ros2/build/g_arm_msgs
[19.567s] -- Install configuration: ""
[19.567s] -- Installing: /home/scott/mercer_garm/ros2/install/g_arm_msgs/share/ament_index/resource_index/rosidl_interfaces/g_arm_msgs
[19.567s] -- Installing: /home/scott/mercer_garm/ros2/install/g_arm_msgs/share/g_arm_msgs/action/GoToPose.json
[19.567s] -- Installing: /home/scott/mercer_garm/ros2/install/g_arm_msgs/include/g_arm_msgs/g_arm_msgs
[19.567s] -- Installing: /home/scott/mercer_garm/ros2/install/g_arm_msgs/include/g_arm_msgs/g_arm_msgs/action
[19.568s] -- Installing: /home/scott/mercer_garm/ros2/install/g_arm_msgs/include/g_arm_msgs/g_arm_msgs/action/go_to_pose.h
[19.568s] -- Installing: /home/scott/mercer_garm/ros2/install/g_arm_msgs/include/g_arm_msgs/g_arm_msgs/action/detail
[19.568s] -- Installing: /home/scott/mercer_garm/ros2/install/g_arm_msgs/include/g_arm_msgs/g_arm_msgs/action/detail/go_to_pose__functions.c
[19.568s] -- Installing: /home/scott/mercer_garm/ros2/install/g_arm_msgs/include/g_arm_msgs/g_arm_msgs/action/detail/go_to_pose__struct.h
[19.568s] -- Installing: /home/scott/mercer_garm/ros2/install/g_arm_msgs/include/g_arm_msgs/g_arm_msgs/action/detail/go_to_pose__functions.h
[19.568s] -- Installing: /home/scott/mercer_garm/ros2/install/g_arm_msgs/include/g_arm_msgs/g_arm_msgs/action/detail/go_to_pose__description.c
[19.568s] -- Installing: /home/scott/mercer_garm/ros2/install/g_arm_msgs/include/g_arm_msgs/g_arm_msgs/action/detail/go_to_pose__type_support.c
[19.568s] -- Installing: /home/scott/mercer_garm/ros2/install/g_arm_msgs/include/g_arm_msgs/g_arm_msgs/action/detail/go_to_pose__type_support.h
[19.568s] -- Installing: /home/scott/mercer_garm/ros2/install/g_arm_msgs/include/g_arm_msgs/g_arm_msgs/msg
[19.568s] -- Installing: /home/scott/mercer_garm/ros2/install/g_arm_msgs/include/g_arm_msgs/g_arm_msgs/msg/rosidl_generator_c__visibility_control.h
[19.568s] -- Installing: /home/scott/mercer_garm/ros2/install/g_arm_msgs/share/g_arm_msgs/environment/library_path.sh
[19.568s] -- Installing: /home/scott/mercer_garm/ros2/install/g_arm_msgs/share/g_arm_msgs/environment/library_path.dsv
[19.568s] -- Installing: /home/scott/mercer_garm/ros2/install/g_arm_msgs/lib/libg_arm_msgs__rosidl_generator_c.so
[19.568s] -- Set non-toolchain portion of runtime path of "/home/scott/mercer_garm/ros2/install/g_arm_msgs/lib/libg_arm_msgs__rosidl_generator_c.so" to ""
[19.569s] -- Up-to-date: /home/scott/mercer_garm/ros2/install/g_arm_msgs/include/g_arm_msgs/g_arm_msgs
[19.569s] -- Up-to-date: /home/scott/mercer_garm/ros2/install/g_arm_msgs/include/g_arm_msgs/g_arm_msgs/action
[19.569s] -- Up-to-date: /home/scott/mercer_garm/ros2/install/g_arm_msgs/include/g_arm_msgs/g_arm_msgs/action/detail
[19.569s] -- Installing: /home/scott/mercer_garm/ros2/install/g_arm_msgs/include/g_arm_msgs/g_arm_msgs/action/detail/go_to_pose__rosidl_typesupport_fastrtps_c.h
[19.569s] -- Up-to-date: /home/scott/mercer_garm/ros2/install/g_arm_msgs/include/g_arm_msgs/g_arm_msgs/msg
[19.570s] -- Installing: /home/scott/mercer_garm/ros2/install/g_arm_msgs/include/g_arm_msgs/g_arm_msgs/msg/rosidl_typesupport_fastrtps_c__visibility_control.h
[19.570s] -- Installing: /home/scott/mercer_garm/ros2/install/g_arm_msgs/lib/libg_arm_msgs__rosidl_typesupport_fastrtps_c.so
[19.570s] -- Set non-toolchain portion of runtime path of "/home/scott/mercer_garm/ros2/install/g_arm_msgs/lib/libg_arm_msgs__rosidl_typesupport_fastrtps_c.so" to ""
[19.570s] -- Up-to-date: /home/scott/mercer_garm/ros2/install/g_arm_msgs/include/g_arm_msgs/g_arm_msgs
[19.570s] -- Up-to-date: /home/scott/mercer_garm/ros2/install/g_arm_msgs/include/g_arm_msgs/g_arm_msgs/action
[19.570s] -- Up-to-date: /home/scott/mercer_garm/ros2/install/g_arm_msgs/include/g_arm_msgs/g_arm_msgs/action/detail
[19.570s] -- Installing: /home/scott/mercer_garm/ros2/install/g_arm_msgs/include/g_arm_msgs/g_arm_msgs/action/detail/go_to_pose__type_support.c
[19.571s] -- Installing: /home/scott/mercer_garm/ros2/install/g_arm_msgs/include/g_arm_msgs/g_arm_msgs/action/detail/go_to_pose__rosidl_typesupport_introspection_c.h
[19.571s] -- Up-to-date: /home/scott/mercer_garm/ros2/install/g_arm_msgs/include/g_arm_msgs/g_arm_msgs/msg
[19.571s] -- Installing: /home/scott/mercer_garm/ros2/install/g_arm_msgs/include/g_arm_msgs/g_arm_msgs/msg/rosidl_typesupport_introspection_c__visibility_control.h
[19.571s] -- Installing: /home/scott/mercer_garm/ros2/install/g_arm_msgs/lib/libg_arm_msgs__rosidl_typesupport_introspection_c.so
[19.571s] -- Set non-toolchain portion of runtime path of "/home/scott/mercer_garm/ros2/install/g_arm_msgs/lib/libg_arm_msgs__rosidl_typesupport_introspection_c.so" to ""
[19.571s] -- Installing: /home/scott/mercer_garm/ros2/install/g_arm_msgs/lib/libg_arm_msgs__rosidl_typesupport_c.so
[19.571s] -- Set non-toolchain portion of runtime path of "/home/scott/mercer_garm/ros2/install/g_arm_msgs/lib/libg_arm_msgs__rosidl_typesupport_c.so" to ""
[19.571s] -- Up-to-date: /home/scott/mercer_garm/ros2/install/g_arm_msgs/include/g_arm_msgs/g_arm_msgs
[19.571s] -- Up-to-date: /home/scott/mercer_garm/ros2/install/g_arm_msgs/include/g_arm_msgs/g_arm_msgs/action
[19.571s] -- Installing: /home/scott/mercer_garm/ros2/install/g_arm_msgs/include/g_arm_msgs/g_arm_msgs/action/go_to_pose.hpp
[19.571s] -- Up-to-date: /home/scott/mercer_garm/ros2/install/g_arm_msgs/include/g_arm_msgs/g_arm_msgs/action/detail
[19.571s] -- Installing: /home/scott/mercer_garm/ros2/install/g_arm_msgs/include/g_arm_msgs/g_arm_msgs/action/detail/go_to_pose__struct.hpp
[19.571s] -- Installing: /home/scott/mercer_garm/ros2/install/g_arm_msgs/include/g_arm_msgs/g_arm_msgs/action/detail/go_to_pose__traits.hpp
[19.575s] -- Installing: /home/scott/mercer_garm/ros2/install/g_arm_msgs/include/g_arm_msgs/g_arm_msgs/action/detail/go_to_pose__type_support.hpp
[19.575s] -- Installing: /home/scott/mercer_garm/ros2/install/g_arm_msgs/include/g_arm_msgs/g_arm_msgs/action/detail/go_to_pose__builder.hpp
[19.575s] -- Up-to-date: /home/scott/mercer_garm/ros2/install/g_arm_msgs/include/g_arm_msgs/g_arm_msgs/msg
[19.575s] -- Installing: /home/scott/mercer_garm/ros2/install/g_arm_msgs/include/g_arm_msgs/g_arm_msgs/msg/rosidl_generator_cpp__visibility_control.hpp
[19.576s] -- Up-to-date: /home/scott/mercer_garm/ros2/install/g_arm_msgs/include/g_arm_msgs/g_arm_msgs
[19.576s] -- Up-to-date: /home/scott/mercer_garm/ros2/install/g_arm_msgs/include/g_arm_msgs/g_arm_msgs/action
[19.576s] -- Up-to-date: /home/scott/mercer_garm/ros2/install/g_arm_msgs/include/g_arm_msgs/g_arm_msgs/action/detail
[19.576s] -- Installing: /home/scott/mercer_garm/ros2/install/g_arm_msgs/include/g_arm_msgs/g_arm_msgs/action/detail/go_to_pose__rosidl_typesupport_fastrtps_cpp.hpp
[19.576s] -- Installing: /home/scott/mercer_garm/ros2/install/g_arm_msgs/include/g_arm_msgs/g_arm_msgs/action/detail/dds_fastrtps
[19.576s] -- Up-to-date: /home/scott/mercer_garm/ros2/install/g_arm_msgs/include/g_arm_msgs/g_arm_msgs/msg
[19.576s] -- Installing: /home/scott/mercer_garm/ros2/install/g_arm_msgs/include/g_arm_msgs/g_arm_msgs/msg/rosidl_typesupport_fastrtps_cpp__visibility_control.h
[19.576s] -- Installing: /home/scott/mercer_garm/ros2/install/g_arm_msgs/lib/libg_arm_msgs__rosidl_typesupport_fastrtps_cpp.so
[19.576s] -- Set non-toolchain portion of runtime path of "/home/scott/mercer_garm/ros2/install/g_arm_msgs/lib/libg_arm_msgs__rosidl_typesupport_fastrtps_cpp.so" to ""
[19.576s] -- Up-to-date: /home/scott/mercer_garm/ros2/install/g_arm_msgs/include/g_arm_msgs/g_arm_msgs
[19.576s] -- Up-to-date: /home/scott/mercer_garm/ros2/install/g_arm_msgs/include/g_arm_msgs/g_arm_msgs/action
[19.576s] -- Up-to-date: /home/scott/mercer_garm/ros2/install/g_arm_msgs/include/g_arm_msgs/g_arm_msgs/action/detail
[19.576s] -- Installing: /home/scott/mercer_garm/ros2/install/g_arm_msgs/include/g_arm_msgs/g_arm_msgs/action/detail/go_to_pose__type_support.cpp
[19.576s] -- Installing: /home/scott/mercer_garm/ros2/install/g_arm_msgs/include/g_arm_msgs/g_arm_msgs/action/detail/go_to_pose__rosidl_typesupport_introspection_cpp.hpp
[19.577s] -- Installing: /home/scott/mercer_garm/ros2/install/g_arm_msgs/lib/libg_arm_msgs__rosidl_typesupport_introspection_cpp.so
[19.578s] -- Set non-toolchain portion of runtime path of "/home/scott/mercer_garm/ros2/install/g_arm_msgs/lib/libg_arm_msgs__rosidl_typesupport_introspection_cpp.so" to ""
[19.579s] -- Installing: /home/scott/mercer_garm/ros2/install/g_arm_msgs/lib/libg_arm_msgs__rosidl_typesupport_cpp.so
[19.579s] -- Set non-toolchain portion of runtime path of "/home/scott/mercer_garm/ros2/install/g_arm_msgs/lib/libg_arm_msgs__rosidl_typesupport_cpp.so" to ""
[19.579s] -- Installing: /home/scott/mercer_garm/ros2/install/g_arm_msgs/share/g_arm_msgs/environment/pythonpath.sh
[19.583s] -- Installing: /home/scott/mercer_garm/ros2/install/g_arm_msgs/share/g_arm_msgs/environment/pythonpath.dsv
[19.583s] -- Installing: /home/scott/mercer_garm/ros2/install/g_arm_msgs/lib/python3.12/site-packages/g_arm_msgs-0.0.0-py3.12.egg-info
[19.583s] -- Installing: /home/scott/mercer_garm/ros2/install/g_arm_msgs/lib/python3.12/site-packages/g_arm_msgs-0.0.0-py3.12.egg-info/top_level.txt
[19.583s] -- Installing: /home/scott/mercer_garm/ros2/install/g_arm_msgs/lib/python3.12/site-packages/g_arm_msgs-0.0.0-py3.12.egg-info/dependency_links.txt
[19.583s] -- Installing: /home/scott/mercer_garm/ros2/install/g_arm_msgs/lib/python3.12/site-packages/g_arm_msgs-0.0.0-py3.12.egg-info/SOURCES.txt
[19.583s] -- Installing: /home/scott/mercer_garm/ros2/install/g_arm_msgs/lib/python3.12/site-packages/g_arm_msgs-0.0.0-py3.12.egg-info/PKG-INFO
[19.583s] -- Installing: /home/scott/mercer_garm/ros2/install/g_arm_msgs/lib/python3.12/site-packages/g_arm_msgs
[19.584s] -- Installing: /home/scott/mercer_garm/ros2/install/g_arm_msgs/lib/python3.12/site-packages/g_arm_msgs/g_arm_msgs_s__rosidl_typesupport_c.so
[19.584s] -- Installing: /home/scott/mercer_garm/ros2/install/g_arm_msgs/lib/python3.12/site-packages/g_arm_msgs/_g_arm_msgs_s.ep.rosidl_typesupport_fastrtps_c.c
[19.584s] -- Installing: /home/scott/mercer_garm/ros2/install/g_arm_msgs/lib/python3.12/site-packages/g_arm_msgs/__init__.py
[19.584s] -- Installing: /home/scott/mercer_garm/ros2/install/g_arm_msgs/lib/python3.12/site-packages/g_arm_msgs/g_arm_msgs_s__rosidl_typesupport_introspection_c.so
[19.584s] -- Installing: /home/scott/mercer_garm/ros2/install/g_arm_msgs/lib/python3.12/site-packages/g_arm_msgs/action
[19.584s] -- Installing: /home/scott/mercer_garm/ros2/install/g_arm_msgs/lib/python3.12/site-packages/g_arm_msgs/action/__init__.py
[19.584s] -- Installing: /home/scott/mercer_garm/ros2/install/g_arm_msgs/lib/python3.12/site-packages/g_arm_msgs/action/_go_to_pose.py
[19.584s] -- Installing: /home/scott/mercer_garm/ros2/install/g_arm_msgs/lib/python3.12/site-packages/g_arm_msgs/action/_go_to_pose_s.c
[19.584s] -- Installing: /home/scott/mercer_garm/ros2/install/g_arm_msgs/lib/python3.12/site-packages/g_arm_msgs/_g_arm_msgs_s.ep.rosidl_typesupport_c.c
[19.584s] -- Installing: /home/scott/mercer_garm/ros2/install/g_arm_msgs/lib/python3.12/site-packages/g_arm_msgs/g_arm_msgs_s__rosidl_typesupport_fastrtps_c.so
[19.584s] -- Installing: /home/scott/mercer_garm/ros2/install/g_arm_msgs/lib/python3.12/site-packages/g_arm_msgs/_g_arm_msgs_s.ep.rosidl_typesupport_introspection_c.c
[19.659s] Listing '/home/scott/mercer_garm/ros2/install/g_arm_msgs/lib/python3.12/site-packages/g_arm_msgs'...
[19.659s] Compiling '/home/scott/mercer_garm/ros2/install/g_arm_msgs/lib/python3.12/site-packages/g_arm_msgs/__init__.py'...
[19.659s] Listing '/home/scott/mercer_garm/ros2/install/g_arm_msgs/lib/python3.12/site-packages/g_arm_msgs/action'...
[19.659s] Compiling '/home/scott/mercer_garm/ros2/install/g_arm_msgs/lib/python3.12/site-packages/g_arm_msgs/action/__init__.py'...
[19.659s] Compiling '/home/scott/mercer_garm/ros2/install/g_arm_msgs/lib/python3.12/site-packages/g_arm_msgs/action/_go_to_pose.py'...
[19.670s] -- Installing: /home/scott/mercer_garm/ros2/install/g_arm_msgs/lib/python3.12/site-packages/g_arm_msgs/g_arm_msgs_s__rosidl_typesupport_fastrtps_c.so
[19.670s] -- Set non-toolchain portion of runtime path of "/home/scott/mercer_garm/ros2/install/g_arm_msgs/lib/python3.12/site-packages/g_arm_msgs/g_arm_msgs_s__rosidl_typesupport_fastrtps_c.so" to ""
[19.670s] -- Installing: /home/scott/mercer_garm/ros2/install/g_arm_msgs/lib/python3.12/site-packages/g_arm_msgs/g_arm_msgs_s__rosidl_typesupport_introspection_c.so
[19.670s] -- Set non-toolchain portion of runtime path of "/home/scott/mercer_garm/ros2/install/g_arm_msgs/lib/python3.12/site-packages/g_arm_msgs/g_arm_msgs_s__rosidl_typesupport_introspection_c.so" to ""
[19.670s] -- Installing: /home/scott/mercer_garm/ros2/install/g_arm_msgs/lib/python3.12/site-packages/g_arm_msgs/g_arm_msgs_s__rosidl_typesupport_c.so
[19.670s] -- Set non-toolchain portion of runtime path of "/home/scott/mercer_garm/ros2/install/g_arm_msgs/lib/python3.12/site-packages/g_arm_msgs/g_arm_msgs_s__rosidl_typesupport_c.so" to ""
[19.670s] -- Installing: /home/scott/mercer_garm/ros2/install/g_arm_msgs/lib/libg_arm_msgs__rosidl_generator_py.so
[19.670s] -- Set non-toolchain portion of runtime path of "/home/scott/mercer_garm/ros2/install/g_arm_msgs/lib/libg_arm_msgs__rosidl_generator_py.so" to ""
[19.670s] -- Installing: /home/scott/mercer_garm/ros2/install/g_arm_msgs/share/g_arm_msgs/action/GoToPose.idl
[19.670s] -- Installing: /home/scott/mercer_garm/ros2/install/g_arm_msgs/share/g_arm_msgs/action/GoToPose.action
[19.670s] -- Installing: /home/scott/mercer_garm/ros2/install/g_arm_msgs/share/ament_index/resource_index/package_run_dependencies/g_arm_msgs
[19.671s] -- Installing: /home/scott/mercer_garm/ros2/install/g_arm_msgs/share/ament_index/resource_index/parent_prefix_path/g_arm_msgs
[19.673s] -- Installing: /home/scott/mercer_garm/ros2/install/g_arm_msgs/share/g_arm_msgs/environment/ament_prefix_path.sh
[19.673s] -- Installing: /home/scott/mercer_garm/ros2/install/g_arm_msgs/share/g_arm_msgs/environment/ament_prefix_path.dsv
[19.673s] -- Installing: /home/scott/mercer_garm/ros2/install/g_arm_msgs/share/g_arm_msgs/environment/path.sh
[19.673s] -- Installing: /home/scott/mercer_garm/ros2/install/g_arm_msgs/share/g_arm_msgs/environment/path.dsv
[19.673s] -- Installing: /home/scott/mercer_garm/ros2/install/g_arm_msgs/share/g_arm_msgs/local_setup.bash
[19.673s] -- Installing: /home/scott/mercer_garm/ros2/install/g_arm_msgs/share/g_arm_msgs/local_setup.sh
[19.674s] -- Installing: /home/scott/mercer_garm/ros2/install/g_arm_msgs/share/g_arm_msgs/local_setup.zsh
[19.674s] -- Installing: /home/scott/mercer_garm/ros2/install/g_arm_msgs/share/g_arm_msgs/local_setup.dsv
[19.675s] -- Installing: /home/scott/mercer_garm/ros2/install/g_arm_msgs/share/g_arm_msgs/package.dsv
[19.677s] -- Installing: /home/scott/mercer_garm/ros2/install/g_arm_msgs/share/ament_index/resource_index/packages/g_arm_msgs
[19.677s] -- Installing: /home/scott/mercer_garm/ros2/install/g_arm_msgs/share/g_arm_msgs/cmake/export_g_arm_msgs__rosidl_generator_cExport.cmake
[19.677s] -- Installing: /home/scott/mercer_garm/ros2/install/g_arm_msgs/share/g_arm_msgs/cmake/export_g_arm_msgs__rosidl_generator_cExport-noconfig.cmake
[19.677s] -- Installing: /home/scott/mercer_garm/ros2/install/g_arm_msgs/share/g_arm_msgs/cmake/export_g_arm_msgs__rosidl_typesupport_fastrtps_cExport.cmake
[19.677s] -- Installing: /home/scott/mercer_garm/ros2/install/g_arm_msgs/share/g_arm_msgs/cmake/export_g_arm_msgs__rosidl_typesupport_fastrtps_cExport-noconfig.cmake
[19.677s] -- Installing: /home/scott/mercer_garm/ros2/install/g_arm_msgs/share/g_arm_msgs/cmake/g_arm_msgs__rosidl_typesupport_introspection_cExport.cmake
[19.677s] -- Installing: /home/scott/mercer_garm/ros2/install/g_arm_msgs/share/g_arm_msgs/cmake/g_arm_msgs__rosidl_typesupport_introspection_cExport-noconfig.cmake
[19.678s] -- Installing: /home/scott/mercer_garm/ros2/install/g_arm_msgs/share/g_arm_msgs/cmake/g_arm_msgs__rosidl_typesupport_cExport.cmake
[19.678s] -- Installing: /home/scott/mercer_garm/ros2/install/g_arm_msgs/share/g_arm_msgs/cmake/g_arm_msgs__rosidl_typesupport_cExport-noconfig.cmake
[19.678s] -- Installing: /home/scott/mercer_garm/ros2/install/g_arm_msgs/share/g_arm_msgs/cmake/export_g_arm_msgs__rosidl_generator_cppExport.cmake
[19.678s] -- Installing: /home/scott/mercer_garm/ros2/install/g_arm_msgs/share/g_arm_msgs/cmake/export_g_arm_msgs__rosidl_typesupport_fastrtps_cppExport.cmake
[19.678s] -- Installing: /home/scott/mercer_garm/ros2/install/g_arm_msgs/share/g_arm_msgs/cmake/export_g_arm_msgs__rosidl_typesupport_fastrtps_cppExport-noconfig.cmake
[19.678s] -- Installing: /home/scott/mercer_garm/ros2/install/g_arm_msgs/share/g_arm_msgs/cmake/g_arm_msgs__rosidl_typesupport_introspection_cppExport.cmake
[19.678s] -- Installing: /home/scott/mercer_garm/ros2/install/g_arm_msgs/share/g_arm_msgs/cmake/g_arm_msgs__rosidl_typesupport_introspection_cppExport-noconfig.cmake
[19.678s] -- Installing: /home/scott/mercer_garm/ros2/install/g_arm_msgs/share/g_arm_msgs/cmake/g_arm_msgs__rosidl_typesupport_cppExport.cmake
[19.678s] -- Installing: /home/scott/mercer_garm/ros2/install/g_arm_msgs/share/g_arm_msgs/cmake/g_arm_msgs__rosidl_typesupport_cppExport-noconfig.cmake
[19.678s] -- Installing: /home/scott/mercer_garm/ros2/install/g_arm_msgs/share/g_arm_msgs/cmake/export_g_arm_msgs__rosidl_generator_pyExport.cmake
[19.678s] -- Installing: /home/scott/mercer_garm/ros2/install/g_arm_msgs/share/g_arm_msgs/cmake/export_g_arm_msgs__rosidl_generator_pyExport-noconfig.cmake
[19.679s] -- Installing: /home/scott/mercer_garm/ros2/install/g_arm_msgs/share/g_arm_msgs/cmake/rosidl_cmake-extras.cmake
[19.679s] -- Installing: /home/scott/mercer_garm/ros2/install/g_arm_msgs/share/g_arm_msgs/cmake/ament_cmake_export_dependencies-extras.cmake
[19.679s] -- Installing: /home/scott/mercer_garm/ros2/install/g_arm_msgs/share/g_arm_msgs/cmake/ament_cmake_export_include_directories-extras.cmake
[19.680s] -- Installing: /home/scott/mercer_garm/ros2/install/g_arm_msgs/share/g_arm_msgs/cmake/ament_cmake_export_libraries-extras.cmake
[19.680s] -- Installing: /home/scott/mercer_garm/ros2/install/g_arm_msgs/share/g_arm_msgs/cmake/ament_cmake_export_targets-extras.cmake
[19.680s] -- Installing: /home/scott/mercer_garm/ros2/install/g_arm_msgs/share/g_arm_msgs/cmake/rosidl_cmake_export_typesupport_targets-extras.cmake
[19.681s] -- Installing: /home/scott/mercer_garm/ros2/install/g_arm_msgs/share/g_arm_msgs/cmake/rosidl_cmake_export_typesupport_libraries-extras.cmake
[19.681s] -- Installing: /home/scott/mercer_garm/ros2/install/g_arm_msgs/share/g_arm_msgs/cmake/g_arm_msgsConfig.cmake
[19.681s] -- Installing: /home/scott/mercer_garm/ros2/install/g_arm_msgs/share/g_arm_msgs/cmake/g_arm_msgsConfig-version.cmake
[19.682s] -- Installing: /home/scott/mercer_garm/ros2/install/g_arm_msgs/share/g_arm_msgs/package.xml
[19.686s] Invoked command in '/home/scott/mercer_garm/ros2/build/g_arm_msgs' returned '0': CMAKE_PREFIX_PATH=${CMAKE_PREFIX_PATH}:/home/scott/mercer_garm/ros2/install/mercer_robot_commander_py:/home/scott/mercer_garm/ros2/install/mercer_g_arm_desktop_bringup:/home/scott/mercer_garm/ros2/install/mercer_g_arm_sim:/home/scott/mercer_garm/ros2/install/mercer_g_arm_rpi_bringup:/home/scott/mercer_garm/ros2/install/mercer_g_arm:/home/scott/mercer_garm/ros2/install/mercer_g-arm_rpi_bringup:/home/scott/mercer_garm/ros2/install/mercer_g-arm_desktop_bringup:/home/scott/mercer_garm/ros2/install/joy_js_pkg:/home/scott/mercer_garm/ros2/install/garm_motion_planning_demos:/home/scott/mercer_garm/ros2/install/g_arm_trajectory_bridge:/home/scott/mercer_garm/ros2/install/g_arm_python_examples:/home/scott/mercer_garm/ros2/install/g-arm_simulation:/home/scott/mercer_garm/ros2/install/g_arm:/home/scott/mercer_garm_ws/install/mercer_g_arm_desktop_bringup:/home/scott/mercer_garm_ws/install/mercer_robot_commander_py:/home/scott/mercer_garm_ws/install/mercer_g_arm_sim:/home/scott/mercer_garm_ws/install/mercer_g_arm_rpi_bringup:/home/scott/mercer_garm_ws/install/mercer_g_arm:/home/scott/mercer_garm_ws/install/mercer_g-arm_rpi_bringup:/home/scott/mercer_garm_ws/install/mercer_g-arm_desktop_bringup:/home/scott/mercer_garm_ws/install/joy_js_pkg:/home/scott/mercer_garm_ws/install/garm_motion_planning_demos:/home/scott/mercer_garm_ws/install/g_arm_trajectory_bridge:/home/scott/mercer_garm_ws/install/g_arm_python_examples:/home/scott/mercer_garm_ws/install/g-arm_simulation:/home/scott/mercer_garm_ws/install/g_arm:/home/scott/ros2_ws/install/joy_js_pkg:/home/scott/ros2_ws/install/garm_motion_planning_demos:/home/scott/ros2_ws/install/g_arm_trajectory_bridge:/home/scott/ros2_ws/install/g_arm_python_examples:/home/scott/ros2_ws/install/g-arm_simulation:/home/scott/ros2_ws/install/g_arm:/home/scott/ws_moveit/install/moveit_configs_utils:/opt/ros/jazzy DEBUGINFOD_URLS=https://debuginfod.ubuntu.com PS1=(ros2_venv) \[\e]0;\u@\h: \w\a\]${debian_chroot:+($debian_chroot)}\[\033[01;32m\]\u@\h\[\033[00m\]:\[\033[01;34m\]\w\[\033[00m\]\$ VIRTUAL_ENV_PROMPT=(ros2_venv) /snap/bin/cmake --install /home/scott/mercer_garm/ros2/build/g_arm_msgs
