-- Install configuration: ""
-- Up-to-date: /home/scott/mercer_garm/ros2/install/g_arm_description/share/g_arm_description/launch
-- Up-to-date: /home/scott/mercer_garm/ros2/install/g_arm_description/share/g_arm_description/launch/display.launch.py
-- Up-to-date: /home/scott/mercer_garm/ros2/install/g_arm_description/share/g_arm_description/launch/__pycache__
-- Up-to-date: /home/scott/mercer_garm/ros2/install/g_arm_description/share/g_arm_description/launch/__pycache__/display_tool.launch.cpython-312.pyc
-- Up-to-date: /home/scott/mercer_garm/ros2/install/g_arm_description/share/g_arm_description/launch/__pycache__/display.launch.cpython-312.pyc
-- Up-to-date: /home/scott/mercer_garm/ros2/install/g_arm_description/share/g_arm_description/launch/display_tool.launch.py
-- Up-to-date: /home/scott/mercer_garm/ros2/install/g_arm_description/share/g_arm_description/meshes
-- Up-to-date: /home/scott/mercer_garm/ros2/install/g_arm_description/share/g_arm_description/meshes/parallel_end_link1.stl
-- Up-to-date: /home/scott/mercer_garm/ros2/install/g_arm_description/share/g_arm_description/meshes/elbow.dae
-- Up-to-date: /home/scott/mercer_garm/ros2/install/g_arm_description/share/g_arm_description/meshes/base.dae
-- Up-to-date: /home/scott/mercer_garm/ros2/install/g_arm_description/share/g_arm_description/meshes/electromagnet.dae
-- Up-to-date: /home/scott/mercer_garm/ros2/install/g_arm_description/share/g_arm_description/meshes/link1.dae
-- Up-to-date: /home/scott/mercer_garm/ros2/install/g_arm_description/share/g_arm_description/meshes/link2.stl
-- Up-to-date: /home/scott/mercer_garm/ros2/install/g_arm_description/share/g_arm_description/meshes/link1.stl
-- Up-to-date: /home/scott/mercer_garm/ros2/install/g_arm_description/share/g_arm_description/meshes/parallel_end_link1.dae
-- Up-to-date: /home/scott/mercer_garm/ros2/install/g_arm_description/share/g_arm_description/meshes/link_j3_rod.dae
-- Up-to-date: /home/scott/mercer_garm/ros2/install/g_arm_description/share/g_arm_description/meshes/end.dae
-- Up-to-date: /home/scott/mercer_garm/ros2/install/g_arm_description/share/g_arm_description/meshes/motors.dae
-- Up-to-date: /home/scott/mercer_garm/ros2/install/g_arm_description/share/g_arm_description/meshes/link_j3_rod.stl
-- Up-to-date: /home/scott/mercer_garm/ros2/install/g_arm_description/share/g_arm_description/meshes/parallel_end_link2.dae
-- Up-to-date: /home/scott/mercer_garm/ros2/install/g_arm_description/share/g_arm_description/meshes/link_j3_lever.dae
-- Up-to-date: /home/scott/mercer_garm/ros2/install/g_arm_description/share/g_arm_description/meshes/link2.dae
-- Up-to-date: /home/scott/mercer_garm/ros2/install/g_arm_description/share/g_arm_description/meshes/elbow.stl
-- Up-to-date: /home/scott/mercer_garm/ros2/install/g_arm_description/share/g_arm_description/meshes/parallel_end_link2.stl
-- Up-to-date: /home/scott/mercer_garm/ros2/install/g_arm_description/share/g_arm_description/meshes/electromagnet.stl
-- Up-to-date: /home/scott/mercer_garm/ros2/install/g_arm_description/share/g_arm_description/meshes/end.stl
-- Up-to-date: /home/scott/mercer_garm/ros2/install/g_arm_description/share/g_arm_description/meshes/link_j3_lever.stl
-- Up-to-date: /home/scott/mercer_garm/ros2/install/g_arm_description/share/g_arm_description/meshes/motors.stl
-- Up-to-date: /home/scott/mercer_garm/ros2/install/g_arm_description/share/g_arm_description/rviz
-- Up-to-date: /home/scott/mercer_garm/ros2/install/g_arm_description/share/g_arm_description/rviz/urdf.rviz
-- Up-to-date: /home/scott/mercer_garm/ros2/install/g_arm_description/share/g_arm_description/urdf
-- Up-to-date: /home/scott/mercer_garm/ros2/install/g_arm_description/share/g_arm_description/urdf/robot_electromagnet.urdf.xacro
-- Up-to-date: /home/scott/mercer_garm/ros2/install/g_arm_description/share/g_arm_description/urdf/robot.urdf.xacro.backup
-- Up-to-date: /home/scott/mercer_garm/ros2/install/g_arm_description/share/g_arm_description/urdf/g_arm_ros2_control.xacro
-- Up-to-date: /home/scott/mercer_garm/ros2/install/g_arm_description/share/g_arm_description/urdf/robot.urdf
-- Up-to-date: /home/scott/mercer_garm/ros2/install/g_arm_description/share/g_arm_description/urdf/msa_qt_debug.log
-- Up-to-date: /home/scott/mercer_garm/ros2/install/g_arm_description/share/g_arm_description/urdf/robot_electromagnet.urdf
-- Up-to-date: /home/scott/mercer_garm/ros2/install/g_arm_description/share/g_arm_description/urdf/robot.urdf.xacro
-- Up-to-date: /home/scott/mercer_garm/ros2/install/g_arm_description/share/ament_index/resource_index/package_run_dependencies/g_arm_description
-- Up-to-date: /home/scott/mercer_garm/ros2/install/g_arm_description/share/ament_index/resource_index/parent_prefix_path/g_arm_description
-- Up-to-date: /home/scott/mercer_garm/ros2/install/g_arm_description/share/g_arm_description/environment/ament_prefix_path.sh
-- Up-to-date: /home/scott/mercer_garm/ros2/install/g_arm_description/share/g_arm_description/environment/ament_prefix_path.dsv
-- Up-to-date: /home/scott/mercer_garm/ros2/install/g_arm_description/share/g_arm_description/environment/path.sh
-- Up-to-date: /home/scott/mercer_garm/ros2/install/g_arm_description/share/g_arm_description/environment/path.dsv
-- Up-to-date: /home/scott/mercer_garm/ros2/install/g_arm_description/share/g_arm_description/local_setup.bash
-- Up-to-date: /home/scott/mercer_garm/ros2/install/g_arm_description/share/g_arm_description/local_setup.sh
-- Up-to-date: /home/scott/mercer_garm/ros2/install/g_arm_description/share/g_arm_description/local_setup.zsh
-- Up-to-date: /home/scott/mercer_garm/ros2/install/g_arm_description/share/g_arm_description/local_setup.dsv
-- Up-to-date: /home/scott/mercer_garm/ros2/install/g_arm_description/share/g_arm_description/package.dsv
-- Up-to-date: /home/scott/mercer_garm/ros2/install/g_arm_description/share/ament_index/resource_index/packages/g_arm_description
-- Up-to-date: /home/scott/mercer_garm/ros2/install/g_arm_description/share/g_arm_description/cmake/g_arm_descriptionConfig.cmake
-- Up-to-date: /home/scott/mercer_garm/ros2/install/g_arm_description/share/g_arm_description/cmake/g_arm_descriptionConfig-version.cmake
-- Up-to-date: /home/scott/mercer_garm/ros2/install/g_arm_description/share/g_arm_description/package.xml
