[0.155s] Invoking command in '/home/scott/mercer_garm/ros2/build/g_arm_description': CMAKE_PREFIX_PATH=${CMAKE_PREFIX_PATH}:/home/scott/mercer_garm/ros2/install/mercer_robot_commander_py:/home/scott/mercer_garm/ros2/install/mercer_g_arm_desktop_bringup:/home/scott/mercer_garm/ros2/install/mercer_g_arm_sim:/home/scott/mercer_garm/ros2/install/mercer_g_arm_rpi_bringup:/home/scott/mercer_garm/ros2/install/mercer_g_arm:/home/scott/mercer_garm/ros2/install/mercer_g-arm_rpi_bringup:/home/scott/mercer_garm/ros2/install/mercer_g-arm_desktop_bringup:/home/scott/mercer_garm/ros2/install/joy_js_pkg:/home/scott/mercer_garm/ros2/install/garm_motion_planning_demos:/home/scott/mercer_garm/ros2/install/g_arm_trajectory_bridge:/home/scott/mercer_garm/ros2/install/g_arm_python_examples:/home/scott/mercer_garm/ros2/install/g-arm_simulation:/home/scott/mercer_garm/ros2/install/g_arm:/home/scott/mercer_garm_ws/install/mercer_g_arm_desktop_bringup:/home/scott/mercer_garm_ws/install/mercer_robot_commander_py:/home/scott/mercer_garm_ws/install/mercer_g_arm_sim:/home/scott/mercer_garm_ws/install/mercer_g_arm_rpi_bringup:/home/scott/mercer_garm_ws/install/mercer_g_arm:/home/scott/mercer_garm_ws/install/mercer_g-arm_rpi_bringup:/home/scott/mercer_garm_ws/install/mercer_g-arm_desktop_bringup:/home/scott/mercer_garm_ws/install/joy_js_pkg:/home/scott/mercer_garm_ws/install/garm_motion_planning_demos:/home/scott/mercer_garm_ws/install/g_arm_trajectory_bridge:/home/scott/mercer_garm_ws/install/g_arm_python_examples:/home/scott/mercer_garm_ws/install/g-arm_simulation:/home/scott/mercer_garm_ws/install/g_arm:/home/scott/ros2_ws/install/joy_js_pkg:/home/scott/ros2_ws/install/garm_motion_planning_demos:/home/scott/ros2_ws/install/g_arm_trajectory_bridge:/home/scott/ros2_ws/install/g_arm_python_examples:/home/scott/ros2_ws/install/g-arm_simulation:/home/scott/ros2_ws/install/g_arm:/home/scott/ws_moveit/install/moveit_configs_utils:/opt/ros/jazzy DEBUGINFOD_URLS=https://debuginfod.ubuntu.com PS1=(ros2_venv) \[\e]0;\u@\h: \w\a\]${debian_chroot:+($debian_chroot)}\[\033[01;32m\]\u@\h\[\033[00m\]:\[\033[01;34m\]\w\[\033[00m\]\$ VIRTUAL_ENV_PROMPT=(ros2_venv) /snap/bin/cmake --build /home/scott/mercer_garm/ros2/build/g_arm_description -- -j4 -l4
[0.611s] Invoked command in '/home/scott/mercer_garm/ros2/build/g_arm_description' returned '0': CMAKE_PREFIX_PATH=${CMAKE_PREFIX_PATH}:/home/scott/mercer_garm/ros2/install/mercer_robot_commander_py:/home/scott/mercer_garm/ros2/install/mercer_g_arm_desktop_bringup:/home/scott/mercer_garm/ros2/install/mercer_g_arm_sim:/home/scott/mercer_garm/ros2/install/mercer_g_arm_rpi_bringup:/home/scott/mercer_garm/ros2/install/mercer_g_arm:/home/scott/mercer_garm/ros2/install/mercer_g-arm_rpi_bringup:/home/scott/mercer_garm/ros2/install/mercer_g-arm_desktop_bringup:/home/scott/mercer_garm/ros2/install/joy_js_pkg:/home/scott/mercer_garm/ros2/install/garm_motion_planning_demos:/home/scott/mercer_garm/ros2/install/g_arm_trajectory_bridge:/home/scott/mercer_garm/ros2/install/g_arm_python_examples:/home/scott/mercer_garm/ros2/install/g-arm_simulation:/home/scott/mercer_garm/ros2/install/g_arm:/home/scott/mercer_garm_ws/install/mercer_g_arm_desktop_bringup:/home/scott/mercer_garm_ws/install/mercer_robot_commander_py:/home/scott/mercer_garm_ws/install/mercer_g_arm_sim:/home/scott/mercer_garm_ws/install/mercer_g_arm_rpi_bringup:/home/scott/mercer_garm_ws/install/mercer_g_arm:/home/scott/mercer_garm_ws/install/mercer_g-arm_rpi_bringup:/home/scott/mercer_garm_ws/install/mercer_g-arm_desktop_bringup:/home/scott/mercer_garm_ws/install/joy_js_pkg:/home/scott/mercer_garm_ws/install/garm_motion_planning_demos:/home/scott/mercer_garm_ws/install/g_arm_trajectory_bridge:/home/scott/mercer_garm_ws/install/g_arm_python_examples:/home/scott/mercer_garm_ws/install/g-arm_simulation:/home/scott/mercer_garm_ws/install/g_arm:/home/scott/ros2_ws/install/joy_js_pkg:/home/scott/ros2_ws/install/garm_motion_planning_demos:/home/scott/ros2_ws/install/g_arm_trajectory_bridge:/home/scott/ros2_ws/install/g_arm_python_examples:/home/scott/ros2_ws/install/g-arm_simulation:/home/scott/ros2_ws/install/g_arm:/home/scott/ws_moveit/install/moveit_configs_utils:/opt/ros/jazzy DEBUGINFOD_URLS=https://debuginfod.ubuntu.com PS1=(ros2_venv) \[\e]0;\u@\h: \w\a\]${debian_chroot:+($debian_chroot)}\[\033[01;32m\]\u@\h\[\033[00m\]:\[\033[01;34m\]\w\[\033[00m\]\$ VIRTUAL_ENV_PROMPT=(ros2_venv) /snap/bin/cmake --build /home/scott/mercer_garm/ros2/build/g_arm_description -- -j4 -l4
[0.703s] Invoking command in '/home/scott/mercer_garm/ros2/build/g_arm_description': CMAKE_PREFIX_PATH=${CMAKE_PREFIX_PATH}:/home/scott/mercer_garm/ros2/install/mercer_robot_commander_py:/home/scott/mercer_garm/ros2/install/mercer_g_arm_desktop_bringup:/home/scott/mercer_garm/ros2/install/mercer_g_arm_sim:/home/scott/mercer_garm/ros2/install/mercer_g_arm_rpi_bringup:/home/scott/mercer_garm/ros2/install/mercer_g_arm:/home/scott/mercer_garm/ros2/install/mercer_g-arm_rpi_bringup:/home/scott/mercer_garm/ros2/install/mercer_g-arm_desktop_bringup:/home/scott/mercer_garm/ros2/install/joy_js_pkg:/home/scott/mercer_garm/ros2/install/garm_motion_planning_demos:/home/scott/mercer_garm/ros2/install/g_arm_trajectory_bridge:/home/scott/mercer_garm/ros2/install/g_arm_python_examples:/home/scott/mercer_garm/ros2/install/g-arm_simulation:/home/scott/mercer_garm/ros2/install/g_arm:/home/scott/mercer_garm_ws/install/mercer_g_arm_desktop_bringup:/home/scott/mercer_garm_ws/install/mercer_robot_commander_py:/home/scott/mercer_garm_ws/install/mercer_g_arm_sim:/home/scott/mercer_garm_ws/install/mercer_g_arm_rpi_bringup:/home/scott/mercer_garm_ws/install/mercer_g_arm:/home/scott/mercer_garm_ws/install/mercer_g-arm_rpi_bringup:/home/scott/mercer_garm_ws/install/mercer_g-arm_desktop_bringup:/home/scott/mercer_garm_ws/install/joy_js_pkg:/home/scott/mercer_garm_ws/install/garm_motion_planning_demos:/home/scott/mercer_garm_ws/install/g_arm_trajectory_bridge:/home/scott/mercer_garm_ws/install/g_arm_python_examples:/home/scott/mercer_garm_ws/install/g-arm_simulation:/home/scott/mercer_garm_ws/install/g_arm:/home/scott/ros2_ws/install/joy_js_pkg:/home/scott/ros2_ws/install/garm_motion_planning_demos:/home/scott/ros2_ws/install/g_arm_trajectory_bridge:/home/scott/ros2_ws/install/g_arm_python_examples:/home/scott/ros2_ws/install/g-arm_simulation:/home/scott/ros2_ws/install/g_arm:/home/scott/ws_moveit/install/moveit_configs_utils:/opt/ros/jazzy DEBUGINFOD_URLS=https://debuginfod.ubuntu.com PS1=(ros2_venv) \[\e]0;\u@\h: \w\a\]${debian_chroot:+($debian_chroot)}\[\033[01;32m\]\u@\h\[\033[00m\]:\[\033[01;34m\]\w\[\033[00m\]\$ VIRTUAL_ENV_PROMPT=(ros2_venv) /snap/bin/cmake --install /home/scott/mercer_garm/ros2/build/g_arm_description
[1.054s] -- Install configuration: ""
[1.054s] -- Up-to-date: /home/scott/mercer_garm/ros2/install/g_arm_description/share/g_arm_description/launch
[1.054s] -- Up-to-date: /home/scott/mercer_garm/ros2/install/g_arm_description/share/g_arm_description/launch/display.launch.py
[1.054s] -- Up-to-date: /home/scott/mercer_garm/ros2/install/g_arm_description/share/g_arm_description/launch/__pycache__
[1.054s] -- Up-to-date: /home/scott/mercer_garm/ros2/install/g_arm_description/share/g_arm_description/launch/__pycache__/display_tool.launch.cpython-312.pyc
[1.054s] -- Up-to-date: /home/scott/mercer_garm/ros2/install/g_arm_description/share/g_arm_description/launch/__pycache__/display.launch.cpython-312.pyc
[1.054s] -- Up-to-date: /home/scott/mercer_garm/ros2/install/g_arm_description/share/g_arm_description/launch/display_tool.launch.py
[1.054s] -- Up-to-date: /home/scott/mercer_garm/ros2/install/g_arm_description/share/g_arm_description/meshes
[1.054s] -- Up-to-date: /home/scott/mercer_garm/ros2/install/g_arm_description/share/g_arm_description/meshes/parallel_end_link1.stl
[1.055s] -- Up-to-date: /home/scott/mercer_garm/ros2/install/g_arm_description/share/g_arm_description/meshes/elbow.dae
[1.055s] -- Up-to-date: /home/scott/mercer_garm/ros2/install/g_arm_description/share/g_arm_description/meshes/base.dae
[1.055s] -- Up-to-date: /home/scott/mercer_garm/ros2/install/g_arm_description/share/g_arm_description/meshes/electromagnet.dae
[1.055s] -- Up-to-date: /home/scott/mercer_garm/ros2/install/g_arm_description/share/g_arm_description/meshes/link1.dae
[1.055s] -- Up-to-date: /home/scott/mercer_garm/ros2/install/g_arm_description/share/g_arm_description/meshes/link2.stl
[1.055s] -- Up-to-date: /home/scott/mercer_garm/ros2/install/g_arm_description/share/g_arm_description/meshes/link1.stl
[1.055s] -- Up-to-date: /home/scott/mercer_garm/ros2/install/g_arm_description/share/g_arm_description/meshes/parallel_end_link1.dae
[1.055s] -- Up-to-date: /home/scott/mercer_garm/ros2/install/g_arm_description/share/g_arm_description/meshes/link_j3_rod.dae
[1.055s] -- Up-to-date: /home/scott/mercer_garm/ros2/install/g_arm_description/share/g_arm_description/meshes/end.dae
[1.055s] -- Up-to-date: /home/scott/mercer_garm/ros2/install/g_arm_description/share/g_arm_description/meshes/motors.dae
[1.055s] -- Up-to-date: /home/scott/mercer_garm/ros2/install/g_arm_description/share/g_arm_description/meshes/link_j3_rod.stl
[1.055s] -- Up-to-date: /home/scott/mercer_garm/ros2/install/g_arm_description/share/g_arm_description/meshes/parallel_end_link2.dae
[1.055s] -- Up-to-date: /home/scott/mercer_garm/ros2/install/g_arm_description/share/g_arm_description/meshes/link_j3_lever.dae
[1.055s] -- Up-to-date: /home/scott/mercer_garm/ros2/install/g_arm_description/share/g_arm_description/meshes/link2.dae
[1.055s] -- Up-to-date: /home/scott/mercer_garm/ros2/install/g_arm_description/share/g_arm_description/meshes/elbow.stl
[1.056s] -- Up-to-date: /home/scott/mercer_garm/ros2/install/g_arm_description/share/g_arm_description/meshes/parallel_end_link2.stl
[1.056s] -- Up-to-date: /home/scott/mercer_garm/ros2/install/g_arm_description/share/g_arm_description/meshes/electromagnet.stl
[1.056s] -- Up-to-date: /home/scott/mercer_garm/ros2/install/g_arm_description/share/g_arm_description/meshes/end.stl
[1.056s] -- Up-to-date: /home/scott/mercer_garm/ros2/install/g_arm_description/share/g_arm_description/meshes/link_j3_lever.stl
[1.056s] -- Up-to-date: /home/scott/mercer_garm/ros2/install/g_arm_description/share/g_arm_description/meshes/motors.stl
[1.056s] -- Up-to-date: /home/scott/mercer_garm/ros2/install/g_arm_description/share/g_arm_description/rviz
[1.056s] -- Up-to-date: /home/scott/mercer_garm/ros2/install/g_arm_description/share/g_arm_description/rviz/urdf.rviz
[1.056s] -- Up-to-date: /home/scott/mercer_garm/ros2/install/g_arm_description/share/g_arm_description/urdf
[1.056s] -- Up-to-date: /home/scott/mercer_garm/ros2/install/g_arm_description/share/g_arm_description/urdf/robot_electromagnet.urdf.xacro
[1.056s] -- Up-to-date: /home/scott/mercer_garm/ros2/install/g_arm_description/share/g_arm_description/urdf/robot.urdf.xacro.backup
[1.056s] -- Up-to-date: /home/scott/mercer_garm/ros2/install/g_arm_description/share/g_arm_description/urdf/g_arm_ros2_control.xacro
[1.057s] -- Up-to-date: /home/scott/mercer_garm/ros2/install/g_arm_description/share/g_arm_description/urdf/robot.urdf
[1.057s] -- Up-to-date: /home/scott/mercer_garm/ros2/install/g_arm_description/share/g_arm_description/urdf/msa_qt_debug.log
[1.057s] -- Up-to-date: /home/scott/mercer_garm/ros2/install/g_arm_description/share/g_arm_description/urdf/robot_electromagnet.urdf
[1.057s] -- Up-to-date: /home/scott/mercer_garm/ros2/install/g_arm_description/share/g_arm_description/urdf/robot.urdf.xacro
[1.057s] -- Up-to-date: /home/scott/mercer_garm/ros2/install/g_arm_description/share/ament_index/resource_index/package_run_dependencies/g_arm_description
[1.057s] -- Up-to-date: /home/scott/mercer_garm/ros2/install/g_arm_description/share/ament_index/resource_index/parent_prefix_path/g_arm_description
[1.057s] -- Up-to-date: /home/scott/mercer_garm/ros2/install/g_arm_description/share/g_arm_description/environment/ament_prefix_path.sh
[1.057s] -- Up-to-date: /home/scott/mercer_garm/ros2/install/g_arm_description/share/g_arm_description/environment/ament_prefix_path.dsv
[1.057s] -- Up-to-date: /home/scott/mercer_garm/ros2/install/g_arm_description/share/g_arm_description/environment/path.sh
[1.057s] -- Up-to-date: /home/scott/mercer_garm/ros2/install/g_arm_description/share/g_arm_description/environment/path.dsv
[1.058s] -- Up-to-date: /home/scott/mercer_garm/ros2/install/g_arm_description/share/g_arm_description/local_setup.bash
[1.058s] -- Up-to-date: /home/scott/mercer_garm/ros2/install/g_arm_description/share/g_arm_description/local_setup.sh
[1.058s] -- Up-to-date: /home/scott/mercer_garm/ros2/install/g_arm_description/share/g_arm_description/local_setup.zsh
[1.058s] -- Up-to-date: /home/scott/mercer_garm/ros2/install/g_arm_description/share/g_arm_description/local_setup.dsv
[1.058s] -- Up-to-date: /home/scott/mercer_garm/ros2/install/g_arm_description/share/g_arm_description/package.dsv
[1.058s] -- Up-to-date: /home/scott/mercer_garm/ros2/install/g_arm_description/share/ament_index/resource_index/packages/g_arm_description
[1.058s] -- Up-to-date: /home/scott/mercer_garm/ros2/install/g_arm_description/share/g_arm_description/cmake/g_arm_descriptionConfig.cmake
[1.058s] -- Up-to-date: /home/scott/mercer_garm/ros2/install/g_arm_description/share/g_arm_description/cmake/g_arm_descriptionConfig-version.cmake
[1.058s] -- Up-to-date: /home/scott/mercer_garm/ros2/install/g_arm_description/share/g_arm_description/package.xml
[1.060s] Invoked command in '/home/scott/mercer_garm/ros2/build/g_arm_description' returned '0': CMAKE_PREFIX_PATH=${CMAKE_PREFIX_PATH}:/home/scott/mercer_garm/ros2/install/mercer_robot_commander_py:/home/scott/mercer_garm/ros2/install/mercer_g_arm_desktop_bringup:/home/scott/mercer_garm/ros2/install/mercer_g_arm_sim:/home/scott/mercer_garm/ros2/install/mercer_g_arm_rpi_bringup:/home/scott/mercer_garm/ros2/install/mercer_g_arm:/home/scott/mercer_garm/ros2/install/mercer_g-arm_rpi_bringup:/home/scott/mercer_garm/ros2/install/mercer_g-arm_desktop_bringup:/home/scott/mercer_garm/ros2/install/joy_js_pkg:/home/scott/mercer_garm/ros2/install/garm_motion_planning_demos:/home/scott/mercer_garm/ros2/install/g_arm_trajectory_bridge:/home/scott/mercer_garm/ros2/install/g_arm_python_examples:/home/scott/mercer_garm/ros2/install/g-arm_simulation:/home/scott/mercer_garm/ros2/install/g_arm:/home/scott/mercer_garm_ws/install/mercer_g_arm_desktop_bringup:/home/scott/mercer_garm_ws/install/mercer_robot_commander_py:/home/scott/mercer_garm_ws/install/mercer_g_arm_sim:/home/scott/mercer_garm_ws/install/mercer_g_arm_rpi_bringup:/home/scott/mercer_garm_ws/install/mercer_g_arm:/home/scott/mercer_garm_ws/install/mercer_g-arm_rpi_bringup:/home/scott/mercer_garm_ws/install/mercer_g-arm_desktop_bringup:/home/scott/mercer_garm_ws/install/joy_js_pkg:/home/scott/mercer_garm_ws/install/garm_motion_planning_demos:/home/scott/mercer_garm_ws/install/g_arm_trajectory_bridge:/home/scott/mercer_garm_ws/install/g_arm_python_examples:/home/scott/mercer_garm_ws/install/g-arm_simulation:/home/scott/mercer_garm_ws/install/g_arm:/home/scott/ros2_ws/install/joy_js_pkg:/home/scott/ros2_ws/install/garm_motion_planning_demos:/home/scott/ros2_ws/install/g_arm_trajectory_bridge:/home/scott/ros2_ws/install/g_arm_python_examples:/home/scott/ros2_ws/install/g-arm_simulation:/home/scott/ros2_ws/install/g_arm:/home/scott/ws_moveit/install/moveit_configs_utils:/opt/ros/jazzy DEBUGINFOD_URLS=https://debuginfod.ubuntu.com PS1=(ros2_venv) \[\e]0;\u@\h: \w\a\]${debian_chroot:+($debian_chroot)}\[\033[01;32m\]\u@\h\[\033[00m\]:\[\033[01;34m\]\w\[\033[00m\]\$ VIRTUAL_ENV_PROMPT=(ros2_venv) /snap/bin/cmake --install /home/scott/mercer_garm/ros2/build/g_arm_description
