[1.548s] Invoking command in '/home/scott/mercer_garm/ros2/src/mercer_g_arm': DEBUGINFOD_URLS=https://debuginfod.ubuntu.com PS1=(ros2_venv) \[\e]0;\u@\h: \w\a\]${debian_chroot:+($debian_chroot)}\[\033[01;32m\]\u@\h\[\033[00m\]:\[\033[01;34m\]\w\[\033[00m\]\$ PYTHONPATH=/home/scott/mercer_garm/ros2/build/mercer_g_arm/prefix_override:/usr/lib/python3/dist-packages/colcon_core/task/python/colcon_distutils_commands:/home/scott/mercer_garm/ros2/install/mercer_g_arm/lib/python3.12/site-packages:${PYTHONPATH} VIRTUAL_ENV_PROMPT=(ros2_venv) /usr/bin/python3 -W ignore:setup.py install is deprecated -W ignore:easy_install command is deprecated setup.py egg_info --egg-base ../../build/mercer_g_arm build --build-base /home/scott/mercer_garm/ros2/build/mercer_g_arm/build install --record /home/scott/mercer_garm/ros2/build/mercer_g_arm/install.log --single-version-externally-managed install_data
[2.051s] running egg_info
[2.102s] writing ../../build/mercer_g_arm/mercer_g_arm.egg-info/PKG-INFO
[2.102s] writing dependency_links to ../../build/mercer_g_arm/mercer_g_arm.egg-info/dependency_links.txt
[2.103s] writing entry points to ../../build/mercer_g_arm/mercer_g_arm.egg-info/entry_points.txt
[2.104s] writing requirements to ../../build/mercer_g_arm/mercer_g_arm.egg-info/requires.txt
[2.104s] writing top-level names to ../../build/mercer_g_arm/mercer_g_arm.egg-info/top_level.txt
[2.198s] reading manifest file '../../build/mercer_g_arm/mercer_g_arm.egg-info/SOURCES.txt'
[2.201s] writing manifest file '../../build/mercer_g_arm/mercer_g_arm.egg-info/SOURCES.txt'
[2.201s] running build
[2.201s] running build_py
[2.201s] running install
[2.208s] running install_lib
[2.258s] running install_data
[2.258s] running install_egg_info
[2.311s] removing '/home/scott/mercer_garm/ros2/install/mercer_g_arm/lib/python3.12/site-packages/mercer_g_arm-0.0.0-py3.12.egg-info' (and everything under it)
[2.311s] Copying ../../build/mercer_g_arm/mercer_g_arm.egg-info to /home/scott/mercer_garm/ros2/install/mercer_g_arm/lib/python3.12/site-packages/mercer_g_arm-0.0.0-py3.12.egg-info
[2.323s] running install_scripts
[2.582s] Installing driver script to /home/scott/mercer_garm/ros2/install/mercer_g_arm/lib/mercer_g_arm
[2.583s] writing list of installed files to '/home/scott/mercer_garm/ros2/build/mercer_g_arm/install.log'
[2.630s] Invoked command in '/home/scott/mercer_garm/ros2/src/mercer_g_arm' returned '0': DEBUGINFOD_URLS=https://debuginfod.ubuntu.com PS1=(ros2_venv) \[\e]0;\u@\h: \w\a\]${debian_chroot:+($debian_chroot)}\[\033[01;32m\]\u@\h\[\033[00m\]:\[\033[01;34m\]\w\[\033[00m\]\$ PYTHONPATH=/home/scott/mercer_garm/ros2/build/mercer_g_arm/prefix_override:/usr/lib/python3/dist-packages/colcon_core/task/python/colcon_distutils_commands:/home/scott/mercer_garm/ros2/install/mercer_g_arm/lib/python3.12/site-packages:${PYTHONPATH} VIRTUAL_ENV_PROMPT=(ros2_venv) /usr/bin/python3 -W ignore:setup.py install is deprecated -W ignore:easy_install command is deprecated setup.py egg_info --egg-base ../../build/mercer_g_arm build --build-base /home/scott/mercer_garm/ros2/build/mercer_g_arm/build install --record /home/scott/mercer_garm/ros2/build/mercer_g_arm/install.log --single-version-externally-managed install_data
