[100%] Built target mercer_g_arm_topic_hw
-- Install configuration: ""
-- Up-to-date: /home/scott/mercer_garm/ros2/install/mercer_g_arm_topic_hw/share/mercer_g_arm_topic_hw/mercer_g_arm_topic_hw_plugins.xml
-- Up-to-date: /home/scott/mercer_garm/ros2/install/mercer_g_arm_topic_hw/lib/libmercer_g_arm_topic_hw.so
-- Up-to-date: /home/scott/mercer_garm/ros2/install/mercer_g_arm_topic_hw/include/
-- Up-to-date: /home/scott/mercer_garm/ros2/install/mercer_g_arm_topic_hw/include//mercer_g_arm_topic_hw
-- Up-to-date: /home/scott/mercer_garm/ros2/install/mercer_g_arm_topic_hw/include//mercer_g_arm_topic_hw/topic_system.hpp
-- Up-to-date: /home/scott/mercer_garm/ros2/install/mercer_g_arm_topic_hw/share/mercer_g_arm_topic_hw/mercer_g_arm_topic_hw_plugins.xml
-- Up-to-date: /home/scott/mercer_garm/ros2/install/mercer_g_arm_topic_hw/share/mercer_g_arm_topic_hw/launch
-- Up-to-date: /home/scott/mercer_garm/ros2/install/mercer_g_arm_topic_hw/share/mercer_g_arm_topic_hw/launch/topic_hw.launch.py
-- Up-to-date: /home/scott/mercer_garm/ros2/install/mercer_g_arm_topic_hw/share/ament_index/resource_index/package_run_dependencies/mercer_g_arm_topic_hw
-- Up-to-date: /home/scott/mercer_garm/ros2/install/mercer_g_arm_topic_hw/share/ament_index/resource_index/parent_prefix_path/mercer_g_arm_topic_hw
-- Up-to-date: /home/scott/mercer_garm/ros2/install/mercer_g_arm_topic_hw/share/mercer_g_arm_topic_hw/environment/ament_prefix_path.sh
-- Up-to-date: /home/scott/mercer_garm/ros2/install/mercer_g_arm_topic_hw/share/mercer_g_arm_topic_hw/environment/ament_prefix_path.dsv
-- Up-to-date: /home/scott/mercer_garm/ros2/install/mercer_g_arm_topic_hw/share/mercer_g_arm_topic_hw/environment/path.sh
-- Up-to-date: /home/scott/mercer_garm/ros2/install/mercer_g_arm_topic_hw/share/mercer_g_arm_topic_hw/environment/path.dsv
-- Up-to-date: /home/scott/mercer_garm/ros2/install/mercer_g_arm_topic_hw/share/mercer_g_arm_topic_hw/local_setup.bash
-- Up-to-date: /home/scott/mercer_garm/ros2/install/mercer_g_arm_topic_hw/share/mercer_g_arm_topic_hw/local_setup.sh
-- Up-to-date: /home/scott/mercer_garm/ros2/install/mercer_g_arm_topic_hw/share/mercer_g_arm_topic_hw/local_setup.zsh
-- Up-to-date: /home/scott/mercer_garm/ros2/install/mercer_g_arm_topic_hw/share/mercer_g_arm_topic_hw/local_setup.dsv
-- Installing: /home/scott/mercer_garm/ros2/install/mercer_g_arm_topic_hw/share/mercer_g_arm_topic_hw/package.dsv
-- Up-to-date: /home/scott/mercer_garm/ros2/install/mercer_g_arm_topic_hw/share/ament_index/resource_index/packages/mercer_g_arm_topic_hw
-- Up-to-date: /home/scott/mercer_garm/ros2/install/mercer_g_arm_topic_hw/share/ament_index/resource_index/hardware_interface__pluginlib__plugin/mercer_g_arm_topic_hw
-- Up-to-date: /home/scott/mercer_garm/ros2/install/mercer_g_arm_topic_hw/share/mercer_g_arm_topic_hw/cmake/mercer_g_arm_topic_hwConfig.cmake
-- Up-to-date: /home/scott/mercer_garm/ros2/install/mercer_g_arm_topic_hw/share/mercer_g_arm_topic_hw/cmake/mercer_g_arm_topic_hwConfig-version.cmake
-- Up-to-date: /home/scott/mercer_garm/ros2/install/mercer_g_arm_topic_hw/share/mercer_g_arm_topic_hw/package.xml
