running egg_info
creating ../../build/garm_motion_planning_demos/garm_motion_planning_demos.egg-info
writing ../../build/garm_motion_planning_demos/garm_motion_planning_demos.egg-info/PKG-INFO
writing dependency_links to ../../build/garm_motion_planning_demos/garm_motion_planning_demos.egg-info/dependency_links.txt
writing entry points to ../../build/garm_motion_planning_demos/garm_motion_planning_demos.egg-info/entry_points.txt
writing requirements to ../../build/garm_motion_planning_demos/garm_motion_planning_demos.egg-info/requires.txt
writing top-level names to ../../build/garm_motion_planning_demos/garm_motion_planning_demos.egg-info/top_level.txt
writing manifest file '../../build/garm_motion_planning_demos/garm_motion_planning_demos.egg-info/SOURCES.txt'
reading manifest file '../../build/garm_motion_planning_demos/garm_motion_planning_demos.egg-info/SOURCES.txt'
writing manifest file '../../build/garm_motion_planning_demos/garm_motion_planning_demos.egg-info/SOURCES.txt'
running build
running build_py
creating /home/scott/mercer_garm/ros2/build/garm_motion_planning_demos/build
creating /home/scott/mercer_garm/ros2/build/garm_motion_planning_demos/build/lib
creating /home/scott/mercer_garm/ros2/build/garm_motion_planning_demos/build/lib/garm_motion_planning_demos
copying garm_motion_planning_demos/garm_motion_planning_node.py -> /home/scott/mercer_garm/ros2/build/garm_motion_planning_demos/build/lib/garm_motion_planning_demos
copying garm_motion_planning_demos/__init__.py -> /home/scott/mercer_garm/ros2/build/garm_motion_planning_demos/build/lib/garm_motion_planning_demos
copying garm_motion_planning_demos/garm_example_moveitpy.py -> /home/scott/mercer_garm/ros2/build/garm_motion_planning_demos/build/lib/garm_motion_planning_demos
running install
running install_lib
creating /home/scott/mercer_garm/ros2/install/garm_motion_planning_demos/lib/python3.12/site-packages/garm_motion_planning_demos
copying /home/scott/mercer_garm/ros2/build/garm_motion_planning_demos/build/lib/garm_motion_planning_demos/garm_motion_planning_node.py -> /home/scott/mercer_garm/ros2/install/garm_motion_planning_demos/lib/python3.12/site-packages/garm_motion_planning_demos
copying /home/scott/mercer_garm/ros2/build/garm_motion_planning_demos/build/lib/garm_motion_planning_demos/__init__.py -> /home/scott/mercer_garm/ros2/install/garm_motion_planning_demos/lib/python3.12/site-packages/garm_motion_planning_demos
copying /home/scott/mercer_garm/ros2/build/garm_motion_planning_demos/build/lib/garm_motion_planning_demos/garm_example_moveitpy.py -> /home/scott/mercer_garm/ros2/install/garm_motion_planning_demos/lib/python3.12/site-packages/garm_motion_planning_demos
byte-compiling /home/scott/mercer_garm/ros2/install/garm_motion_planning_demos/lib/python3.12/site-packages/garm_motion_planning_demos/garm_motion_planning_node.py to garm_motion_planning_node.cpython-312.pyc
byte-compiling /home/scott/mercer_garm/ros2/install/garm_motion_planning_demos/lib/python3.12/site-packages/garm_motion_planning_demos/__init__.py to __init__.cpython-312.pyc
byte-compiling /home/scott/mercer_garm/ros2/install/garm_motion_planning_demos/lib/python3.12/site-packages/garm_motion_planning_demos/garm_example_moveitpy.py to garm_example_moveitpy.cpython-312.pyc
running install_data
creating /home/scott/mercer_garm/ros2/install/garm_motion_planning_demos/share/ament_index
creating /home/scott/mercer_garm/ros2/install/garm_motion_planning_demos/share/ament_index/resource_index
creating /home/scott/mercer_garm/ros2/install/garm_motion_planning_demos/share/ament_index/resource_index/packages
copying resource/garm_motion_planning_demos -> /home/scott/mercer_garm/ros2/install/garm_motion_planning_demos/share/ament_index/resource_index/packages
copying package.xml -> /home/scott/mercer_garm/ros2/install/garm_motion_planning_demos/share/garm_motion_planning_demos
creating /home/scott/mercer_garm/ros2/install/garm_motion_planning_demos/share/garm_motion_planning_demos/launch
copying launch/garm_motion_planning.launch.py -> /home/scott/mercer_garm/ros2/install/garm_motion_planning_demos/share/garm_motion_planning_demos/launch
running install_egg_info
Copying ../../build/garm_motion_planning_demos/garm_motion_planning_demos.egg-info to /home/scott/mercer_garm/ros2/install/garm_motion_planning_demos/lib/python3.12/site-packages/garm_motion_planning_demos-0.0.0-py3.12.egg-info
running install_scripts
Installing garm_motion_planning_node script to /home/scott/mercer_garm/ros2/install/garm_motion_planning_demos/lib/garm_motion_planning_demos
writing list of installed files to '/home/scott/mercer_garm/ros2/build/garm_motion_planning_demos/install.log'
