[1.714s] Invoking command in '/home/scott/mercer_garm/ros2/src/garm_motion_planning_demos': DEBUGINFOD_URLS=https://debuginfod.ubuntu.com PS1=(ros2_venv) \[\e]0;\u@\h: \w\a\]${debian_chroot:+($debian_chroot)}\[\033[01;32m\]\u@\h\[\033[00m\]:\[\033[01;34m\]\w\[\033[00m\]\$ PYTHONPATH=/home/scott/mercer_garm/ros2/build/garm_motion_planning_demos/prefix_override:/usr/lib/python3/dist-packages/colcon_core/task/python/colcon_distutils_commands:/home/scott/mercer_garm/ros2/install/garm_motion_planning_demos/lib/python3.12/site-packages:${PYTHONPATH} VIRTUAL_ENV_PROMPT=(ros2_venv) /usr/bin/python3 -W ignore:setup.py install is deprecated -W ignore:easy_install command is deprecated setup.py egg_info --egg-base ../../build/garm_motion_planning_demos build --build-base /home/scott/mercer_garm/ros2/build/garm_motion_planning_demos/build install --record /home/scott/mercer_garm/ros2/build/garm_motion_planning_demos/install.log --single-version-externally-managed install_data
[2.182s] running egg_info
[2.182s] creating ../../build/garm_motion_planning_demos/garm_motion_planning_demos.egg-info
[2.224s] writing ../../build/garm_motion_planning_demos/garm_motion_planning_demos.egg-info/PKG-INFO
[2.225s] writing dependency_links to ../../build/garm_motion_planning_demos/garm_motion_planning_demos.egg-info/dependency_links.txt
[2.225s] writing entry points to ../../build/garm_motion_planning_demos/garm_motion_planning_demos.egg-info/entry_points.txt
[2.225s] writing requirements to ../../build/garm_motion_planning_demos/garm_motion_planning_demos.egg-info/requires.txt
[2.225s] writing top-level names to ../../build/garm_motion_planning_demos/garm_motion_planning_demos.egg-info/top_level.txt
[2.225s] writing manifest file '../../build/garm_motion_planning_demos/garm_motion_planning_demos.egg-info/SOURCES.txt'
[2.306s] reading manifest file '../../build/garm_motion_planning_demos/garm_motion_planning_demos.egg-info/SOURCES.txt'
[2.307s] writing manifest file '../../build/garm_motion_planning_demos/garm_motion_planning_demos.egg-info/SOURCES.txt'
[2.307s] running build
[2.307s] running build_py
[2.308s] creating /home/scott/mercer_garm/ros2/build/garm_motion_planning_demos/build
[2.308s] creating /home/scott/mercer_garm/ros2/build/garm_motion_planning_demos/build/lib
[2.308s] creating /home/scott/mercer_garm/ros2/build/garm_motion_planning_demos/build/lib/garm_motion_planning_demos
[2.308s] copying garm_motion_planning_demos/garm_motion_planning_node.py -> /home/scott/mercer_garm/ros2/build/garm_motion_planning_demos/build/lib/garm_motion_planning_demos
[2.309s] copying garm_motion_planning_demos/__init__.py -> /home/scott/mercer_garm/ros2/build/garm_motion_planning_demos/build/lib/garm_motion_planning_demos
[2.309s] copying garm_motion_planning_demos/garm_example_moveitpy.py -> /home/scott/mercer_garm/ros2/build/garm_motion_planning_demos/build/lib/garm_motion_planning_demos
[2.309s] running install
[2.315s] running install_lib
[2.356s] creating /home/scott/mercer_garm/ros2/install/garm_motion_planning_demos/lib/python3.12/site-packages/garm_motion_planning_demos
[2.356s] copying /home/scott/mercer_garm/ros2/build/garm_motion_planning_demos/build/lib/garm_motion_planning_demos/garm_motion_planning_node.py -> /home/scott/mercer_garm/ros2/install/garm_motion_planning_demos/lib/python3.12/site-packages/garm_motion_planning_demos
[2.356s] copying /home/scott/mercer_garm/ros2/build/garm_motion_planning_demos/build/lib/garm_motion_planning_demos/__init__.py -> /home/scott/mercer_garm/ros2/install/garm_motion_planning_demos/lib/python3.12/site-packages/garm_motion_planning_demos
[2.357s] copying /home/scott/mercer_garm/ros2/build/garm_motion_planning_demos/build/lib/garm_motion_planning_demos/garm_example_moveitpy.py -> /home/scott/mercer_garm/ros2/install/garm_motion_planning_demos/lib/python3.12/site-packages/garm_motion_planning_demos
[2.357s] byte-compiling /home/scott/mercer_garm/ros2/install/garm_motion_planning_demos/lib/python3.12/site-packages/garm_motion_planning_demos/garm_motion_planning_node.py to garm_motion_planning_node.cpython-312.pyc
[2.358s] byte-compiling /home/scott/mercer_garm/ros2/install/garm_motion_planning_demos/lib/python3.12/site-packages/garm_motion_planning_demos/__init__.py to __init__.cpython-312.pyc
[2.359s] byte-compiling /home/scott/mercer_garm/ros2/install/garm_motion_planning_demos/lib/python3.12/site-packages/garm_motion_planning_demos/garm_example_moveitpy.py to garm_example_moveitpy.cpython-312.pyc
[2.362s] running install_data
[2.362s] creating /home/scott/mercer_garm/ros2/install/garm_motion_planning_demos/share/ament_index
[2.362s] creating /home/scott/mercer_garm/ros2/install/garm_motion_planning_demos/share/ament_index/resource_index
[2.363s] creating /home/scott/mercer_garm/ros2/install/garm_motion_planning_demos/share/ament_index/resource_index/packages
[2.363s] copying resource/garm_motion_planning_demos -> /home/scott/mercer_garm/ros2/install/garm_motion_planning_demos/share/ament_index/resource_index/packages
[2.363s] copying package.xml -> /home/scott/mercer_garm/ros2/install/garm_motion_planning_demos/share/garm_motion_planning_demos
[2.363s] creating /home/scott/mercer_garm/ros2/install/garm_motion_planning_demos/share/garm_motion_planning_demos/launch
[2.363s] copying launch/garm_motion_planning.launch.py -> /home/scott/mercer_garm/ros2/install/garm_motion_planning_demos/share/garm_motion_planning_demos/launch
[2.363s] running install_egg_info
[2.403s] Copying ../../build/garm_motion_planning_demos/garm_motion_planning_demos.egg-info to /home/scott/mercer_garm/ros2/install/garm_motion_planning_demos/lib/python3.12/site-packages/garm_motion_planning_demos-0.0.0-py3.12.egg-info
[2.403s] running install_scripts
[2.645s] Installing garm_motion_planning_node script to /home/scott/mercer_garm/ros2/install/garm_motion_planning_demos/lib/garm_motion_planning_demos
[2.645s] writing list of installed files to '/home/scott/mercer_garm/ros2/build/garm_motion_planning_demos/install.log'
[2.721s] Invoked command in '/home/scott/mercer_garm/ros2/src/garm_motion_planning_demos' returned '0': DEBUGINFOD_URLS=https://debuginfod.ubuntu.com PS1=(ros2_venv) \[\e]0;\u@\h: \w\a\]${debian_chroot:+($debian_chroot)}\[\033[01;32m\]\u@\h\[\033[00m\]:\[\033[01;34m\]\w\[\033[00m\]\$ PYTHONPATH=/home/scott/mercer_garm/ros2/build/garm_motion_planning_demos/prefix_override:/usr/lib/python3/dist-packages/colcon_core/task/python/colcon_distutils_commands:/home/scott/mercer_garm/ros2/install/garm_motion_planning_demos/lib/python3.12/site-packages:${PYTHONPATH} VIRTUAL_ENV_PROMPT=(ros2_venv) /usr/bin/python3 -W ignore:setup.py install is deprecated -W ignore:easy_install command is deprecated setup.py egg_info --egg-base ../../build/garm_motion_planning_demos build --build-base /home/scott/mercer_garm/ros2/build/garm_motion_planning_demos/build install --record /home/scott/mercer_garm/ros2/build/garm_motion_planning_demos/install.log --single-version-externally-managed install_data
