-- The C compiler identification is GNU 13.3.0
-- The CXX compiler identification is GNU 13.3.0
-- Detecting C compiler ABI info
-- Detecting C compiler ABI info - done
-- Check for working C compiler: /usr/bin/cc - skipped
-- Detecting C compile features
-- Detecting C compile features - done
-- Detecting CXX compiler ABI info
-- Detecting CXX compiler ABI info - done
-- Check for working CXX compiler: /usr/bin/c++ - skipped
-- Detecting CXX compile features
-- Detecting CXX compile features - done
-- Found ament_cmake: 2.5.5 (/opt/ros/jazzy/share/ament_cmake/cmake)
-- Found Python3: /home/scott/ros2_venv/bin/python3 (found version "3.12.3") found components: Interpreter
-- Found rosidl_default_generators: 1.6.0 (/opt/ros/jazzy/share/rosidl_default_generators/cmake)
-- Using all available rosidl_typesupport_c: rosidl_typesupport_fastrtps_c;rosidl_typesupport_introspection_c
-- Using all available rosidl_typesupport_cpp: rosidl_typesupport_fastrtps_cpp;rosidl_typesupport_introspection_cpp
-- Found rosidl_adapter: 4.6.7 (/opt/ros/jazzy/share/rosidl_adapter/cmake)
-- Found action_msgs: 2.0.3 (/opt/ros/jazzy/share/action_msgs/cmake)
-- Found ament_cmake_ros: 0.12.0 (/opt/ros/jazzy/share/ament_cmake_ros/cmake)
-- Using all available rosidl_typesupport_c: rosidl_typesupport_fastrtps_c;rosidl_typesupport_introspection_c
-- Using all available rosidl_typesupport_cpp: rosidl_typesupport_fastrtps_cpp;rosidl_typesupport_introspection_cpp
-- Found python_cmake_module: 0.11.1 (/opt/ros/jazzy/share/python_cmake_module/cmake)
-- Found PythonExtra: /home/scott/ros2_venv/bin/python3
-- Found Python3: /home/scott/ros2_venv/bin/python3 (found version "3.12.3") found components: Interpreter Development NumPy Development.Module Development.Embed
-- Configuring done (4.7s)
-- Generating done (0.1s)
-- Build files have been written to: /home/scott/mercer_garm/ros2/build/pi_gpio_interface
[  2%] [1m[34mGenerating type hashes for ROS interfaces[0m
[  2%] Built target ament_cmake_python_copy_pi_gpio_interface
[  2%] Built target pi_gpio_interface__rosidl_generator_type_description
[  5%] [1m[34mGenerating C code for ROS interfaces[0m
[  8%] [1m[34mGenerating C++ code for ROS interfaces[0m
[ 11%] [32mBuilding C object CMakeFiles/pi_gpio_interface__rosidl_generator_c.dir/rosidl_generator_c/pi_gpio_interface/action/detail/gpio__description.c.o[0m
[ 14%] [32mBuilding C object CMakeFiles/pi_gpio_interface__rosidl_generator_c.dir/rosidl_generator_c/pi_gpio_interface/action/detail/gpio__functions.c.o[0m
[ 14%] Built target pi_gpio_interface__cpp
[ 17%] [32mBuilding C object CMakeFiles/pi_gpio_interface__rosidl_generator_c.dir/rosidl_generator_c/pi_gpio_interface/action/detail/gpio__type_support.c.o[0m
running egg_info
creating pi_gpio_interface.egg-info
writing pi_gpio_interface.egg-info/PKG-INFO
writing dependency_links to pi_gpio_interface.egg-info/dependency_links.txt
writing top-level names to pi_gpio_interface.egg-info/top_level.txt
writing manifest file 'pi_gpio_interface.egg-info/SOURCES.txt'
reading manifest file 'pi_gpio_interface.egg-info/SOURCES.txt'
writing manifest file 'pi_gpio_interface.egg-info/SOURCES.txt'
[ 17%] Built target ament_cmake_python_build_pi_gpio_interface_egg
[ 20%] [1m[32mLinking C shared library libpi_gpio_interface__rosidl_generator_c.so[0m
[ 20%] Built target pi_gpio_interface__rosidl_generator_c
[ 23%] [1m[34mGenerating C++ type support for eProsima Fast-RTPS[0m
[ 26%] [1m[34mGenerating C type support for eProsima Fast-RTPS[0m
[ 29%] [1m[34mGenerating C++ type support dispatch for ROS interfaces[0m
[ 32%] [1m[34mGenerating C++ introspection for ROS interfaces[0m
[ 35%] [32mBuilding CXX object CMakeFiles/pi_gpio_interface__rosidl_typesupport_cpp.dir/rosidl_typesupport_cpp/pi_gpio_interface/action/gpio__type_support.cpp.o[0m
[ 38%] [32mBuilding CXX object CMakeFiles/pi_gpio_interface__rosidl_typesupport_introspection_cpp.dir/rosidl_typesupport_introspection_cpp/pi_gpio_interface/action/detail/gpio__type_support.cpp.o[0m
[ 41%] [32mBuilding CXX object CMakeFiles/pi_gpio_interface__rosidl_typesupport_fastrtps_cpp.dir/rosidl_typesupport_fastrtps_cpp/pi_gpio_interface/action/detail/dds_fastrtps/gpio__type_support.cpp.o[0m
[ 44%] [32mBuilding CXX object CMakeFiles/pi_gpio_interface__rosidl_typesupport_fastrtps_c.dir/rosidl_typesupport_fastrtps_c/pi_gpio_interface/action/detail/gpio__type_support_c.cpp.o[0m
[ 47%] [1m[32mLinking CXX shared library libpi_gpio_interface__rosidl_typesupport_fastrtps_c.so[0m
[ 50%] [1m[32mLinking CXX shared library libpi_gpio_interface__rosidl_typesupport_cpp.so[0m
[ 52%] [1m[32mLinking CXX shared library libpi_gpio_interface__rosidl_typesupport_introspection_cpp.so[0m
[ 55%] [1m[32mLinking CXX shared library libpi_gpio_interface__rosidl_typesupport_fastrtps_cpp.so[0m
[ 55%] Built target pi_gpio_interface__rosidl_typesupport_introspection_cpp
[ 55%] Built target pi_gpio_interface__rosidl_typesupport_fastrtps_c
[ 55%] Built target pi_gpio_interface__rosidl_typesupport_fastrtps_cpp
[ 58%] [1m[34mGenerating C introspection for ROS interfaces[0m
[ 61%] [1m[34mGenerating C type support dispatch for ROS interfaces[0m
[ 61%] Built target pi_gpio_interface__rosidl_typesupport_cpp
[ 64%] [32mBuilding CXX object CMakeFiles/pi_gpio_interface__rosidl_typesupport_c.dir/rosidl_typesupport_c/pi_gpio_interface/action/gpio__type_support.cpp.o[0m
[ 67%] [1m[32mLinking CXX shared library libpi_gpio_interface__rosidl_typesupport_c.so[0m
[ 67%] Built target pi_gpio_interface__rosidl_typesupport_c
[ 70%] [32mBuilding C object CMakeFiles/pi_gpio_interface__rosidl_typesupport_introspection_c.dir/rosidl_typesupport_introspection_c/pi_gpio_interface/action/detail/gpio__type_support.c.o[0m
[ 73%] [1m[32mLinking C shared library libpi_gpio_interface__rosidl_typesupport_introspection_c.so[0m
[ 73%] Built target pi_gpio_interface__rosidl_typesupport_introspection_c
[ 73%] Built target pi_gpio_interface
[ 76%] [1m[34mGenerating Python code for ROS interfaces[0m
[ 76%] Built target pi_gpio_interface__py
[ 79%] [32mBuilding C object CMakeFiles/pi_gpio_interface__rosidl_generator_py.dir/rosidl_generator_py/pi_gpio_interface/action/_gpio_s.c.o[0m
[ 82%] [1m[32mLinking C shared library libpi_gpio_interface__rosidl_generator_py.so[0m
[ 82%] Built target pi_gpio_interface__rosidl_generator_py
[ 85%] [32mBuilding C object CMakeFiles/pi_gpio_interface_s__rosidl_typesupport_fastrtps_c.dir/rosidl_generator_py/pi_gpio_interface/_pi_gpio_interface_s.ep.rosidl_typesupport_fastrtps_c.c.o[0m
[ 88%] [32mBuilding C object CMakeFiles/pi_gpio_interface_s__rosidl_typesupport_c.dir/rosidl_generator_py/pi_gpio_interface/_pi_gpio_interface_s.ep.rosidl_typesupport_c.c.o[0m
[ 91%] [32mBuilding C object CMakeFiles/pi_gpio_interface_s__rosidl_typesupport_introspection_c.dir/rosidl_generator_py/pi_gpio_interface/_pi_gpio_interface_s.ep.rosidl_typesupport_introspection_c.c.o[0m
[ 94%] [1m[32mLinking C shared module rosidl_generator_py/pi_gpio_interface/pi_gpio_interface_s__rosidl_typesupport_c.so[0m
[ 94%] Built target pi_gpio_interface_s__rosidl_typesupport_c
[ 97%] [1m[32mLinking C shared module rosidl_generator_py/pi_gpio_interface/pi_gpio_interface_s__rosidl_typesupport_introspection_c.so[0m
[100%] [1m[32mLinking C shared module rosidl_generator_py/pi_gpio_interface/pi_gpio_interface_s__rosidl_typesupport_fastrtps_c.so[0m
[100%] Built target pi_gpio_interface_s__rosidl_typesupport_introspection_c
[100%] Built target pi_gpio_interface_s__rosidl_typesupport_fastrtps_c
-- Install configuration: ""
-- Installing: /home/scott/mercer_garm/ros2/install/pi_gpio_interface/share/ament_index/resource_index/rosidl_interfaces/pi_gpio_interface
-- Installing: /home/scott/mercer_garm/ros2/install/pi_gpio_interface/share/pi_gpio_interface/action/GPIO.json
-- Installing: /home/scott/mercer_garm/ros2/install/pi_gpio_interface/include/pi_gpio_interface/pi_gpio_interface
-- Installing: /home/scott/mercer_garm/ros2/install/pi_gpio_interface/include/pi_gpio_interface/pi_gpio_interface/action
-- Installing: /home/scott/mercer_garm/ros2/install/pi_gpio_interface/include/pi_gpio_interface/pi_gpio_interface/action/gpio.h
-- Installing: /home/scott/mercer_garm/ros2/install/pi_gpio_interface/include/pi_gpio_interface/pi_gpio_interface/action/detail
-- Installing: /home/scott/mercer_garm/ros2/install/pi_gpio_interface/include/pi_gpio_interface/pi_gpio_interface/action/detail/gpio__functions.c
-- Installing: /home/scott/mercer_garm/ros2/install/pi_gpio_interface/include/pi_gpio_interface/pi_gpio_interface/action/detail/gpio__struct.h
-- Installing: /home/scott/mercer_garm/ros2/install/pi_gpio_interface/include/pi_gpio_interface/pi_gpio_interface/action/detail/gpio__description.c
-- Installing: /home/scott/mercer_garm/ros2/install/pi_gpio_interface/include/pi_gpio_interface/pi_gpio_interface/action/detail/gpio__functions.h
-- Installing: /home/scott/mercer_garm/ros2/install/pi_gpio_interface/include/pi_gpio_interface/pi_gpio_interface/action/detail/gpio__type_support.h
-- Installing: /home/scott/mercer_garm/ros2/install/pi_gpio_interface/include/pi_gpio_interface/pi_gpio_interface/action/detail/gpio__type_support.c
-- Installing: /home/scott/mercer_garm/ros2/install/pi_gpio_interface/include/pi_gpio_interface/pi_gpio_interface/msg
-- Installing: /home/scott/mercer_garm/ros2/install/pi_gpio_interface/include/pi_gpio_interface/pi_gpio_interface/msg/rosidl_generator_c__visibility_control.h
-- Installing: /home/scott/mercer_garm/ros2/install/pi_gpio_interface/share/pi_gpio_interface/environment/library_path.sh
-- Installing: /home/scott/mercer_garm/ros2/install/pi_gpio_interface/share/pi_gpio_interface/environment/library_path.dsv
-- Installing: /home/scott/mercer_garm/ros2/install/pi_gpio_interface/lib/libpi_gpio_interface__rosidl_generator_c.so
-- Set non-toolchain portion of runtime path of "/home/scott/mercer_garm/ros2/install/pi_gpio_interface/lib/libpi_gpio_interface__rosidl_generator_c.so" to ""
-- Up-to-date: /home/scott/mercer_garm/ros2/install/pi_gpio_interface/include/pi_gpio_interface/pi_gpio_interface
-- Up-to-date: /home/scott/mercer_garm/ros2/install/pi_gpio_interface/include/pi_gpio_interface/pi_gpio_interface/action
-- Up-to-date: /home/scott/mercer_garm/ros2/install/pi_gpio_interface/include/pi_gpio_interface/pi_gpio_interface/action/detail
-- Installing: /home/scott/mercer_garm/ros2/install/pi_gpio_interface/include/pi_gpio_interface/pi_gpio_interface/action/detail/gpio__rosidl_typesupport_fastrtps_c.h
-- Up-to-date: /home/scott/mercer_garm/ros2/install/pi_gpio_interface/include/pi_gpio_interface/pi_gpio_interface/msg
-- Installing: /home/scott/mercer_garm/ros2/install/pi_gpio_interface/include/pi_gpio_interface/pi_gpio_interface/msg/rosidl_typesupport_fastrtps_c__visibility_control.h
-- Installing: /home/scott/mercer_garm/ros2/install/pi_gpio_interface/lib/libpi_gpio_interface__rosidl_typesupport_fastrtps_c.so
-- Set non-toolchain portion of runtime path of "/home/scott/mercer_garm/ros2/install/pi_gpio_interface/lib/libpi_gpio_interface__rosidl_typesupport_fastrtps_c.so" to ""
-- Up-to-date: /home/scott/mercer_garm/ros2/install/pi_gpio_interface/include/pi_gpio_interface/pi_gpio_interface
-- Up-to-date: /home/scott/mercer_garm/ros2/install/pi_gpio_interface/include/pi_gpio_interface/pi_gpio_interface/action
-- Up-to-date: /home/scott/mercer_garm/ros2/install/pi_gpio_interface/include/pi_gpio_interface/pi_gpio_interface/action/detail
-- Installing: /home/scott/mercer_garm/ros2/install/pi_gpio_interface/include/pi_gpio_interface/pi_gpio_interface/action/detail/gpio__rosidl_typesupport_introspection_c.h
-- Installing: /home/scott/mercer_garm/ros2/install/pi_gpio_interface/include/pi_gpio_interface/pi_gpio_interface/action/detail/gpio__type_support.c
-- Up-to-date: /home/scott/mercer_garm/ros2/install/pi_gpio_interface/include/pi_gpio_interface/pi_gpio_interface/msg
-- Installing: /home/scott/mercer_garm/ros2/install/pi_gpio_interface/include/pi_gpio_interface/pi_gpio_interface/msg/rosidl_typesupport_introspection_c__visibility_control.h
-- Installing: /home/scott/mercer_garm/ros2/install/pi_gpio_interface/lib/libpi_gpio_interface__rosidl_typesupport_introspection_c.so
-- Set non-toolchain portion of runtime path of "/home/scott/mercer_garm/ros2/install/pi_gpio_interface/lib/libpi_gpio_interface__rosidl_typesupport_introspection_c.so" to ""
-- Installing: /home/scott/mercer_garm/ros2/install/pi_gpio_interface/lib/libpi_gpio_interface__rosidl_typesupport_c.so
-- Set non-toolchain portion of runtime path of "/home/scott/mercer_garm/ros2/install/pi_gpio_interface/lib/libpi_gpio_interface__rosidl_typesupport_c.so" to ""
-- Up-to-date: /home/scott/mercer_garm/ros2/install/pi_gpio_interface/include/pi_gpio_interface/pi_gpio_interface
-- Up-to-date: /home/scott/mercer_garm/ros2/install/pi_gpio_interface/include/pi_gpio_interface/pi_gpio_interface/action
-- Up-to-date: /home/scott/mercer_garm/ros2/install/pi_gpio_interface/include/pi_gpio_interface/pi_gpio_interface/action/detail
-- Installing: /home/scott/mercer_garm/ros2/install/pi_gpio_interface/include/pi_gpio_interface/pi_gpio_interface/action/detail/gpio__builder.hpp
-- Installing: /home/scott/mercer_garm/ros2/install/pi_gpio_interface/include/pi_gpio_interface/pi_gpio_interface/action/detail/gpio__struct.hpp
-- Installing: /home/scott/mercer_garm/ros2/install/pi_gpio_interface/include/pi_gpio_interface/pi_gpio_interface/action/detail/gpio__traits.hpp
-- Installing: /home/scott/mercer_garm/ros2/install/pi_gpio_interface/include/pi_gpio_interface/pi_gpio_interface/action/detail/gpio__type_support.hpp
-- Installing: /home/scott/mercer_garm/ros2/install/pi_gpio_interface/include/pi_gpio_interface/pi_gpio_interface/action/gpio.hpp
-- Up-to-date: /home/scott/mercer_garm/ros2/install/pi_gpio_interface/include/pi_gpio_interface/pi_gpio_interface/msg
-- Installing: /home/scott/mercer_garm/ros2/install/pi_gpio_interface/include/pi_gpio_interface/pi_gpio_interface/msg/rosidl_generator_cpp__visibility_control.hpp
-- Up-to-date: /home/scott/mercer_garm/ros2/install/pi_gpio_interface/include/pi_gpio_interface/pi_gpio_interface
-- Up-to-date: /home/scott/mercer_garm/ros2/install/pi_gpio_interface/include/pi_gpio_interface/pi_gpio_interface/action
-- Up-to-date: /home/scott/mercer_garm/ros2/install/pi_gpio_interface/include/pi_gpio_interface/pi_gpio_interface/action/detail
-- Installing: /home/scott/mercer_garm/ros2/install/pi_gpio_interface/include/pi_gpio_interface/pi_gpio_interface/action/detail/gpio__rosidl_typesupport_fastrtps_cpp.hpp
-- Installing: /home/scott/mercer_garm/ros2/install/pi_gpio_interface/include/pi_gpio_interface/pi_gpio_interface/action/detail/dds_fastrtps
-- Up-to-date: /home/scott/mercer_garm/ros2/install/pi_gpio_interface/include/pi_gpio_interface/pi_gpio_interface/msg
-- Installing: /home/scott/mercer_garm/ros2/install/pi_gpio_interface/include/pi_gpio_interface/pi_gpio_interface/msg/rosidl_typesupport_fastrtps_cpp__visibility_control.h
-- Installing: /home/scott/mercer_garm/ros2/install/pi_gpio_interface/lib/libpi_gpio_interface__rosidl_typesupport_fastrtps_cpp.so
-- Set non-toolchain portion of runtime path of "/home/scott/mercer_garm/ros2/install/pi_gpio_interface/lib/libpi_gpio_interface__rosidl_typesupport_fastrtps_cpp.so" to ""
-- Up-to-date: /home/scott/mercer_garm/ros2/install/pi_gpio_interface/include/pi_gpio_interface/pi_gpio_interface
-- Up-to-date: /home/scott/mercer_garm/ros2/install/pi_gpio_interface/include/pi_gpio_interface/pi_gpio_interface/action
-- Up-to-date: /home/scott/mercer_garm/ros2/install/pi_gpio_interface/include/pi_gpio_interface/pi_gpio_interface/action/detail
-- Installing: /home/scott/mercer_garm/ros2/install/pi_gpio_interface/include/pi_gpio_interface/pi_gpio_interface/action/detail/gpio__rosidl_typesupport_introspection_cpp.hpp
-- Installing: /home/scott/mercer_garm/ros2/install/pi_gpio_interface/include/pi_gpio_interface/pi_gpio_interface/action/detail/gpio__type_support.cpp
-- Installing: /home/scott/mercer_garm/ros2/install/pi_gpio_interface/lib/libpi_gpio_interface__rosidl_typesupport_introspection_cpp.so
-- Set non-toolchain portion of runtime path of "/home/scott/mercer_garm/ros2/install/pi_gpio_interface/lib/libpi_gpio_interface__rosidl_typesupport_introspection_cpp.so" to ""
-- Installing: /home/scott/mercer_garm/ros2/install/pi_gpio_interface/lib/libpi_gpio_interface__rosidl_typesupport_cpp.so
-- Set non-toolchain portion of runtime path of "/home/scott/mercer_garm/ros2/install/pi_gpio_interface/lib/libpi_gpio_interface__rosidl_typesupport_cpp.so" to ""
-- Installing: /home/scott/mercer_garm/ros2/install/pi_gpio_interface/share/pi_gpio_interface/environment/pythonpath.sh
-- Installing: /home/scott/mercer_garm/ros2/install/pi_gpio_interface/share/pi_gpio_interface/environment/pythonpath.dsv
-- Installing: /home/scott/mercer_garm/ros2/install/pi_gpio_interface/lib/python3.12/site-packages/pi_gpio_interface-0.0.1-py3.12.egg-info
-- Installing: /home/scott/mercer_garm/ros2/install/pi_gpio_interface/lib/python3.12/site-packages/pi_gpio_interface-0.0.1-py3.12.egg-info/top_level.txt
-- Installing: /home/scott/mercer_garm/ros2/install/pi_gpio_interface/lib/python3.12/site-packages/pi_gpio_interface-0.0.1-py3.12.egg-info/dependency_links.txt
-- Installing: /home/scott/mercer_garm/ros2/install/pi_gpio_interface/lib/python3.12/site-packages/pi_gpio_interface-0.0.1-py3.12.egg-info/SOURCES.txt
-- Installing: /home/scott/mercer_garm/ros2/install/pi_gpio_interface/lib/python3.12/site-packages/pi_gpio_interface-0.0.1-py3.12.egg-info/PKG-INFO
-- Installing: /home/scott/mercer_garm/ros2/install/pi_gpio_interface/lib/python3.12/site-packages/pi_gpio_interface
-- Installing: /home/scott/mercer_garm/ros2/install/pi_gpio_interface/lib/python3.12/site-packages/pi_gpio_interface/_pi_gpio_interface_s.ep.rosidl_typesupport_fastrtps_c.c
-- Installing: /home/scott/mercer_garm/ros2/install/pi_gpio_interface/lib/python3.12/site-packages/pi_gpio_interface/__init__.py
-- Installing: /home/scott/mercer_garm/ros2/install/pi_gpio_interface/lib/python3.12/site-packages/pi_gpio_interface/pi_gpio_interface_s__rosidl_typesupport_c.so
-- Installing: /home/scott/mercer_garm/ros2/install/pi_gpio_interface/lib/python3.12/site-packages/pi_gpio_interface/action
-- Installing: /home/scott/mercer_garm/ros2/install/pi_gpio_interface/lib/python3.12/site-packages/pi_gpio_interface/action/__init__.py
-- Installing: /home/scott/mercer_garm/ros2/install/pi_gpio_interface/lib/python3.12/site-packages/pi_gpio_interface/action/_gpio_s.c
-- Installing: /home/scott/mercer_garm/ros2/install/pi_gpio_interface/lib/python3.12/site-packages/pi_gpio_interface/action/_gpio.py
-- Installing: /home/scott/mercer_garm/ros2/install/pi_gpio_interface/lib/python3.12/site-packages/pi_gpio_interface/pi_gpio_interface_s__rosidl_typesupport_introspection_c.so
-- Installing: /home/scott/mercer_garm/ros2/install/pi_gpio_interface/lib/python3.12/site-packages/pi_gpio_interface/_pi_gpio_interface_s.ep.rosidl_typesupport_c.c
-- Installing: /home/scott/mercer_garm/ros2/install/pi_gpio_interface/lib/python3.12/site-packages/pi_gpio_interface/_pi_gpio_interface_s.ep.rosidl_typesupport_introspection_c.c
-- Installing: /home/scott/mercer_garm/ros2/install/pi_gpio_interface/lib/python3.12/site-packages/pi_gpio_interface/pi_gpio_interface_s__rosidl_typesupport_fastrtps_c.so
Listing '/home/scott/mercer_garm/ros2/install/pi_gpio_interface/lib/python3.12/site-packages/pi_gpio_interface'...
Compiling '/home/scott/mercer_garm/ros2/install/pi_gpio_interface/lib/python3.12/site-packages/pi_gpio_interface/__init__.py'...
Listing '/home/scott/mercer_garm/ros2/install/pi_gpio_interface/lib/python3.12/site-packages/pi_gpio_interface/action'...
Compiling '/home/scott/mercer_garm/ros2/install/pi_gpio_interface/lib/python3.12/site-packages/pi_gpio_interface/action/__init__.py'...
Compiling '/home/scott/mercer_garm/ros2/install/pi_gpio_interface/lib/python3.12/site-packages/pi_gpio_interface/action/_gpio.py'...
-- Installing: /home/scott/mercer_garm/ros2/install/pi_gpio_interface/lib/python3.12/site-packages/pi_gpio_interface/pi_gpio_interface_s__rosidl_typesupport_fastrtps_c.so
-- Set non-toolchain portion of runtime path of "/home/scott/mercer_garm/ros2/install/pi_gpio_interface/lib/python3.12/site-packages/pi_gpio_interface/pi_gpio_interface_s__rosidl_typesupport_fastrtps_c.so" to ""
-- Installing: /home/scott/mercer_garm/ros2/install/pi_gpio_interface/lib/python3.12/site-packages/pi_gpio_interface/pi_gpio_interface_s__rosidl_typesupport_introspection_c.so
-- Set non-toolchain portion of runtime path of "/home/scott/mercer_garm/ros2/install/pi_gpio_interface/lib/python3.12/site-packages/pi_gpio_interface/pi_gpio_interface_s__rosidl_typesupport_introspection_c.so" to ""
-- Installing: /home/scott/mercer_garm/ros2/install/pi_gpio_interface/lib/python3.12/site-packages/pi_gpio_interface/pi_gpio_interface_s__rosidl_typesupport_c.so
-- Set non-toolchain portion of runtime path of "/home/scott/mercer_garm/ros2/install/pi_gpio_interface/lib/python3.12/site-packages/pi_gpio_interface/pi_gpio_interface_s__rosidl_typesupport_c.so" to ""
-- Installing: /home/scott/mercer_garm/ros2/install/pi_gpio_interface/lib/libpi_gpio_interface__rosidl_generator_py.so
-- Set non-toolchain portion of runtime path of "/home/scott/mercer_garm/ros2/install/pi_gpio_interface/lib/libpi_gpio_interface__rosidl_generator_py.so" to ""
-- Installing: /home/scott/mercer_garm/ros2/install/pi_gpio_interface/share/pi_gpio_interface/action/GPIO.idl
-- Installing: /home/scott/mercer_garm/ros2/install/pi_gpio_interface/share/pi_gpio_interface/action/GPIO.action
-- Installing: /home/scott/mercer_garm/ros2/install/pi_gpio_interface/share/ament_index/resource_index/package_run_dependencies/pi_gpio_interface
-- Installing: /home/scott/mercer_garm/ros2/install/pi_gpio_interface/share/ament_index/resource_index/parent_prefix_path/pi_gpio_interface
-- Installing: /home/scott/mercer_garm/ros2/install/pi_gpio_interface/share/pi_gpio_interface/environment/ament_prefix_path.sh
-- Installing: /home/scott/mercer_garm/ros2/install/pi_gpio_interface/share/pi_gpio_interface/environment/ament_prefix_path.dsv
-- Installing: /home/scott/mercer_garm/ros2/install/pi_gpio_interface/share/pi_gpio_interface/environment/path.sh
-- Installing: /home/scott/mercer_garm/ros2/install/pi_gpio_interface/share/pi_gpio_interface/environment/path.dsv
-- Installing: /home/scott/mercer_garm/ros2/install/pi_gpio_interface/share/pi_gpio_interface/local_setup.bash
-- Installing: /home/scott/mercer_garm/ros2/install/pi_gpio_interface/share/pi_gpio_interface/local_setup.sh
-- Installing: /home/scott/mercer_garm/ros2/install/pi_gpio_interface/share/pi_gpio_interface/local_setup.zsh
-- Installing: /home/scott/mercer_garm/ros2/install/pi_gpio_interface/share/pi_gpio_interface/local_setup.dsv
-- Installing: /home/scott/mercer_garm/ros2/install/pi_gpio_interface/share/pi_gpio_interface/package.dsv
-- Installing: /home/scott/mercer_garm/ros2/install/pi_gpio_interface/share/ament_index/resource_index/packages/pi_gpio_interface
-- Installing: /home/scott/mercer_garm/ros2/install/pi_gpio_interface/share/pi_gpio_interface/cmake/export_pi_gpio_interface__rosidl_generator_cExport.cmake
-- Installing: /home/scott/mercer_garm/ros2/install/pi_gpio_interface/share/pi_gpio_interface/cmake/export_pi_gpio_interface__rosidl_generator_cExport-noconfig.cmake
-- Installing: /home/scott/mercer_garm/ros2/install/pi_gpio_interface/share/pi_gpio_interface/cmake/export_pi_gpio_interface__rosidl_typesupport_fastrtps_cExport.cmake
-- Installing: /home/scott/mercer_garm/ros2/install/pi_gpio_interface/share/pi_gpio_interface/cmake/export_pi_gpio_interface__rosidl_typesupport_fastrtps_cExport-noconfig.cmake
-- Installing: /home/scott/mercer_garm/ros2/install/pi_gpio_interface/share/pi_gpio_interface/cmake/pi_gpio_interface__rosidl_typesupport_introspection_cExport.cmake
-- Installing: /home/scott/mercer_garm/ros2/install/pi_gpio_interface/share/pi_gpio_interface/cmake/pi_gpio_interface__rosidl_typesupport_introspection_cExport-noconfig.cmake
-- Installing: /home/scott/mercer_garm/ros2/install/pi_gpio_interface/share/pi_gpio_interface/cmake/pi_gpio_interface__rosidl_typesupport_cExport.cmake
-- Installing: /home/scott/mercer_garm/ros2/install/pi_gpio_interface/share/pi_gpio_interface/cmake/pi_gpio_interface__rosidl_typesupport_cExport-noconfig.cmake
-- Installing: /home/scott/mercer_garm/ros2/install/pi_gpio_interface/share/pi_gpio_interface/cmake/export_pi_gpio_interface__rosidl_generator_cppExport.cmake
-- Installing: /home/scott/mercer_garm/ros2/install/pi_gpio_interface/share/pi_gpio_interface/cmake/export_pi_gpio_interface__rosidl_typesupport_fastrtps_cppExport.cmake
-- Installing: /home/scott/mercer_garm/ros2/install/pi_gpio_interface/share/pi_gpio_interface/cmake/export_pi_gpio_interface__rosidl_typesupport_fastrtps_cppExport-noconfig.cmake
-- Installing: /home/scott/mercer_garm/ros2/install/pi_gpio_interface/share/pi_gpio_interface/cmake/pi_gpio_interface__rosidl_typesupport_introspection_cppExport.cmake
-- Installing: /home/scott/mercer_garm/ros2/install/pi_gpio_interface/share/pi_gpio_interface/cmake/pi_gpio_interface__rosidl_typesupport_introspection_cppExport-noconfig.cmake
-- Installing: /home/scott/mercer_garm/ros2/install/pi_gpio_interface/share/pi_gpio_interface/cmake/pi_gpio_interface__rosidl_typesupport_cppExport.cmake
-- Installing: /home/scott/mercer_garm/ros2/install/pi_gpio_interface/share/pi_gpio_interface/cmake/pi_gpio_interface__rosidl_typesupport_cppExport-noconfig.cmake
-- Installing: /home/scott/mercer_garm/ros2/install/pi_gpio_interface/share/pi_gpio_interface/cmake/export_pi_gpio_interface__rosidl_generator_pyExport.cmake
-- Installing: /home/scott/mercer_garm/ros2/install/pi_gpio_interface/share/pi_gpio_interface/cmake/export_pi_gpio_interface__rosidl_generator_pyExport-noconfig.cmake
-- Installing: /home/scott/mercer_garm/ros2/install/pi_gpio_interface/share/pi_gpio_interface/cmake/rosidl_cmake-extras.cmake
-- Installing: /home/scott/mercer_garm/ros2/install/pi_gpio_interface/share/pi_gpio_interface/cmake/ament_cmake_export_dependencies-extras.cmake
-- Installing: /home/scott/mercer_garm/ros2/install/pi_gpio_interface/share/pi_gpio_interface/cmake/ament_cmake_export_include_directories-extras.cmake
-- Installing: /home/scott/mercer_garm/ros2/install/pi_gpio_interface/share/pi_gpio_interface/cmake/ament_cmake_export_libraries-extras.cmake
-- Installing: /home/scott/mercer_garm/ros2/install/pi_gpio_interface/share/pi_gpio_interface/cmake/ament_cmake_export_targets-extras.cmake
-- Installing: /home/scott/mercer_garm/ros2/install/pi_gpio_interface/share/pi_gpio_interface/cmake/rosidl_cmake_export_typesupport_targets-extras.cmake
-- Installing: /home/scott/mercer_garm/ros2/install/pi_gpio_interface/share/pi_gpio_interface/cmake/rosidl_cmake_export_typesupport_libraries-extras.cmake
-- Installing: /home/scott/mercer_garm/ros2/install/pi_gpio_interface/share/pi_gpio_interface/cmake/pi_gpio_interfaceConfig.cmake
-- Installing: /home/scott/mercer_garm/ros2/install/pi_gpio_interface/share/pi_gpio_interface/cmake/pi_gpio_interfaceConfig-version.cmake
-- Installing: /home/scott/mercer_garm/ros2/install/pi_gpio_interface/share/pi_gpio_interface/package.xml
