[0.018s] Invoking command in '/home/scott/mercer_garm/ros2/build/pi_gpio_interface': CMAKE_PREFIX_PATH=${CMAKE_PREFIX_PATH}:/home/scott/mercer_garm/ros2/install/mercer_robot_commander_py:/home/scott/mercer_garm/ros2/install/mercer_g_arm_desktop_bringup:/home/scott/mercer_garm/ros2/install/mercer_g_arm_sim:/home/scott/mercer_garm/ros2/install/mercer_g_arm_rpi_bringup:/home/scott/mercer_garm/ros2/install/mercer_g_arm:/home/scott/mercer_garm/ros2/install/mercer_g-arm_rpi_bringup:/home/scott/mercer_garm/ros2/install/mercer_g-arm_desktop_bringup:/home/scott/mercer_garm/ros2/install/joy_js_pkg:/home/scott/mercer_garm/ros2/install/garm_motion_planning_demos:/home/scott/mercer_garm/ros2/install/g_arm_trajectory_bridge:/home/scott/mercer_garm/ros2/install/g_arm_python_examples:/home/scott/mercer_garm/ros2/install/g-arm_simulation:/home/scott/mercer_garm/ros2/install/g_arm:/home/scott/mercer_garm_ws/install/mercer_g_arm_desktop_bringup:/home/scott/mercer_garm_ws/install/mercer_robot_commander_py:/home/scott/mercer_garm_ws/install/mercer_g_arm_sim:/home/scott/mercer_garm_ws/install/mercer_g_arm_rpi_bringup:/home/scott/mercer_garm_ws/install/mercer_g_arm:/home/scott/mercer_garm_ws/install/mercer_g-arm_rpi_bringup:/home/scott/mercer_garm_ws/install/mercer_g-arm_desktop_bringup:/home/scott/mercer_garm_ws/install/joy_js_pkg:/home/scott/mercer_garm_ws/install/garm_motion_planning_demos:/home/scott/mercer_garm_ws/install/g_arm_trajectory_bridge:/home/scott/mercer_garm_ws/install/g_arm_python_examples:/home/scott/mercer_garm_ws/install/g-arm_simulation:/home/scott/mercer_garm_ws/install/g_arm:/home/scott/ros2_ws/install/joy_js_pkg:/home/scott/ros2_ws/install/garm_motion_planning_demos:/home/scott/ros2_ws/install/g_arm_trajectory_bridge:/home/scott/ros2_ws/install/g_arm_python_examples:/home/scott/ros2_ws/install/g-arm_simulation:/home/scott/ros2_ws/install/g_arm:/home/scott/ws_moveit/install/moveit_configs_utils:/opt/ros/jazzy DEBUGINFOD_URLS=https://debuginfod.ubuntu.com PS1=(ros2_venv) \[\e]0;\u@\h: \w\a\]${debian_chroot:+($debian_chroot)}\[\033[01;32m\]\u@\h\[\033[00m\]:\[\033[01;34m\]\w\[\033[00m\]\$ VIRTUAL_ENV_PROMPT=(ros2_venv) /snap/bin/cmake /home/scott/mercer_garm/ros2/src/pi_gpio_interface -DCMAKE_INSTALL_PREFIX=/home/scott/mercer_garm/ros2/install/pi_gpio_interface
[0.100s] [0mCMake Deprecation Warning at CMakeLists.txt:1 (cmake_minimum_required):
[0.100s]   Compatibility with CMake < 3.10 will be removed from a future version of
[0.100s]   CMake.
[0.100s] 
[0.100s]   Update the VERSION argument <min> value.  Or, use the <min>...<max> syntax
[0.100s]   to tell CMake that the project requires at least <min> but has been updated
[0.100s]   to work with policies introduced by <max> or earlier.
[0.100s] 
[0.100s] [0m
[0.172s] -- The C compiler identification is GNU 13.3.0
[0.256s] -- The CXX compiler identification is GNU 13.3.0
[0.266s] -- Detecting C compiler ABI info
[0.334s] -- Detecting C compiler ABI info - done
[0.358s] -- Check for working C compiler: /usr/bin/cc - skipped
[0.358s] -- Detecting C compile features
[0.358s] -- Detecting C compile features - done
[0.375s] -- Detecting CXX compiler ABI info
[0.456s] -- Detecting CXX compiler ABI info - done
[0.479s] -- Check for working CXX compiler: /usr/bin/c++ - skipped
[0.479s] -- Detecting CXX compile features
[0.480s] -- Detecting CXX compile features - done
[0.514s] -- Found ament_cmake: 2.5.5 (/opt/ros/jazzy/share/ament_cmake/cmake)
[0.716s] -- Found Python3: /home/scott/ros2_venv/bin/python3 (found version "3.12.3") found components: Interpreter
[1.102s] -- Found rosidl_default_generators: 1.6.0 (/opt/ros/jazzy/share/rosidl_default_generators/cmake)
[1.166s] -- Using all available rosidl_typesupport_c: rosidl_typesupport_fastrtps_c;rosidl_typesupport_introspection_c
[1.439s] -- Using all available rosidl_typesupport_cpp: rosidl_typesupport_fastrtps_cpp;rosidl_typesupport_introspection_cpp
[1.644s] -- Found rosidl_adapter: 4.6.7 (/opt/ros/jazzy/share/rosidl_adapter/cmake)
[1.669s] -- Found action_msgs: 2.0.3 (/opt/ros/jazzy/share/action_msgs/cmake)
[2.596s] -- Found ament_cmake_ros: 0.12.0 (/opt/ros/jazzy/share/ament_cmake_ros/cmake)
[3.178s] -- Using all available rosidl_typesupport_c: rosidl_typesupport_fastrtps_c;rosidl_typesupport_introspection_c
[3.877s] -- Using all available rosidl_typesupport_cpp: rosidl_typesupport_fastrtps_cpp;rosidl_typesupport_introspection_cpp
[3.896s] -- Found python_cmake_module: 0.11.1 (/opt/ros/jazzy/share/python_cmake_module/cmake)
[4.046s] -- Found PythonExtra: /home/scott/ros2_venv/bin/python3
[4.679s] -- Found Python3: /home/scott/ros2_venv/bin/python3 (found version "3.12.3") found components: Interpreter Development NumPy Development.Module Development.Embed
[4.791s] -- Configuring done (4.7s)
[4.862s] -- Generating done (0.1s)
[4.888s] -- Build files have been written to: /home/scott/mercer_garm/ros2/build/pi_gpio_interface
[4.904s] Invoked command in '/home/scott/mercer_garm/ros2/build/pi_gpio_interface' returned '0': CMAKE_PREFIX_PATH=${CMAKE_PREFIX_PATH}:/home/scott/mercer_garm/ros2/install/mercer_robot_commander_py:/home/scott/mercer_garm/ros2/install/mercer_g_arm_desktop_bringup:/home/scott/mercer_garm/ros2/install/mercer_g_arm_sim:/home/scott/mercer_garm/ros2/install/mercer_g_arm_rpi_bringup:/home/scott/mercer_garm/ros2/install/mercer_g_arm:/home/scott/mercer_garm/ros2/install/mercer_g-arm_rpi_bringup:/home/scott/mercer_garm/ros2/install/mercer_g-arm_desktop_bringup:/home/scott/mercer_garm/ros2/install/joy_js_pkg:/home/scott/mercer_garm/ros2/install/garm_motion_planning_demos:/home/scott/mercer_garm/ros2/install/g_arm_trajectory_bridge:/home/scott/mercer_garm/ros2/install/g_arm_python_examples:/home/scott/mercer_garm/ros2/install/g-arm_simulation:/home/scott/mercer_garm/ros2/install/g_arm:/home/scott/mercer_garm_ws/install/mercer_g_arm_desktop_bringup:/home/scott/mercer_garm_ws/install/mercer_robot_commander_py:/home/scott/mercer_garm_ws/install/mercer_g_arm_sim:/home/scott/mercer_garm_ws/install/mercer_g_arm_rpi_bringup:/home/scott/mercer_garm_ws/install/mercer_g_arm:/home/scott/mercer_garm_ws/install/mercer_g-arm_rpi_bringup:/home/scott/mercer_garm_ws/install/mercer_g-arm_desktop_bringup:/home/scott/mercer_garm_ws/install/joy_js_pkg:/home/scott/mercer_garm_ws/install/garm_motion_planning_demos:/home/scott/mercer_garm_ws/install/g_arm_trajectory_bridge:/home/scott/mercer_garm_ws/install/g_arm_python_examples:/home/scott/mercer_garm_ws/install/g-arm_simulation:/home/scott/mercer_garm_ws/install/g_arm:/home/scott/ros2_ws/install/joy_js_pkg:/home/scott/ros2_ws/install/garm_motion_planning_demos:/home/scott/ros2_ws/install/g_arm_trajectory_bridge:/home/scott/ros2_ws/install/g_arm_python_examples:/home/scott/ros2_ws/install/g-arm_simulation:/home/scott/ros2_ws/install/g_arm:/home/scott/ws_moveit/install/moveit_configs_utils:/opt/ros/jazzy DEBUGINFOD_URLS=https://debuginfod.ubuntu.com PS1=(ros2_venv) \[\e]0;\u@\h: \w\a\]${debian_chroot:+($debian_chroot)}\[\033[01;32m\]\u@\h\[\033[00m\]:\[\033[01;34m\]\w\[\033[00m\]\$ VIRTUAL_ENV_PROMPT=(ros2_venv) /snap/bin/cmake /home/scott/mercer_garm/ros2/src/pi_gpio_interface -DCMAKE_INSTALL_PREFIX=/home/scott/mercer_garm/ros2/install/pi_gpio_interface
[4.905s] Invoking command in '/home/scott/mercer_garm/ros2/build/pi_gpio_interface': CMAKE_PREFIX_PATH=${CMAKE_PREFIX_PATH}:/home/scott/mercer_garm/ros2/install/mercer_robot_commander_py:/home/scott/mercer_garm/ros2/install/mercer_g_arm_desktop_bringup:/home/scott/mercer_garm/ros2/install/mercer_g_arm_sim:/home/scott/mercer_garm/ros2/install/mercer_g_arm_rpi_bringup:/home/scott/mercer_garm/ros2/install/mercer_g_arm:/home/scott/mercer_garm/ros2/install/mercer_g-arm_rpi_bringup:/home/scott/mercer_garm/ros2/install/mercer_g-arm_desktop_bringup:/home/scott/mercer_garm/ros2/install/joy_js_pkg:/home/scott/mercer_garm/ros2/install/garm_motion_planning_demos:/home/scott/mercer_garm/ros2/install/g_arm_trajectory_bridge:/home/scott/mercer_garm/ros2/install/g_arm_python_examples:/home/scott/mercer_garm/ros2/install/g-arm_simulation:/home/scott/mercer_garm/ros2/install/g_arm:/home/scott/mercer_garm_ws/install/mercer_g_arm_desktop_bringup:/home/scott/mercer_garm_ws/install/mercer_robot_commander_py:/home/scott/mercer_garm_ws/install/mercer_g_arm_sim:/home/scott/mercer_garm_ws/install/mercer_g_arm_rpi_bringup:/home/scott/mercer_garm_ws/install/mercer_g_arm:/home/scott/mercer_garm_ws/install/mercer_g-arm_rpi_bringup:/home/scott/mercer_garm_ws/install/mercer_g-arm_desktop_bringup:/home/scott/mercer_garm_ws/install/joy_js_pkg:/home/scott/mercer_garm_ws/install/garm_motion_planning_demos:/home/scott/mercer_garm_ws/install/g_arm_trajectory_bridge:/home/scott/mercer_garm_ws/install/g_arm_python_examples:/home/scott/mercer_garm_ws/install/g-arm_simulation:/home/scott/mercer_garm_ws/install/g_arm:/home/scott/ros2_ws/install/joy_js_pkg:/home/scott/ros2_ws/install/garm_motion_planning_demos:/home/scott/ros2_ws/install/g_arm_trajectory_bridge:/home/scott/ros2_ws/install/g_arm_python_examples:/home/scott/ros2_ws/install/g-arm_simulation:/home/scott/ros2_ws/install/g_arm:/home/scott/ws_moveit/install/moveit_configs_utils:/opt/ros/jazzy DEBUGINFOD_URLS=https://debuginfod.ubuntu.com PS1=(ros2_venv) \[\e]0;\u@\h: \w\a\]${debian_chroot:+($debian_chroot)}\[\033[01;32m\]\u@\h\[\033[00m\]:\[\033[01;34m\]\w\[\033[00m\]\$ VIRTUAL_ENV_PROMPT=(ros2_venv) /snap/bin/cmake --build /home/scott/mercer_garm/ros2/build/pi_gpio_interface -- -j4 -l4
[5.004s] [  2%] [1m[34mGenerating type hashes for ROS interfaces[0m
[5.009s] [  2%] Built target ament_cmake_python_copy_pi_gpio_interface
[5.462s] [  2%] Built target pi_gpio_interface__rosidl_generator_type_description
[5.468s] [  5%] [1m[34mGenerating C code for ROS interfaces[0m
[5.473s] [  8%] [1m[34mGenerating C++ code for ROS interfaces[0m
[6.357s] [ 11%] [32mBuilding C object CMakeFiles/pi_gpio_interface__rosidl_generator_c.dir/rosidl_generator_c/pi_gpio_interface/action/detail/gpio__description.c.o[0m
[6.360s] [ 14%] [32mBuilding C object CMakeFiles/pi_gpio_interface__rosidl_generator_c.dir/rosidl_generator_c/pi_gpio_interface/action/detail/gpio__functions.c.o[0m
[6.436s] [ 14%] Built target pi_gpio_interface__cpp
[6.440s] [ 17%] [32mBuilding C object CMakeFiles/pi_gpio_interface__rosidl_generator_c.dir/rosidl_generator_c/pi_gpio_interface/action/detail/gpio__type_support.c.o[0m
[6.498s] running egg_info
[6.520s] creating pi_gpio_interface.egg-info
[6.520s] writing pi_gpio_interface.egg-info/PKG-INFO
[6.520s] writing dependency_links to pi_gpio_interface.egg-info/dependency_links.txt
[6.521s] writing top-level names to pi_gpio_interface.egg-info/top_level.txt
[6.521s] writing manifest file 'pi_gpio_interface.egg-info/SOURCES.txt'
[6.591s] reading manifest file 'pi_gpio_interface.egg-info/SOURCES.txt'
[6.591s] writing manifest file 'pi_gpio_interface.egg-info/SOURCES.txt'
[6.632s] [ 17%] Built target ament_cmake_python_build_pi_gpio_interface_egg
[6.923s] [ 20%] [1m[32mLinking C shared library libpi_gpio_interface__rosidl_generator_c.so[0m
[6.986s] [ 20%] Built target pi_gpio_interface__rosidl_generator_c
[6.992s] [ 23%] [1m[34mGenerating C++ type support for eProsima Fast-RTPS[0m
[6.998s] [ 26%] [1m[34mGenerating C type support for eProsima Fast-RTPS[0m
[7.006s] [ 29%] [1m[34mGenerating C++ type support dispatch for ROS interfaces[0m
[7.011s] [ 32%] [1m[34mGenerating C++ introspection for ROS interfaces[0m
[7.904s] [ 35%] [32mBuilding CXX object CMakeFiles/pi_gpio_interface__rosidl_typesupport_cpp.dir/rosidl_typesupport_cpp/pi_gpio_interface/action/gpio__type_support.cpp.o[0m
[8.004s] [ 38%] [32mBuilding CXX object CMakeFiles/pi_gpio_interface__rosidl_typesupport_introspection_cpp.dir/rosidl_typesupport_introspection_cpp/pi_gpio_interface/action/detail/gpio__type_support.cpp.o[0m
[8.232s] [ 41%] [32mBuilding CXX object CMakeFiles/pi_gpio_interface__rosidl_typesupport_fastrtps_cpp.dir/rosidl_typesupport_fastrtps_cpp/pi_gpio_interface/action/detail/dds_fastrtps/gpio__type_support.cpp.o[0m
[8.468s] [ 44%] [32mBuilding CXX object CMakeFiles/pi_gpio_interface__rosidl_typesupport_fastrtps_c.dir/rosidl_typesupport_fastrtps_c/pi_gpio_interface/action/detail/gpio__type_support_c.cpp.o[0m
[10.770s] [ 47%] [1m[32mLinking CXX shared library libpi_gpio_interface__rosidl_typesupport_fastrtps_c.so[0m
[10.775s] [ 50%] [1m[32mLinking CXX shared library libpi_gpio_interface__rosidl_typesupport_cpp.so[0m
[10.915s] [ 52%] [1m[32mLinking CXX shared library libpi_gpio_interface__rosidl_typesupport_introspection_cpp.so[0m
[10.959s] [ 55%] [1m[32mLinking CXX shared library libpi_gpio_interface__rosidl_typesupport_fastrtps_cpp.so[0m
[11.081s] [ 55%] Built target pi_gpio_interface__rosidl_typesupport_introspection_cpp
[11.082s] [ 55%] Built target pi_gpio_interface__rosidl_typesupport_fastrtps_c
[11.082s] [ 55%] Built target pi_gpio_interface__rosidl_typesupport_fastrtps_cpp
[11.085s] [ 58%] [1m[34mGenerating C introspection for ROS interfaces[0m
[11.087s] [ 61%] [1m[34mGenerating C type support dispatch for ROS interfaces[0m
[11.204s] [ 61%] Built target pi_gpio_interface__rosidl_typesupport_cpp
[11.465s] [ 64%] [32mBuilding CXX object CMakeFiles/pi_gpio_interface__rosidl_typesupport_c.dir/rosidl_typesupport_c/pi_gpio_interface/action/gpio__type_support.cpp.o[0m
[11.524s] [ 67%] [1m[32mLinking CXX shared library libpi_gpio_interface__rosidl_typesupport_c.so[0m
[11.561s] [ 67%] Built target pi_gpio_interface__rosidl_typesupport_c
[11.735s] [ 70%] [32mBuilding C object CMakeFiles/pi_gpio_interface__rosidl_typesupport_introspection_c.dir/rosidl_typesupport_introspection_c/pi_gpio_interface/action/detail/gpio__type_support.c.o[0m
[11.841s] [ 73%] [1m[32mLinking C shared library libpi_gpio_interface__rosidl_typesupport_introspection_c.so[0m
[11.864s] [ 73%] Built target pi_gpio_interface__rosidl_typesupport_introspection_c
[11.874s] [ 73%] Built target pi_gpio_interface
[11.884s] [ 76%] [1m[34mGenerating Python code for ROS interfaces[0m
[12.973s] [ 76%] Built target pi_gpio_interface__py
[12.984s] [ 79%] [32mBuilding C object CMakeFiles/pi_gpio_interface__rosidl_generator_py.dir/rosidl_generator_py/pi_gpio_interface/action/_gpio_s.c.o[0m
[13.599s] [ 82%] [1m[32mLinking C shared library libpi_gpio_interface__rosidl_generator_py.so[0m
[13.643s] [ 82%] Built target pi_gpio_interface__rosidl_generator_py
[13.658s] [ 85%] [32mBuilding C object CMakeFiles/pi_gpio_interface_s__rosidl_typesupport_fastrtps_c.dir/rosidl_generator_py/pi_gpio_interface/_pi_gpio_interface_s.ep.rosidl_typesupport_fastrtps_c.c.o[0m
[13.658s] [ 88%] [32mBuilding C object CMakeFiles/pi_gpio_interface_s__rosidl_typesupport_c.dir/rosidl_generator_py/pi_gpio_interface/_pi_gpio_interface_s.ep.rosidl_typesupport_c.c.o[0m
[13.660s] [ 91%] [32mBuilding C object CMakeFiles/pi_gpio_interface_s__rosidl_typesupport_introspection_c.dir/rosidl_generator_py/pi_gpio_interface/_pi_gpio_interface_s.ep.rosidl_typesupport_introspection_c.c.o[0m
[13.820s] [ 94%] [1m[32mLinking C shared module rosidl_generator_py/pi_gpio_interface/pi_gpio_interface_s__rosidl_typesupport_c.so[0m
[13.871s] [ 94%] Built target pi_gpio_interface_s__rosidl_typesupport_c
[13.946s] [ 97%] [1m[32mLinking C shared module rosidl_generator_py/pi_gpio_interface/pi_gpio_interface_s__rosidl_typesupport_introspection_c.so[0m
[13.966s] [100%] [1m[32mLinking C shared module rosidl_generator_py/pi_gpio_interface/pi_gpio_interface_s__rosidl_typesupport_fastrtps_c.so[0m
[13.983s] [100%] Built target pi_gpio_interface_s__rosidl_typesupport_introspection_c
[14.004s] [100%] Built target pi_gpio_interface_s__rosidl_typesupport_fastrtps_c
[14.009s] Invoked command in '/home/scott/mercer_garm/ros2/build/pi_gpio_interface' returned '0': CMAKE_PREFIX_PATH=${CMAKE_PREFIX_PATH}:/home/scott/mercer_garm/ros2/install/mercer_robot_commander_py:/home/scott/mercer_garm/ros2/install/mercer_g_arm_desktop_bringup:/home/scott/mercer_garm/ros2/install/mercer_g_arm_sim:/home/scott/mercer_garm/ros2/install/mercer_g_arm_rpi_bringup:/home/scott/mercer_garm/ros2/install/mercer_g_arm:/home/scott/mercer_garm/ros2/install/mercer_g-arm_rpi_bringup:/home/scott/mercer_garm/ros2/install/mercer_g-arm_desktop_bringup:/home/scott/mercer_garm/ros2/install/joy_js_pkg:/home/scott/mercer_garm/ros2/install/garm_motion_planning_demos:/home/scott/mercer_garm/ros2/install/g_arm_trajectory_bridge:/home/scott/mercer_garm/ros2/install/g_arm_python_examples:/home/scott/mercer_garm/ros2/install/g-arm_simulation:/home/scott/mercer_garm/ros2/install/g_arm:/home/scott/mercer_garm_ws/install/mercer_g_arm_desktop_bringup:/home/scott/mercer_garm_ws/install/mercer_robot_commander_py:/home/scott/mercer_garm_ws/install/mercer_g_arm_sim:/home/scott/mercer_garm_ws/install/mercer_g_arm_rpi_bringup:/home/scott/mercer_garm_ws/install/mercer_g_arm:/home/scott/mercer_garm_ws/install/mercer_g-arm_rpi_bringup:/home/scott/mercer_garm_ws/install/mercer_g-arm_desktop_bringup:/home/scott/mercer_garm_ws/install/joy_js_pkg:/home/scott/mercer_garm_ws/install/garm_motion_planning_demos:/home/scott/mercer_garm_ws/install/g_arm_trajectory_bridge:/home/scott/mercer_garm_ws/install/g_arm_python_examples:/home/scott/mercer_garm_ws/install/g-arm_simulation:/home/scott/mercer_garm_ws/install/g_arm:/home/scott/ros2_ws/install/joy_js_pkg:/home/scott/ros2_ws/install/garm_motion_planning_demos:/home/scott/ros2_ws/install/g_arm_trajectory_bridge:/home/scott/ros2_ws/install/g_arm_python_examples:/home/scott/ros2_ws/install/g-arm_simulation:/home/scott/ros2_ws/install/g_arm:/home/scott/ws_moveit/install/moveit_configs_utils:/opt/ros/jazzy DEBUGINFOD_URLS=https://debuginfod.ubuntu.com PS1=(ros2_venv) \[\e]0;\u@\h: \w\a\]${debian_chroot:+($debian_chroot)}\[\033[01;32m\]\u@\h\[\033[00m\]:\[\033[01;34m\]\w\[\033[00m\]\$ VIRTUAL_ENV_PROMPT=(ros2_venv) /snap/bin/cmake --build /home/scott/mercer_garm/ros2/build/pi_gpio_interface -- -j4 -l4
[14.011s] Invoking command in '/home/scott/mercer_garm/ros2/build/pi_gpio_interface': CMAKE_PREFIX_PATH=${CMAKE_PREFIX_PATH}:/home/scott/mercer_garm/ros2/install/mercer_robot_commander_py:/home/scott/mercer_garm/ros2/install/mercer_g_arm_desktop_bringup:/home/scott/mercer_garm/ros2/install/mercer_g_arm_sim:/home/scott/mercer_garm/ros2/install/mercer_g_arm_rpi_bringup:/home/scott/mercer_garm/ros2/install/mercer_g_arm:/home/scott/mercer_garm/ros2/install/mercer_g-arm_rpi_bringup:/home/scott/mercer_garm/ros2/install/mercer_g-arm_desktop_bringup:/home/scott/mercer_garm/ros2/install/joy_js_pkg:/home/scott/mercer_garm/ros2/install/garm_motion_planning_demos:/home/scott/mercer_garm/ros2/install/g_arm_trajectory_bridge:/home/scott/mercer_garm/ros2/install/g_arm_python_examples:/home/scott/mercer_garm/ros2/install/g-arm_simulation:/home/scott/mercer_garm/ros2/install/g_arm:/home/scott/mercer_garm_ws/install/mercer_g_arm_desktop_bringup:/home/scott/mercer_garm_ws/install/mercer_robot_commander_py:/home/scott/mercer_garm_ws/install/mercer_g_arm_sim:/home/scott/mercer_garm_ws/install/mercer_g_arm_rpi_bringup:/home/scott/mercer_garm_ws/install/mercer_g_arm:/home/scott/mercer_garm_ws/install/mercer_g-arm_rpi_bringup:/home/scott/mercer_garm_ws/install/mercer_g-arm_desktop_bringup:/home/scott/mercer_garm_ws/install/joy_js_pkg:/home/scott/mercer_garm_ws/install/garm_motion_planning_demos:/home/scott/mercer_garm_ws/install/g_arm_trajectory_bridge:/home/scott/mercer_garm_ws/install/g_arm_python_examples:/home/scott/mercer_garm_ws/install/g-arm_simulation:/home/scott/mercer_garm_ws/install/g_arm:/home/scott/ros2_ws/install/joy_js_pkg:/home/scott/ros2_ws/install/garm_motion_planning_demos:/home/scott/ros2_ws/install/g_arm_trajectory_bridge:/home/scott/ros2_ws/install/g_arm_python_examples:/home/scott/ros2_ws/install/g-arm_simulation:/home/scott/ros2_ws/install/g_arm:/home/scott/ws_moveit/install/moveit_configs_utils:/opt/ros/jazzy DEBUGINFOD_URLS=https://debuginfod.ubuntu.com PS1=(ros2_venv) \[\e]0;\u@\h: \w\a\]${debian_chroot:+($debian_chroot)}\[\033[01;32m\]\u@\h\[\033[00m\]:\[\033[01;34m\]\w\[\033[00m\]\$ VIRTUAL_ENV_PROMPT=(ros2_venv) /snap/bin/cmake --install /home/scott/mercer_garm/ros2/build/pi_gpio_interface
[14.089s] -- Install configuration: ""
[14.090s] -- Installing: /home/scott/mercer_garm/ros2/install/pi_gpio_interface/share/ament_index/resource_index/rosidl_interfaces/pi_gpio_interface
[14.090s] -- Installing: /home/scott/mercer_garm/ros2/install/pi_gpio_interface/share/pi_gpio_interface/action/GPIO.json
[14.090s] -- Installing: /home/scott/mercer_garm/ros2/install/pi_gpio_interface/include/pi_gpio_interface/pi_gpio_interface
[14.090s] -- Installing: /home/scott/mercer_garm/ros2/install/pi_gpio_interface/include/pi_gpio_interface/pi_gpio_interface/action
[14.090s] -- Installing: /home/scott/mercer_garm/ros2/install/pi_gpio_interface/include/pi_gpio_interface/pi_gpio_interface/action/gpio.h
[14.090s] -- Installing: /home/scott/mercer_garm/ros2/install/pi_gpio_interface/include/pi_gpio_interface/pi_gpio_interface/action/detail
[14.091s] -- Installing: /home/scott/mercer_garm/ros2/install/pi_gpio_interface/include/pi_gpio_interface/pi_gpio_interface/action/detail/gpio__functions.c
[14.091s] -- Installing: /home/scott/mercer_garm/ros2/install/pi_gpio_interface/include/pi_gpio_interface/pi_gpio_interface/action/detail/gpio__struct.h
[14.091s] -- Installing: /home/scott/mercer_garm/ros2/install/pi_gpio_interface/include/pi_gpio_interface/pi_gpio_interface/action/detail/gpio__description.c
[14.091s] -- Installing: /home/scott/mercer_garm/ros2/install/pi_gpio_interface/include/pi_gpio_interface/pi_gpio_interface/action/detail/gpio__functions.h
[14.091s] -- Installing: /home/scott/mercer_garm/ros2/install/pi_gpio_interface/include/pi_gpio_interface/pi_gpio_interface/action/detail/gpio__type_support.h
[14.091s] -- Installing: /home/scott/mercer_garm/ros2/install/pi_gpio_interface/include/pi_gpio_interface/pi_gpio_interface/action/detail/gpio__type_support.c
[14.092s] -- Installing: /home/scott/mercer_garm/ros2/install/pi_gpio_interface/include/pi_gpio_interface/pi_gpio_interface/msg
[14.092s] -- Installing: /home/scott/mercer_garm/ros2/install/pi_gpio_interface/include/pi_gpio_interface/pi_gpio_interface/msg/rosidl_generator_c__visibility_control.h
[14.092s] -- Installing: /home/scott/mercer_garm/ros2/install/pi_gpio_interface/share/pi_gpio_interface/environment/library_path.sh
[14.092s] -- Installing: /home/scott/mercer_garm/ros2/install/pi_gpio_interface/share/pi_gpio_interface/environment/library_path.dsv
[14.092s] -- Installing: /home/scott/mercer_garm/ros2/install/pi_gpio_interface/lib/libpi_gpio_interface__rosidl_generator_c.so
[14.093s] -- Set non-toolchain portion of runtime path of "/home/scott/mercer_garm/ros2/install/pi_gpio_interface/lib/libpi_gpio_interface__rosidl_generator_c.so" to ""
[14.093s] -- Up-to-date: /home/scott/mercer_garm/ros2/install/pi_gpio_interface/include/pi_gpio_interface/pi_gpio_interface
[14.093s] -- Up-to-date: /home/scott/mercer_garm/ros2/install/pi_gpio_interface/include/pi_gpio_interface/pi_gpio_interface/action
[14.093s] -- Up-to-date: /home/scott/mercer_garm/ros2/install/pi_gpio_interface/include/pi_gpio_interface/pi_gpio_interface/action/detail
[14.093s] -- Installing: /home/scott/mercer_garm/ros2/install/pi_gpio_interface/include/pi_gpio_interface/pi_gpio_interface/action/detail/gpio__rosidl_typesupport_fastrtps_c.h
[14.093s] -- Up-to-date: /home/scott/mercer_garm/ros2/install/pi_gpio_interface/include/pi_gpio_interface/pi_gpio_interface/msg
[14.093s] -- Installing: /home/scott/mercer_garm/ros2/install/pi_gpio_interface/include/pi_gpio_interface/pi_gpio_interface/msg/rosidl_typesupport_fastrtps_c__visibility_control.h
[14.093s] -- Installing: /home/scott/mercer_garm/ros2/install/pi_gpio_interface/lib/libpi_gpio_interface__rosidl_typesupport_fastrtps_c.so
[14.094s] -- Set non-toolchain portion of runtime path of "/home/scott/mercer_garm/ros2/install/pi_gpio_interface/lib/libpi_gpio_interface__rosidl_typesupport_fastrtps_c.so" to ""
[14.094s] -- Up-to-date: /home/scott/mercer_garm/ros2/install/pi_gpio_interface/include/pi_gpio_interface/pi_gpio_interface
[14.094s] -- Up-to-date: /home/scott/mercer_garm/ros2/install/pi_gpio_interface/include/pi_gpio_interface/pi_gpio_interface/action
[14.094s] -- Up-to-date: /home/scott/mercer_garm/ros2/install/pi_gpio_interface/include/pi_gpio_interface/pi_gpio_interface/action/detail
[14.094s] -- Installing: /home/scott/mercer_garm/ros2/install/pi_gpio_interface/include/pi_gpio_interface/pi_gpio_interface/action/detail/gpio__rosidl_typesupport_introspection_c.h
[14.094s] -- Installing: /home/scott/mercer_garm/ros2/install/pi_gpio_interface/include/pi_gpio_interface/pi_gpio_interface/action/detail/gpio__type_support.c
[14.094s] -- Up-to-date: /home/scott/mercer_garm/ros2/install/pi_gpio_interface/include/pi_gpio_interface/pi_gpio_interface/msg
[14.094s] -- Installing: /home/scott/mercer_garm/ros2/install/pi_gpio_interface/include/pi_gpio_interface/pi_gpio_interface/msg/rosidl_typesupport_introspection_c__visibility_control.h
[14.095s] -- Installing: /home/scott/mercer_garm/ros2/install/pi_gpio_interface/lib/libpi_gpio_interface__rosidl_typesupport_introspection_c.so
[14.095s] -- Set non-toolchain portion of runtime path of "/home/scott/mercer_garm/ros2/install/pi_gpio_interface/lib/libpi_gpio_interface__rosidl_typesupport_introspection_c.so" to ""
[14.095s] -- Installing: /home/scott/mercer_garm/ros2/install/pi_gpio_interface/lib/libpi_gpio_interface__rosidl_typesupport_c.so
[14.096s] -- Set non-toolchain portion of runtime path of "/home/scott/mercer_garm/ros2/install/pi_gpio_interface/lib/libpi_gpio_interface__rosidl_typesupport_c.so" to ""
[14.096s] -- Up-to-date: /home/scott/mercer_garm/ros2/install/pi_gpio_interface/include/pi_gpio_interface/pi_gpio_interface
[14.096s] -- Up-to-date: /home/scott/mercer_garm/ros2/install/pi_gpio_interface/include/pi_gpio_interface/pi_gpio_interface/action
[14.096s] -- Up-to-date: /home/scott/mercer_garm/ros2/install/pi_gpio_interface/include/pi_gpio_interface/pi_gpio_interface/action/detail
[14.096s] -- Installing: /home/scott/mercer_garm/ros2/install/pi_gpio_interface/include/pi_gpio_interface/pi_gpio_interface/action/detail/gpio__builder.hpp
[14.096s] -- Installing: /home/scott/mercer_garm/ros2/install/pi_gpio_interface/include/pi_gpio_interface/pi_gpio_interface/action/detail/gpio__struct.hpp
[14.096s] -- Installing: /home/scott/mercer_garm/ros2/install/pi_gpio_interface/include/pi_gpio_interface/pi_gpio_interface/action/detail/gpio__traits.hpp
[14.096s] -- Installing: /home/scott/mercer_garm/ros2/install/pi_gpio_interface/include/pi_gpio_interface/pi_gpio_interface/action/detail/gpio__type_support.hpp
[14.096s] -- Installing: /home/scott/mercer_garm/ros2/install/pi_gpio_interface/include/pi_gpio_interface/pi_gpio_interface/action/gpio.hpp
[14.097s] -- Up-to-date: /home/scott/mercer_garm/ros2/install/pi_gpio_interface/include/pi_gpio_interface/pi_gpio_interface/msg
[14.097s] -- Installing: /home/scott/mercer_garm/ros2/install/pi_gpio_interface/include/pi_gpio_interface/pi_gpio_interface/msg/rosidl_generator_cpp__visibility_control.hpp
[14.097s] -- Up-to-date: /home/scott/mercer_garm/ros2/install/pi_gpio_interface/include/pi_gpio_interface/pi_gpio_interface
[14.097s] -- Up-to-date: /home/scott/mercer_garm/ros2/install/pi_gpio_interface/include/pi_gpio_interface/pi_gpio_interface/action
[14.097s] -- Up-to-date: /home/scott/mercer_garm/ros2/install/pi_gpio_interface/include/pi_gpio_interface/pi_gpio_interface/action/detail
[14.097s] -- Installing: /home/scott/mercer_garm/ros2/install/pi_gpio_interface/include/pi_gpio_interface/pi_gpio_interface/action/detail/gpio__rosidl_typesupport_fastrtps_cpp.hpp
[14.097s] -- Installing: /home/scott/mercer_garm/ros2/install/pi_gpio_interface/include/pi_gpio_interface/pi_gpio_interface/action/detail/dds_fastrtps
[14.097s] -- Up-to-date: /home/scott/mercer_garm/ros2/install/pi_gpio_interface/include/pi_gpio_interface/pi_gpio_interface/msg
[14.097s] -- Installing: /home/scott/mercer_garm/ros2/install/pi_gpio_interface/include/pi_gpio_interface/pi_gpio_interface/msg/rosidl_typesupport_fastrtps_cpp__visibility_control.h
[14.098s] -- Installing: /home/scott/mercer_garm/ros2/install/pi_gpio_interface/lib/libpi_gpio_interface__rosidl_typesupport_fastrtps_cpp.so
[14.098s] -- Set non-toolchain portion of runtime path of "/home/scott/mercer_garm/ros2/install/pi_gpio_interface/lib/libpi_gpio_interface__rosidl_typesupport_fastrtps_cpp.so" to ""
[14.099s] -- Up-to-date: /home/scott/mercer_garm/ros2/install/pi_gpio_interface/include/pi_gpio_interface/pi_gpio_interface
[14.099s] -- Up-to-date: /home/scott/mercer_garm/ros2/install/pi_gpio_interface/include/pi_gpio_interface/pi_gpio_interface/action
[14.099s] -- Up-to-date: /home/scott/mercer_garm/ros2/install/pi_gpio_interface/include/pi_gpio_interface/pi_gpio_interface/action/detail
[14.099s] -- Installing: /home/scott/mercer_garm/ros2/install/pi_gpio_interface/include/pi_gpio_interface/pi_gpio_interface/action/detail/gpio__rosidl_typesupport_introspection_cpp.hpp
[14.099s] -- Installing: /home/scott/mercer_garm/ros2/install/pi_gpio_interface/include/pi_gpio_interface/pi_gpio_interface/action/detail/gpio__type_support.cpp
[14.100s] -- Installing: /home/scott/mercer_garm/ros2/install/pi_gpio_interface/lib/libpi_gpio_interface__rosidl_typesupport_introspection_cpp.so
[14.100s] -- Set non-toolchain portion of runtime path of "/home/scott/mercer_garm/ros2/install/pi_gpio_interface/lib/libpi_gpio_interface__rosidl_typesupport_introspection_cpp.so" to ""
[14.100s] -- Installing: /home/scott/mercer_garm/ros2/install/pi_gpio_interface/lib/libpi_gpio_interface__rosidl_typesupport_cpp.so
[14.101s] -- Set non-toolchain portion of runtime path of "/home/scott/mercer_garm/ros2/install/pi_gpio_interface/lib/libpi_gpio_interface__rosidl_typesupport_cpp.so" to ""
[14.101s] -- Installing: /home/scott/mercer_garm/ros2/install/pi_gpio_interface/share/pi_gpio_interface/environment/pythonpath.sh
[14.101s] -- Installing: /home/scott/mercer_garm/ros2/install/pi_gpio_interface/share/pi_gpio_interface/environment/pythonpath.dsv
[14.101s] -- Installing: /home/scott/mercer_garm/ros2/install/pi_gpio_interface/lib/python3.12/site-packages/pi_gpio_interface-0.0.1-py3.12.egg-info
[14.101s] -- Installing: /home/scott/mercer_garm/ros2/install/pi_gpio_interface/lib/python3.12/site-packages/pi_gpio_interface-0.0.1-py3.12.egg-info/top_level.txt
[14.101s] -- Installing: /home/scott/mercer_garm/ros2/install/pi_gpio_interface/lib/python3.12/site-packages/pi_gpio_interface-0.0.1-py3.12.egg-info/dependency_links.txt
[14.101s] -- Installing: /home/scott/mercer_garm/ros2/install/pi_gpio_interface/lib/python3.12/site-packages/pi_gpio_interface-0.0.1-py3.12.egg-info/SOURCES.txt
[14.101s] -- Installing: /home/scott/mercer_garm/ros2/install/pi_gpio_interface/lib/python3.12/site-packages/pi_gpio_interface-0.0.1-py3.12.egg-info/PKG-INFO
[14.102s] -- Installing: /home/scott/mercer_garm/ros2/install/pi_gpio_interface/lib/python3.12/site-packages/pi_gpio_interface
[14.102s] -- Installing: /home/scott/mercer_garm/ros2/install/pi_gpio_interface/lib/python3.12/site-packages/pi_gpio_interface/_pi_gpio_interface_s.ep.rosidl_typesupport_fastrtps_c.c
[14.102s] -- Installing: /home/scott/mercer_garm/ros2/install/pi_gpio_interface/lib/python3.12/site-packages/pi_gpio_interface/__init__.py
[14.102s] -- Installing: /home/scott/mercer_garm/ros2/install/pi_gpio_interface/lib/python3.12/site-packages/pi_gpio_interface/pi_gpio_interface_s__rosidl_typesupport_c.so
[14.102s] -- Installing: /home/scott/mercer_garm/ros2/install/pi_gpio_interface/lib/python3.12/site-packages/pi_gpio_interface/action
[14.102s] -- Installing: /home/scott/mercer_garm/ros2/install/pi_gpio_interface/lib/python3.12/site-packages/pi_gpio_interface/action/__init__.py
[14.102s] -- Installing: /home/scott/mercer_garm/ros2/install/pi_gpio_interface/lib/python3.12/site-packages/pi_gpio_interface/action/_gpio_s.c
[14.102s] -- Installing: /home/scott/mercer_garm/ros2/install/pi_gpio_interface/lib/python3.12/site-packages/pi_gpio_interface/action/_gpio.py
[14.103s] -- Installing: /home/scott/mercer_garm/ros2/install/pi_gpio_interface/lib/python3.12/site-packages/pi_gpio_interface/pi_gpio_interface_s__rosidl_typesupport_introspection_c.so
[14.103s] -- Installing: /home/scott/mercer_garm/ros2/install/pi_gpio_interface/lib/python3.12/site-packages/pi_gpio_interface/_pi_gpio_interface_s.ep.rosidl_typesupport_c.c
[14.103s] -- Installing: /home/scott/mercer_garm/ros2/install/pi_gpio_interface/lib/python3.12/site-packages/pi_gpio_interface/_pi_gpio_interface_s.ep.rosidl_typesupport_introspection_c.c
[14.103s] -- Installing: /home/scott/mercer_garm/ros2/install/pi_gpio_interface/lib/python3.12/site-packages/pi_gpio_interface/pi_gpio_interface_s__rosidl_typesupport_fastrtps_c.so
[14.199s] Listing '/home/scott/mercer_garm/ros2/install/pi_gpio_interface/lib/python3.12/site-packages/pi_gpio_interface'...
[14.199s] Compiling '/home/scott/mercer_garm/ros2/install/pi_gpio_interface/lib/python3.12/site-packages/pi_gpio_interface/__init__.py'...
[14.199s] Listing '/home/scott/mercer_garm/ros2/install/pi_gpio_interface/lib/python3.12/site-packages/pi_gpio_interface/action'...
[14.199s] Compiling '/home/scott/mercer_garm/ros2/install/pi_gpio_interface/lib/python3.12/site-packages/pi_gpio_interface/action/__init__.py'...
[14.199s] Compiling '/home/scott/mercer_garm/ros2/install/pi_gpio_interface/lib/python3.12/site-packages/pi_gpio_interface/action/_gpio.py'...
[14.210s] -- Installing: /home/scott/mercer_garm/ros2/install/pi_gpio_interface/lib/python3.12/site-packages/pi_gpio_interface/pi_gpio_interface_s__rosidl_typesupport_fastrtps_c.so
[14.210s] -- Set non-toolchain portion of runtime path of "/home/scott/mercer_garm/ros2/install/pi_gpio_interface/lib/python3.12/site-packages/pi_gpio_interface/pi_gpio_interface_s__rosidl_typesupport_fastrtps_c.so" to ""
[14.210s] -- Installing: /home/scott/mercer_garm/ros2/install/pi_gpio_interface/lib/python3.12/site-packages/pi_gpio_interface/pi_gpio_interface_s__rosidl_typesupport_introspection_c.so
[14.210s] -- Set non-toolchain portion of runtime path of "/home/scott/mercer_garm/ros2/install/pi_gpio_interface/lib/python3.12/site-packages/pi_gpio_interface/pi_gpio_interface_s__rosidl_typesupport_introspection_c.so" to ""
[14.210s] -- Installing: /home/scott/mercer_garm/ros2/install/pi_gpio_interface/lib/python3.12/site-packages/pi_gpio_interface/pi_gpio_interface_s__rosidl_typesupport_c.so
[14.210s] -- Set non-toolchain portion of runtime path of "/home/scott/mercer_garm/ros2/install/pi_gpio_interface/lib/python3.12/site-packages/pi_gpio_interface/pi_gpio_interface_s__rosidl_typesupport_c.so" to ""
[14.210s] -- Installing: /home/scott/mercer_garm/ros2/install/pi_gpio_interface/lib/libpi_gpio_interface__rosidl_generator_py.so
[14.215s] -- Set non-toolchain portion of runtime path of "/home/scott/mercer_garm/ros2/install/pi_gpio_interface/lib/libpi_gpio_interface__rosidl_generator_py.so" to ""
[14.215s] -- Installing: /home/scott/mercer_garm/ros2/install/pi_gpio_interface/share/pi_gpio_interface/action/GPIO.idl
[14.216s] -- Installing: /home/scott/mercer_garm/ros2/install/pi_gpio_interface/share/pi_gpio_interface/action/GPIO.action
[14.216s] -- Installing: /home/scott/mercer_garm/ros2/install/pi_gpio_interface/share/ament_index/resource_index/package_run_dependencies/pi_gpio_interface
[14.216s] -- Installing: /home/scott/mercer_garm/ros2/install/pi_gpio_interface/share/ament_index/resource_index/parent_prefix_path/pi_gpio_interface
[14.216s] -- Installing: /home/scott/mercer_garm/ros2/install/pi_gpio_interface/share/pi_gpio_interface/environment/ament_prefix_path.sh
[14.216s] -- Installing: /home/scott/mercer_garm/ros2/install/pi_gpio_interface/share/pi_gpio_interface/environment/ament_prefix_path.dsv
[14.216s] -- Installing: /home/scott/mercer_garm/ros2/install/pi_gpio_interface/share/pi_gpio_interface/environment/path.sh
[14.216s] -- Installing: /home/scott/mercer_garm/ros2/install/pi_gpio_interface/share/pi_gpio_interface/environment/path.dsv
[14.216s] -- Installing: /home/scott/mercer_garm/ros2/install/pi_gpio_interface/share/pi_gpio_interface/local_setup.bash
[14.221s] -- Installing: /home/scott/mercer_garm/ros2/install/pi_gpio_interface/share/pi_gpio_interface/local_setup.sh
[14.222s] -- Installing: /home/scott/mercer_garm/ros2/install/pi_gpio_interface/share/pi_gpio_interface/local_setup.zsh
[14.222s] -- Installing: /home/scott/mercer_garm/ros2/install/pi_gpio_interface/share/pi_gpio_interface/local_setup.dsv
[14.222s] -- Installing: /home/scott/mercer_garm/ros2/install/pi_gpio_interface/share/pi_gpio_interface/package.dsv
[14.223s] -- Installing: /home/scott/mercer_garm/ros2/install/pi_gpio_interface/share/ament_index/resource_index/packages/pi_gpio_interface
[14.223s] -- Installing: /home/scott/mercer_garm/ros2/install/pi_gpio_interface/share/pi_gpio_interface/cmake/export_pi_gpio_interface__rosidl_generator_cExport.cmake
[14.223s] -- Installing: /home/scott/mercer_garm/ros2/install/pi_gpio_interface/share/pi_gpio_interface/cmake/export_pi_gpio_interface__rosidl_generator_cExport-noconfig.cmake
[14.223s] -- Installing: /home/scott/mercer_garm/ros2/install/pi_gpio_interface/share/pi_gpio_interface/cmake/export_pi_gpio_interface__rosidl_typesupport_fastrtps_cExport.cmake
[14.223s] -- Installing: /home/scott/mercer_garm/ros2/install/pi_gpio_interface/share/pi_gpio_interface/cmake/export_pi_gpio_interface__rosidl_typesupport_fastrtps_cExport-noconfig.cmake
[14.223s] -- Installing: /home/scott/mercer_garm/ros2/install/pi_gpio_interface/share/pi_gpio_interface/cmake/pi_gpio_interface__rosidl_typesupport_introspection_cExport.cmake
[14.224s] -- Installing: /home/scott/mercer_garm/ros2/install/pi_gpio_interface/share/pi_gpio_interface/cmake/pi_gpio_interface__rosidl_typesupport_introspection_cExport-noconfig.cmake
[14.224s] -- Installing: /home/scott/mercer_garm/ros2/install/pi_gpio_interface/share/pi_gpio_interface/cmake/pi_gpio_interface__rosidl_typesupport_cExport.cmake
[14.227s] -- Installing: /home/scott/mercer_garm/ros2/install/pi_gpio_interface/share/pi_gpio_interface/cmake/pi_gpio_interface__rosidl_typesupport_cExport-noconfig.cmake
[14.227s] -- Installing: /home/scott/mercer_garm/ros2/install/pi_gpio_interface/share/pi_gpio_interface/cmake/export_pi_gpio_interface__rosidl_generator_cppExport.cmake
[14.227s] -- Installing: /home/scott/mercer_garm/ros2/install/pi_gpio_interface/share/pi_gpio_interface/cmake/export_pi_gpio_interface__rosidl_typesupport_fastrtps_cppExport.cmake
[14.227s] -- Installing: /home/scott/mercer_garm/ros2/install/pi_gpio_interface/share/pi_gpio_interface/cmake/export_pi_gpio_interface__rosidl_typesupport_fastrtps_cppExport-noconfig.cmake
[14.227s] -- Installing: /home/scott/mercer_garm/ros2/install/pi_gpio_interface/share/pi_gpio_interface/cmake/pi_gpio_interface__rosidl_typesupport_introspection_cppExport.cmake
[14.227s] -- Installing: /home/scott/mercer_garm/ros2/install/pi_gpio_interface/share/pi_gpio_interface/cmake/pi_gpio_interface__rosidl_typesupport_introspection_cppExport-noconfig.cmake
[14.228s] -- Installing: /home/scott/mercer_garm/ros2/install/pi_gpio_interface/share/pi_gpio_interface/cmake/pi_gpio_interface__rosidl_typesupport_cppExport.cmake
[14.229s] -- Installing: /home/scott/mercer_garm/ros2/install/pi_gpio_interface/share/pi_gpio_interface/cmake/pi_gpio_interface__rosidl_typesupport_cppExport-noconfig.cmake
[14.229s] -- Installing: /home/scott/mercer_garm/ros2/install/pi_gpio_interface/share/pi_gpio_interface/cmake/export_pi_gpio_interface__rosidl_generator_pyExport.cmake
[14.229s] -- Installing: /home/scott/mercer_garm/ros2/install/pi_gpio_interface/share/pi_gpio_interface/cmake/export_pi_gpio_interface__rosidl_generator_pyExport-noconfig.cmake
[14.229s] -- Installing: /home/scott/mercer_garm/ros2/install/pi_gpio_interface/share/pi_gpio_interface/cmake/rosidl_cmake-extras.cmake
[14.229s] -- Installing: /home/scott/mercer_garm/ros2/install/pi_gpio_interface/share/pi_gpio_interface/cmake/ament_cmake_export_dependencies-extras.cmake
[14.229s] -- Installing: /home/scott/mercer_garm/ros2/install/pi_gpio_interface/share/pi_gpio_interface/cmake/ament_cmake_export_include_directories-extras.cmake
[14.229s] -- Installing: /home/scott/mercer_garm/ros2/install/pi_gpio_interface/share/pi_gpio_interface/cmake/ament_cmake_export_libraries-extras.cmake
[14.229s] -- Installing: /home/scott/mercer_garm/ros2/install/pi_gpio_interface/share/pi_gpio_interface/cmake/ament_cmake_export_targets-extras.cmake
[14.229s] -- Installing: /home/scott/mercer_garm/ros2/install/pi_gpio_interface/share/pi_gpio_interface/cmake/rosidl_cmake_export_typesupport_targets-extras.cmake
[14.229s] -- Installing: /home/scott/mercer_garm/ros2/install/pi_gpio_interface/share/pi_gpio_interface/cmake/rosidl_cmake_export_typesupport_libraries-extras.cmake
[14.229s] -- Installing: /home/scott/mercer_garm/ros2/install/pi_gpio_interface/share/pi_gpio_interface/cmake/pi_gpio_interfaceConfig.cmake
[14.230s] -- Installing: /home/scott/mercer_garm/ros2/install/pi_gpio_interface/share/pi_gpio_interface/cmake/pi_gpio_interfaceConfig-version.cmake
[14.230s] -- Installing: /home/scott/mercer_garm/ros2/install/pi_gpio_interface/share/pi_gpio_interface/package.xml
[14.257s] Invoked command in '/home/scott/mercer_garm/ros2/build/pi_gpio_interface' returned '0': CMAKE_PREFIX_PATH=${CMAKE_PREFIX_PATH}:/home/scott/mercer_garm/ros2/install/mercer_robot_commander_py:/home/scott/mercer_garm/ros2/install/mercer_g_arm_desktop_bringup:/home/scott/mercer_garm/ros2/install/mercer_g_arm_sim:/home/scott/mercer_garm/ros2/install/mercer_g_arm_rpi_bringup:/home/scott/mercer_garm/ros2/install/mercer_g_arm:/home/scott/mercer_garm/ros2/install/mercer_g-arm_rpi_bringup:/home/scott/mercer_garm/ros2/install/mercer_g-arm_desktop_bringup:/home/scott/mercer_garm/ros2/install/joy_js_pkg:/home/scott/mercer_garm/ros2/install/garm_motion_planning_demos:/home/scott/mercer_garm/ros2/install/g_arm_trajectory_bridge:/home/scott/mercer_garm/ros2/install/g_arm_python_examples:/home/scott/mercer_garm/ros2/install/g-arm_simulation:/home/scott/mercer_garm/ros2/install/g_arm:/home/scott/mercer_garm_ws/install/mercer_g_arm_desktop_bringup:/home/scott/mercer_garm_ws/install/mercer_robot_commander_py:/home/scott/mercer_garm_ws/install/mercer_g_arm_sim:/home/scott/mercer_garm_ws/install/mercer_g_arm_rpi_bringup:/home/scott/mercer_garm_ws/install/mercer_g_arm:/home/scott/mercer_garm_ws/install/mercer_g-arm_rpi_bringup:/home/scott/mercer_garm_ws/install/mercer_g-arm_desktop_bringup:/home/scott/mercer_garm_ws/install/joy_js_pkg:/home/scott/mercer_garm_ws/install/garm_motion_planning_demos:/home/scott/mercer_garm_ws/install/g_arm_trajectory_bridge:/home/scott/mercer_garm_ws/install/g_arm_python_examples:/home/scott/mercer_garm_ws/install/g-arm_simulation:/home/scott/mercer_garm_ws/install/g_arm:/home/scott/ros2_ws/install/joy_js_pkg:/home/scott/ros2_ws/install/garm_motion_planning_demos:/home/scott/ros2_ws/install/g_arm_trajectory_bridge:/home/scott/ros2_ws/install/g_arm_python_examples:/home/scott/ros2_ws/install/g-arm_simulation:/home/scott/ros2_ws/install/g_arm:/home/scott/ws_moveit/install/moveit_configs_utils:/opt/ros/jazzy DEBUGINFOD_URLS=https://debuginfod.ubuntu.com PS1=(ros2_venv) \[\e]0;\u@\h: \w\a\]${debian_chroot:+($debian_chroot)}\[\033[01;32m\]\u@\h\[\033[00m\]:\[\033[01;34m\]\w\[\033[00m\]\$ VIRTUAL_ENV_PROMPT=(ros2_venv) /snap/bin/cmake --install /home/scott/mercer_garm/ros2/build/pi_gpio_interface
