[0.055s] Invoking command in '/home/scott/mercer_garm/ros2/build/g_arm_description': CMAKE_PREFIX_PATH=${CMAKE_PREFIX_PATH}:/home/scott/mercer_garm/ros2/install/mercer_robot_commander_py:/home/scott/mercer_garm/ros2/install/mercer_g_arm_desktop_bringup:/home/scott/mercer_garm/ros2/install/mercer_g_arm_sim:/home/scott/mercer_garm/ros2/install/mercer_g_arm_rpi_bringup:/home/scott/mercer_garm/ros2/install/mercer_g_arm:/home/scott/mercer_garm/ros2/install/mercer_g-arm_rpi_bringup:/home/scott/mercer_garm/ros2/install/mercer_g-arm_desktop_bringup:/home/scott/mercer_garm/ros2/install/joy_js_pkg:/home/scott/mercer_garm/ros2/install/garm_motion_planning_demos:/home/scott/mercer_garm/ros2/install/g_arm_trajectory_bridge:/home/scott/mercer_garm/ros2/install/g_arm_python_examples:/home/scott/mercer_garm/ros2/install/g-arm_simulation:/home/scott/mercer_garm/ros2/install/g_arm:/home/scott/mercer_garm_ws/install/mercer_g_arm_desktop_bringup:/home/scott/mercer_garm_ws/install/mercer_robot_commander_py:/home/scott/mercer_garm_ws/install/mercer_g_arm_sim:/home/scott/mercer_garm_ws/install/mercer_g_arm_rpi_bringup:/home/scott/mercer_garm_ws/install/mercer_g_arm:/home/scott/mercer_garm_ws/install/mercer_g-arm_rpi_bringup:/home/scott/mercer_garm_ws/install/mercer_g-arm_desktop_bringup:/home/scott/mercer_garm_ws/install/joy_js_pkg:/home/scott/mercer_garm_ws/install/garm_motion_planning_demos:/home/scott/mercer_garm_ws/install/g_arm_trajectory_bridge:/home/scott/mercer_garm_ws/install/g_arm_python_examples:/home/scott/mercer_garm_ws/install/g-arm_simulation:/home/scott/mercer_garm_ws/install/g_arm:/home/scott/ros2_ws/install/joy_js_pkg:/home/scott/ros2_ws/install/garm_motion_planning_demos:/home/scott/ros2_ws/install/g_arm_trajectory_bridge:/home/scott/ros2_ws/install/g_arm_python_examples:/home/scott/ros2_ws/install/g-arm_simulation:/home/scott/ros2_ws/install/g_arm:/home/scott/ws_moveit/install/moveit_configs_utils:/opt/ros/jazzy DEBUGINFOD_URLS=https://debuginfod.ubuntu.com PS1=(ros2_venv) \[\e]0;\u@\h: \w\a\]${debian_chroot:+($debian_chroot)}\[\033[01;32m\]\u@\h\[\033[00m\]:\[\033[01;34m\]\w\[\033[00m\]\$ VIRTUAL_ENV_PROMPT=(ros2_venv) /snap/bin/cmake /home/scott/mercer_garm/ros2/src/g_arm_description -DCMAKE_INSTALL_PREFIX=/home/scott/mercer_garm/ros2/install/g_arm_description
[0.398s] [0mCMake Deprecation Warning at CMakeLists.txt:1 (cmake_minimum_required):
[0.398s]   Compatibility with CMake < 3.10 will be removed from a future version of
[0.398s]   CMake.
[0.398s] 
[0.398s]   Update the VERSION argument <min> value.  Or, use the <min>...<max> syntax
[0.398s]   to tell CMake that the project requires at least <min> but has been updated
[0.398s]   to work with policies introduced by <max> or earlier.
[0.398s] 
[0.398s] [0m
[1.025s] -- The C compiler identification is GNU 13.3.0
[1.837s] -- The CXX compiler identification is GNU 13.3.0
[1.890s] -- Detecting C compiler ABI info
[2.062s] -- Detecting C compiler ABI info - done
[2.085s] -- Check for working C compiler: /usr/bin/cc - skipped
[2.086s] -- Detecting C compile features
[2.087s] -- Detecting C compile features - done
[2.125s] -- Detecting CXX compiler ABI info
[2.222s] -- Detecting CXX compiler ABI info - done
[2.244s] -- Check for working CXX compiler: /usr/bin/c++ - skipped
[2.246s] -- Detecting CXX compile features
[2.246s] -- Detecting CXX compile features - done
[3.141s] -- Found ament_cmake: 2.5.5 (/opt/ros/jazzy/share/ament_cmake/cmake)
[3.368s] -- Found Python3: /home/scott/ros2_venv/bin/python3 (found version "3.12.3") found components: Interpreter
[3.855s] -- Found ament_lint_auto: 0.17.4 (/opt/ros/jazzy/share/ament_lint_auto/cmake)
[4.560s] -- Added test 'copyright' to check source files copyright and LICENSE
[4.597s] -- Added test 'flake8' to check Python code syntax and style conventions
[4.597s] -- Configured 'flake8' exclude dirs and/or files: 
[4.612s] -- Added test 'lint_cmake' to check CMake code style
[4.617s] -- Added test 'pep257' to check Python code against some of the docstring style conventions in PEP 257
[4.632s] -- Added test 'xmllint' to check XML markup files
[4.645s] -- Configuring done (4.5s)
[4.650s] -- Generating done (0.0s)
[4.652s] -- Build files have been written to: /home/scott/mercer_garm/ros2/build/g_arm_description
[4.658s] Invoked command in '/home/scott/mercer_garm/ros2/build/g_arm_description' returned '0': CMAKE_PREFIX_PATH=${CMAKE_PREFIX_PATH}:/home/scott/mercer_garm/ros2/install/mercer_robot_commander_py:/home/scott/mercer_garm/ros2/install/mercer_g_arm_desktop_bringup:/home/scott/mercer_garm/ros2/install/mercer_g_arm_sim:/home/scott/mercer_garm/ros2/install/mercer_g_arm_rpi_bringup:/home/scott/mercer_garm/ros2/install/mercer_g_arm:/home/scott/mercer_garm/ros2/install/mercer_g-arm_rpi_bringup:/home/scott/mercer_garm/ros2/install/mercer_g-arm_desktop_bringup:/home/scott/mercer_garm/ros2/install/joy_js_pkg:/home/scott/mercer_garm/ros2/install/garm_motion_planning_demos:/home/scott/mercer_garm/ros2/install/g_arm_trajectory_bridge:/home/scott/mercer_garm/ros2/install/g_arm_python_examples:/home/scott/mercer_garm/ros2/install/g-arm_simulation:/home/scott/mercer_garm/ros2/install/g_arm:/home/scott/mercer_garm_ws/install/mercer_g_arm_desktop_bringup:/home/scott/mercer_garm_ws/install/mercer_robot_commander_py:/home/scott/mercer_garm_ws/install/mercer_g_arm_sim:/home/scott/mercer_garm_ws/install/mercer_g_arm_rpi_bringup:/home/scott/mercer_garm_ws/install/mercer_g_arm:/home/scott/mercer_garm_ws/install/mercer_g-arm_rpi_bringup:/home/scott/mercer_garm_ws/install/mercer_g-arm_desktop_bringup:/home/scott/mercer_garm_ws/install/joy_js_pkg:/home/scott/mercer_garm_ws/install/garm_motion_planning_demos:/home/scott/mercer_garm_ws/install/g_arm_trajectory_bridge:/home/scott/mercer_garm_ws/install/g_arm_python_examples:/home/scott/mercer_garm_ws/install/g-arm_simulation:/home/scott/mercer_garm_ws/install/g_arm:/home/scott/ros2_ws/install/joy_js_pkg:/home/scott/ros2_ws/install/garm_motion_planning_demos:/home/scott/ros2_ws/install/g_arm_trajectory_bridge:/home/scott/ros2_ws/install/g_arm_python_examples:/home/scott/ros2_ws/install/g-arm_simulation:/home/scott/ros2_ws/install/g_arm:/home/scott/ws_moveit/install/moveit_configs_utils:/opt/ros/jazzy DEBUGINFOD_URLS=https://debuginfod.ubuntu.com PS1=(ros2_venv) \[\e]0;\u@\h: \w\a\]${debian_chroot:+($debian_chroot)}\[\033[01;32m\]\u@\h\[\033[00m\]:\[\033[01;34m\]\w\[\033[00m\]\$ VIRTUAL_ENV_PROMPT=(ros2_venv) /snap/bin/cmake /home/scott/mercer_garm/ros2/src/g_arm_description -DCMAKE_INSTALL_PREFIX=/home/scott/mercer_garm/ros2/install/g_arm_description
[4.660s] Invoking command in '/home/scott/mercer_garm/ros2/build/g_arm_description': CMAKE_PREFIX_PATH=${CMAKE_PREFIX_PATH}:/home/scott/mercer_garm/ros2/install/mercer_robot_commander_py:/home/scott/mercer_garm/ros2/install/mercer_g_arm_desktop_bringup:/home/scott/mercer_garm/ros2/install/mercer_g_arm_sim:/home/scott/mercer_garm/ros2/install/mercer_g_arm_rpi_bringup:/home/scott/mercer_garm/ros2/install/mercer_g_arm:/home/scott/mercer_garm/ros2/install/mercer_g-arm_rpi_bringup:/home/scott/mercer_garm/ros2/install/mercer_g-arm_desktop_bringup:/home/scott/mercer_garm/ros2/install/joy_js_pkg:/home/scott/mercer_garm/ros2/install/garm_motion_planning_demos:/home/scott/mercer_garm/ros2/install/g_arm_trajectory_bridge:/home/scott/mercer_garm/ros2/install/g_arm_python_examples:/home/scott/mercer_garm/ros2/install/g-arm_simulation:/home/scott/mercer_garm/ros2/install/g_arm:/home/scott/mercer_garm_ws/install/mercer_g_arm_desktop_bringup:/home/scott/mercer_garm_ws/install/mercer_robot_commander_py:/home/scott/mercer_garm_ws/install/mercer_g_arm_sim:/home/scott/mercer_garm_ws/install/mercer_g_arm_rpi_bringup:/home/scott/mercer_garm_ws/install/mercer_g_arm:/home/scott/mercer_garm_ws/install/mercer_g-arm_rpi_bringup:/home/scott/mercer_garm_ws/install/mercer_g-arm_desktop_bringup:/home/scott/mercer_garm_ws/install/joy_js_pkg:/home/scott/mercer_garm_ws/install/garm_motion_planning_demos:/home/scott/mercer_garm_ws/install/g_arm_trajectory_bridge:/home/scott/mercer_garm_ws/install/g_arm_python_examples:/home/scott/mercer_garm_ws/install/g-arm_simulation:/home/scott/mercer_garm_ws/install/g_arm:/home/scott/ros2_ws/install/joy_js_pkg:/home/scott/ros2_ws/install/garm_motion_planning_demos:/home/scott/ros2_ws/install/g_arm_trajectory_bridge:/home/scott/ros2_ws/install/g_arm_python_examples:/home/scott/ros2_ws/install/g-arm_simulation:/home/scott/ros2_ws/install/g_arm:/home/scott/ws_moveit/install/moveit_configs_utils:/opt/ros/jazzy DEBUGINFOD_URLS=https://debuginfod.ubuntu.com PS1=(ros2_venv) \[\e]0;\u@\h: \w\a\]${debian_chroot:+($debian_chroot)}\[\033[01;32m\]\u@\h\[\033[00m\]:\[\033[01;34m\]\w\[\033[00m\]\$ VIRTUAL_ENV_PROMPT=(ros2_venv) /snap/bin/cmake --build /home/scott/mercer_garm/ros2/build/g_arm_description -- -j4 -l4
[4.782s] Invoked command in '/home/scott/mercer_garm/ros2/build/g_arm_description' returned '0': CMAKE_PREFIX_PATH=${CMAKE_PREFIX_PATH}:/home/scott/mercer_garm/ros2/install/mercer_robot_commander_py:/home/scott/mercer_garm/ros2/install/mercer_g_arm_desktop_bringup:/home/scott/mercer_garm/ros2/install/mercer_g_arm_sim:/home/scott/mercer_garm/ros2/install/mercer_g_arm_rpi_bringup:/home/scott/mercer_garm/ros2/install/mercer_g_arm:/home/scott/mercer_garm/ros2/install/mercer_g-arm_rpi_bringup:/home/scott/mercer_garm/ros2/install/mercer_g-arm_desktop_bringup:/home/scott/mercer_garm/ros2/install/joy_js_pkg:/home/scott/mercer_garm/ros2/install/garm_motion_planning_demos:/home/scott/mercer_garm/ros2/install/g_arm_trajectory_bridge:/home/scott/mercer_garm/ros2/install/g_arm_python_examples:/home/scott/mercer_garm/ros2/install/g-arm_simulation:/home/scott/mercer_garm/ros2/install/g_arm:/home/scott/mercer_garm_ws/install/mercer_g_arm_desktop_bringup:/home/scott/mercer_garm_ws/install/mercer_robot_commander_py:/home/scott/mercer_garm_ws/install/mercer_g_arm_sim:/home/scott/mercer_garm_ws/install/mercer_g_arm_rpi_bringup:/home/scott/mercer_garm_ws/install/mercer_g_arm:/home/scott/mercer_garm_ws/install/mercer_g-arm_rpi_bringup:/home/scott/mercer_garm_ws/install/mercer_g-arm_desktop_bringup:/home/scott/mercer_garm_ws/install/joy_js_pkg:/home/scott/mercer_garm_ws/install/garm_motion_planning_demos:/home/scott/mercer_garm_ws/install/g_arm_trajectory_bridge:/home/scott/mercer_garm_ws/install/g_arm_python_examples:/home/scott/mercer_garm_ws/install/g-arm_simulation:/home/scott/mercer_garm_ws/install/g_arm:/home/scott/ros2_ws/install/joy_js_pkg:/home/scott/ros2_ws/install/garm_motion_planning_demos:/home/scott/ros2_ws/install/g_arm_trajectory_bridge:/home/scott/ros2_ws/install/g_arm_python_examples:/home/scott/ros2_ws/install/g-arm_simulation:/home/scott/ros2_ws/install/g_arm:/home/scott/ws_moveit/install/moveit_configs_utils:/opt/ros/jazzy DEBUGINFOD_URLS=https://debuginfod.ubuntu.com PS1=(ros2_venv) \[\e]0;\u@\h: \w\a\]${debian_chroot:+($debian_chroot)}\[\033[01;32m\]\u@\h\[\033[00m\]:\[\033[01;34m\]\w\[\033[00m\]\$ VIRTUAL_ENV_PROMPT=(ros2_venv) /snap/bin/cmake --build /home/scott/mercer_garm/ros2/build/g_arm_description -- -j4 -l4
[4.864s] Invoking command in '/home/scott/mercer_garm/ros2/build/g_arm_description': CMAKE_PREFIX_PATH=${CMAKE_PREFIX_PATH}:/home/scott/mercer_garm/ros2/install/mercer_robot_commander_py:/home/scott/mercer_garm/ros2/install/mercer_g_arm_desktop_bringup:/home/scott/mercer_garm/ros2/install/mercer_g_arm_sim:/home/scott/mercer_garm/ros2/install/mercer_g_arm_rpi_bringup:/home/scott/mercer_garm/ros2/install/mercer_g_arm:/home/scott/mercer_garm/ros2/install/mercer_g-arm_rpi_bringup:/home/scott/mercer_garm/ros2/install/mercer_g-arm_desktop_bringup:/home/scott/mercer_garm/ros2/install/joy_js_pkg:/home/scott/mercer_garm/ros2/install/garm_motion_planning_demos:/home/scott/mercer_garm/ros2/install/g_arm_trajectory_bridge:/home/scott/mercer_garm/ros2/install/g_arm_python_examples:/home/scott/mercer_garm/ros2/install/g-arm_simulation:/home/scott/mercer_garm/ros2/install/g_arm:/home/scott/mercer_garm_ws/install/mercer_g_arm_desktop_bringup:/home/scott/mercer_garm_ws/install/mercer_robot_commander_py:/home/scott/mercer_garm_ws/install/mercer_g_arm_sim:/home/scott/mercer_garm_ws/install/mercer_g_arm_rpi_bringup:/home/scott/mercer_garm_ws/install/mercer_g_arm:/home/scott/mercer_garm_ws/install/mercer_g-arm_rpi_bringup:/home/scott/mercer_garm_ws/install/mercer_g-arm_desktop_bringup:/home/scott/mercer_garm_ws/install/joy_js_pkg:/home/scott/mercer_garm_ws/install/garm_motion_planning_demos:/home/scott/mercer_garm_ws/install/g_arm_trajectory_bridge:/home/scott/mercer_garm_ws/install/g_arm_python_examples:/home/scott/mercer_garm_ws/install/g-arm_simulation:/home/scott/mercer_garm_ws/install/g_arm:/home/scott/ros2_ws/install/joy_js_pkg:/home/scott/ros2_ws/install/garm_motion_planning_demos:/home/scott/ros2_ws/install/g_arm_trajectory_bridge:/home/scott/ros2_ws/install/g_arm_python_examples:/home/scott/ros2_ws/install/g-arm_simulation:/home/scott/ros2_ws/install/g_arm:/home/scott/ws_moveit/install/moveit_configs_utils:/opt/ros/jazzy DEBUGINFOD_URLS=https://debuginfod.ubuntu.com PS1=(ros2_venv) \[\e]0;\u@\h: \w\a\]${debian_chroot:+($debian_chroot)}\[\033[01;32m\]\u@\h\[\033[00m\]:\[\033[01;34m\]\w\[\033[00m\]\$ VIRTUAL_ENV_PROMPT=(ros2_venv) /snap/bin/cmake --install /home/scott/mercer_garm/ros2/build/g_arm_description
[4.940s] -- Install configuration: ""
[4.940s] -- Installing: /home/scott/mercer_garm/ros2/install/g_arm_description/share/g_arm_description/launch
[4.940s] -- Installing: /home/scott/mercer_garm/ros2/install/g_arm_description/share/g_arm_description/launch/display.launch.py
[4.940s] -- Installing: /home/scott/mercer_garm/ros2/install/g_arm_description/share/g_arm_description/launch/__pycache__
[4.940s] -- Installing: /home/scott/mercer_garm/ros2/install/g_arm_description/share/g_arm_description/launch/__pycache__/display_tool.launch.cpython-312.pyc
[4.954s] -- Installing: /home/scott/mercer_garm/ros2/install/g_arm_description/share/g_arm_description/launch/__pycache__/display.launch.cpython-312.pyc
[4.987s] -- Installing: /home/scott/mercer_garm/ros2/install/g_arm_description/share/g_arm_description/launch/display_tool.launch.py
[4.987s] -- Installing: /home/scott/mercer_garm/ros2/install/g_arm_description/share/g_arm_description/meshes
[4.988s] -- Installing: /home/scott/mercer_garm/ros2/install/g_arm_description/share/g_arm_description/meshes/parallel_end_link1.stl
[4.988s] -- Installing: /home/scott/mercer_garm/ros2/install/g_arm_description/share/g_arm_description/meshes/elbow.dae
[4.991s] -- Installing: /home/scott/mercer_garm/ros2/install/g_arm_description/share/g_arm_description/meshes/base.dae
[4.999s] -- Installing: /home/scott/mercer_garm/ros2/install/g_arm_description/share/g_arm_description/meshes/electromagnet.dae
[5.002s] -- Installing: /home/scott/mercer_garm/ros2/install/g_arm_description/share/g_arm_description/meshes/link1.dae
[5.003s] -- Installing: /home/scott/mercer_garm/ros2/install/g_arm_description/share/g_arm_description/meshes/link2.stl
[5.004s] -- Installing: /home/scott/mercer_garm/ros2/install/g_arm_description/share/g_arm_description/meshes/link1.stl
[5.006s] -- Installing: /home/scott/mercer_garm/ros2/install/g_arm_description/share/g_arm_description/meshes/parallel_end_link1.dae
[5.007s] -- Installing: /home/scott/mercer_garm/ros2/install/g_arm_description/share/g_arm_description/meshes/link_j3_rod.dae
[5.008s] -- Installing: /home/scott/mercer_garm/ros2/install/g_arm_description/share/g_arm_description/meshes/end.dae
[5.008s] -- Installing: /home/scott/mercer_garm/ros2/install/g_arm_description/share/g_arm_description/meshes/motors.dae
[5.019s] -- Installing: /home/scott/mercer_garm/ros2/install/g_arm_description/share/g_arm_description/meshes/link_j3_rod.stl
[5.019s] -- Installing: /home/scott/mercer_garm/ros2/install/g_arm_description/share/g_arm_description/meshes/parallel_end_link2.dae
[5.019s] -- Installing: /home/scott/mercer_garm/ros2/install/g_arm_description/share/g_arm_description/meshes/link_j3_lever.dae
[5.020s] -- Installing: /home/scott/mercer_garm/ros2/install/g_arm_description/share/g_arm_description/meshes/link2.dae
[5.021s] -- Installing: /home/scott/mercer_garm/ros2/install/g_arm_description/share/g_arm_description/meshes/elbow.stl
[5.021s] -- Installing: /home/scott/mercer_garm/ros2/install/g_arm_description/share/g_arm_description/meshes/parallel_end_link2.stl
[5.022s] -- Installing: /home/scott/mercer_garm/ros2/install/g_arm_description/share/g_arm_description/meshes/electromagnet.stl
[5.074s] -- Installing: /home/scott/mercer_garm/ros2/install/g_arm_description/share/g_arm_description/meshes/end.stl
[5.074s] -- Installing: /home/scott/mercer_garm/ros2/install/g_arm_description/share/g_arm_description/meshes/link_j3_lever.stl
[5.074s] -- Installing: /home/scott/mercer_garm/ros2/install/g_arm_description/share/g_arm_description/meshes/motors.stl
[5.207s] -- Installing: /home/scott/mercer_garm/ros2/install/g_arm_description/share/g_arm_description/rviz
[5.207s] -- Installing: /home/scott/mercer_garm/ros2/install/g_arm_description/share/g_arm_description/rviz/urdf.rviz
[5.207s] -- Installing: /home/scott/mercer_garm/ros2/install/g_arm_description/share/g_arm_description/urdf
[5.207s] -- Installing: /home/scott/mercer_garm/ros2/install/g_arm_description/share/g_arm_description/urdf/robot_electromagnet.urdf.xacro
[5.207s] -- Installing: /home/scott/mercer_garm/ros2/install/g_arm_description/share/g_arm_description/urdf/robot.urdf.xacro.backup
[5.207s] -- Installing: /home/scott/mercer_garm/ros2/install/g_arm_description/share/g_arm_description/urdf/g_arm_ros2_control.xacro
[5.207s] -- Installing: /home/scott/mercer_garm/ros2/install/g_arm_description/share/g_arm_description/urdf/robot.urdf
[5.208s] -- Installing: /home/scott/mercer_garm/ros2/install/g_arm_description/share/g_arm_description/urdf/msa_qt_debug.log
[5.208s] -- Installing: /home/scott/mercer_garm/ros2/install/g_arm_description/share/g_arm_description/urdf/robot_electromagnet.urdf
[5.208s] -- Installing: /home/scott/mercer_garm/ros2/install/g_arm_description/share/g_arm_description/urdf/robot.urdf.xacro
[5.208s] -- Installing: /home/scott/mercer_garm/ros2/install/g_arm_description/share/ament_index/resource_index/package_run_dependencies/g_arm_description
[5.208s] -- Installing: /home/scott/mercer_garm/ros2/install/g_arm_description/share/ament_index/resource_index/parent_prefix_path/g_arm_description
[5.208s] -- Installing: /home/scott/mercer_garm/ros2/install/g_arm_description/share/g_arm_description/environment/ament_prefix_path.sh
[5.208s] -- Installing: /home/scott/mercer_garm/ros2/install/g_arm_description/share/g_arm_description/environment/ament_prefix_path.dsv
[5.208s] -- Installing: /home/scott/mercer_garm/ros2/install/g_arm_description/share/g_arm_description/environment/path.sh
[5.208s] -- Installing: /home/scott/mercer_garm/ros2/install/g_arm_description/share/g_arm_description/environment/path.dsv
[5.208s] -- Installing: /home/scott/mercer_garm/ros2/install/g_arm_description/share/g_arm_description/local_setup.bash
[5.208s] -- Installing: /home/scott/mercer_garm/ros2/install/g_arm_description/share/g_arm_description/local_setup.sh
[5.208s] -- Installing: /home/scott/mercer_garm/ros2/install/g_arm_description/share/g_arm_description/local_setup.zsh
[5.208s] -- Installing: /home/scott/mercer_garm/ros2/install/g_arm_description/share/g_arm_description/local_setup.dsv
[5.208s] -- Installing: /home/scott/mercer_garm/ros2/install/g_arm_description/share/g_arm_description/package.dsv
[5.209s] -- Installing: /home/scott/mercer_garm/ros2/install/g_arm_description/share/ament_index/resource_index/packages/g_arm_description
[5.214s] -- Installing: /home/scott/mercer_garm/ros2/install/g_arm_description/share/g_arm_description/cmake/g_arm_descriptionConfig.cmake
[5.214s] -- Installing: /home/scott/mercer_garm/ros2/install/g_arm_description/share/g_arm_description/cmake/g_arm_descriptionConfig-version.cmake
[5.214s] -- Installing: /home/scott/mercer_garm/ros2/install/g_arm_description/share/g_arm_description/package.xml
[5.214s] Invoked command in '/home/scott/mercer_garm/ros2/build/g_arm_description' returned '0': CMAKE_PREFIX_PATH=${CMAKE_PREFIX_PATH}:/home/scott/mercer_garm/ros2/install/mercer_robot_commander_py:/home/scott/mercer_garm/ros2/install/mercer_g_arm_desktop_bringup:/home/scott/mercer_garm/ros2/install/mercer_g_arm_sim:/home/scott/mercer_garm/ros2/install/mercer_g_arm_rpi_bringup:/home/scott/mercer_garm/ros2/install/mercer_g_arm:/home/scott/mercer_garm/ros2/install/mercer_g-arm_rpi_bringup:/home/scott/mercer_garm/ros2/install/mercer_g-arm_desktop_bringup:/home/scott/mercer_garm/ros2/install/joy_js_pkg:/home/scott/mercer_garm/ros2/install/garm_motion_planning_demos:/home/scott/mercer_garm/ros2/install/g_arm_trajectory_bridge:/home/scott/mercer_garm/ros2/install/g_arm_python_examples:/home/scott/mercer_garm/ros2/install/g-arm_simulation:/home/scott/mercer_garm/ros2/install/g_arm:/home/scott/mercer_garm_ws/install/mercer_g_arm_desktop_bringup:/home/scott/mercer_garm_ws/install/mercer_robot_commander_py:/home/scott/mercer_garm_ws/install/mercer_g_arm_sim:/home/scott/mercer_garm_ws/install/mercer_g_arm_rpi_bringup:/home/scott/mercer_garm_ws/install/mercer_g_arm:/home/scott/mercer_garm_ws/install/mercer_g-arm_rpi_bringup:/home/scott/mercer_garm_ws/install/mercer_g-arm_desktop_bringup:/home/scott/mercer_garm_ws/install/joy_js_pkg:/home/scott/mercer_garm_ws/install/garm_motion_planning_demos:/home/scott/mercer_garm_ws/install/g_arm_trajectory_bridge:/home/scott/mercer_garm_ws/install/g_arm_python_examples:/home/scott/mercer_garm_ws/install/g-arm_simulation:/home/scott/mercer_garm_ws/install/g_arm:/home/scott/ros2_ws/install/joy_js_pkg:/home/scott/ros2_ws/install/garm_motion_planning_demos:/home/scott/ros2_ws/install/g_arm_trajectory_bridge:/home/scott/ros2_ws/install/g_arm_python_examples:/home/scott/ros2_ws/install/g-arm_simulation:/home/scott/ros2_ws/install/g_arm:/home/scott/ws_moveit/install/moveit_configs_utils:/opt/ros/jazzy DEBUGINFOD_URLS=https://debuginfod.ubuntu.com PS1=(ros2_venv) \[\e]0;\u@\h: \w\a\]${debian_chroot:+($debian_chroot)}\[\033[01;32m\]\u@\h\[\033[00m\]:\[\033[01;34m\]\w\[\033[00m\]\$ VIRTUAL_ENV_PROMPT=(ros2_venv) /snap/bin/cmake --install /home/scott/mercer_garm/ros2/build/g_arm_description
