[0mCMake Deprecation Warning at CMakeLists.txt:1 (cmake_minimum_required):
  Compatibility with CMake < 3.10 will be removed from a future version of
  CMake.

  Update the VERSION argument <min> value.  Or, use the <min>...<max> syntax
  to tell CMake that the project requires at least <min> but has been updated
  to work with policies introduced by <max> or earlier.

[0m
-- The C compiler identification is GNU 13.3.0
-- The CXX compiler identification is GNU 13.3.0
-- Detecting C compiler ABI info
-- Detecting C compiler ABI info - done
-- Check for working C compiler: /usr/bin/cc - skipped
-- Detecting C compile features
-- Detecting C compile features - done
-- Detecting CXX compiler ABI info
-- Detecting CXX compiler ABI info - done
-- Check for working CXX compiler: /usr/bin/c++ - skipped
-- Detecting CXX compile features
-- Detecting CXX compile features - done
-- Found ament_cmake: 2.5.5 (/opt/ros/jazzy/share/ament_cmake/cmake)
-- Found Python3: /home/scott/ros2_venv/bin/python3 (found version "3.12.3") found components: Interpreter
-- Found rclcpp: 28.1.16 (/opt/ros/jazzy/share/rclcpp/cmake)
-- Found rosidl_generator_c: 4.6.7 (/opt/ros/jazzy/share/rosidl_generator_c/cmake)
-- Found rosidl_generator_cpp: 4.6.7 (/opt/ros/jazzy/share/rosidl_generator_cpp/cmake)
-- Using all available rosidl_typesupport_c: rosidl_typesupport_fastrtps_c;rosidl_typesupport_introspection_c
-- Using all available rosidl_typesupport_cpp: rosidl_typesupport_fastrtps_cpp;rosidl_typesupport_introspection_cpp
-- Found rmw_implementation_cmake: 7.3.3 (/opt/ros/jazzy/share/rmw_implementation_cmake/cmake)
-- Found rmw_fastrtps_cpp: 8.4.3 (/opt/ros/jazzy/share/rmw_fastrtps_cpp/cmake)
-- Found OpenSSL: /usr/lib/x86_64-linux-gnu/libcrypto.so (found version "3.0.13")
-- Found FastRTPS: /opt/ros/jazzy/include (Required is at least version "2.13")
-- Using RMW implementation 'rmw_fastrtps_cpp' as default
-- Found hardware_interface: 4.42.2 (/opt/ros/jazzy/share/hardware_interface/cmake)
[33mCMake Warning (dev) at /opt/ros/jazzy/share/realtime_tools/cmake/ament_cmake_export_dependencies-extras.cmake:21 (find_package):
  Policy CMP0167 is not set: The FindBoost module is removed.  Run "cmake
  --help-policy CMP0167" for policy details.  Use the cmake_policy command to
  set the policy and suppress this warning.

Call Stack (most recent call first):
  /opt/ros/jazzy/share/realtime_tools/cmake/realtime_toolsConfig.cmake:41 (include)
  /opt/ros/jazzy/share/hardware_interface/cmake/ament_cmake_export_dependencies-extras.cmake:21 (find_package)
  /opt/ros/jazzy/share/hardware_interface/cmake/hardware_interfaceConfig.cmake:41 (include)
  CMakeLists.txt:10 (find_package)
This warning is for project developers.  Use -Wno-dev to suppress it.
[0m
-- Configuring done (7.0s)
-- Generating done (0.2s)
-- Build files have been written to: /home/scott/mercer_garm/ros2/build/mercer_g_arm_topic_hw
[ 50%] [32mBuilding CXX object CMakeFiles/mercer_g_arm_topic_hw.dir/src/topic_system.cpp.o[0m
[01m[K/home/scott/mercer_garm/ros2/src/mercer_g_arm_topic_hw/src/topic_system.cpp:[m[K In member function ‘[01m[Kvirtual hardware_interface::CallbackReturn mercer_g_arm_topic_hw::TopicSystem::[01;32m[Kon_init[m[K(const hardware_interface::HardwareInfo&)[m[K’:
[01m[K/home/scott/mercer_garm/ros2/src/mercer_g_arm_topic_hw/src/topic_system.cpp:15:51:[m[K [01;35m[Kwarning: [m[K‘[01m[Kvirtual rclcpp_lifecycle::node_interfaces::LifecycleNodeInterface::CallbackReturn hardware_interface::HardwareComponentInterface::[01;32m[Kon_init[m[K(const hardware_interface::HardwareInfo&)[m[K’ is deprecated: Use on_init(const HardwareComponentInterfaceParams & params) instead. [[01;35m[K]8;;https://gcc.gnu.org/onlinedocs/gcc/Warning-Options.html#index-Wdeprecated-declarations-Wdeprecated-declarations]8;;[m[K]
   15 |   if ([01;35m[Khardware_interface::SystemInterface::on_init(info)[m[K != hardware_interface::CallbackReturn::SUCCESS) {
      |       [01;35m[K~~~~~~~~~~~~~~~~~~~~~~~~~~~~~~~~~~~~~~~~~~~~^~~~~~[m[K
In file included from [01m[K/opt/ros/jazzy/include/hardware_interface/hardware_interface/system_interface.hpp:18[m[K,
                 from [01m[K/home/scott/mercer_garm/ros2/src/mercer_g_arm_topic_hw/include/mercer_g_arm_topic_hw/topic_system.hpp:9[m[K,
                 from [01m[K/home/scott/mercer_garm/ros2/src/mercer_g_arm_topic_hw/src/topic_system.cpp:1[m[K:
[01m[K/opt/ros/jazzy/include/hardware_interface/hardware_interface/hardware_component_interface.hpp:140:26:[m[K [01;36m[Knote: [m[Kdeclared here
  140 |   virtual CallbackReturn [01;36m[Kon_init[m[K(const HardwareInfo & hardware_info);
      |                          [01;36m[K^~~~~~~[m[K
[100%] [1m[32mLinking CXX shared library libmercer_g_arm_topic_hw.so[0m
[100%] Built target mercer_g_arm_topic_hw
-- Install configuration: ""
-- Installing: /home/scott/mercer_garm/ros2/install/mercer_g_arm_topic_hw/share/mercer_g_arm_topic_hw/mercer_g_arm_topic_hw_plugins.xml
-- Installing: /home/scott/mercer_garm/ros2/install/mercer_g_arm_topic_hw/lib/libmercer_g_arm_topic_hw.so
-- Set non-toolchain portion of runtime path of "/home/scott/mercer_garm/ros2/install/mercer_g_arm_topic_hw/lib/libmercer_g_arm_topic_hw.so" to ""
-- Installing: /home/scott/mercer_garm/ros2/install/mercer_g_arm_topic_hw/include/
-- Installing: /home/scott/mercer_garm/ros2/install/mercer_g_arm_topic_hw/include//mercer_g_arm_topic_hw
-- Installing: /home/scott/mercer_garm/ros2/install/mercer_g_arm_topic_hw/include//mercer_g_arm_topic_hw/topic_system.hpp
-- Up-to-date: /home/scott/mercer_garm/ros2/install/mercer_g_arm_topic_hw/share/mercer_g_arm_topic_hw/mercer_g_arm_topic_hw_plugins.xml
-- Installing: /home/scott/mercer_garm/ros2/install/mercer_g_arm_topic_hw/share/mercer_g_arm_topic_hw/launch
-- Installing: /home/scott/mercer_garm/ros2/install/mercer_g_arm_topic_hw/share/mercer_g_arm_topic_hw/launch/topic_hw.launch.py
-- Installing: /home/scott/mercer_garm/ros2/install/mercer_g_arm_topic_hw/share/ament_index/resource_index/package_run_dependencies/mercer_g_arm_topic_hw
-- Installing: /home/scott/mercer_garm/ros2/install/mercer_g_arm_topic_hw/share/ament_index/resource_index/parent_prefix_path/mercer_g_arm_topic_hw
-- Installing: /home/scott/mercer_garm/ros2/install/mercer_g_arm_topic_hw/share/mercer_g_arm_topic_hw/environment/ament_prefix_path.sh
-- Installing: /home/scott/mercer_garm/ros2/install/mercer_g_arm_topic_hw/share/mercer_g_arm_topic_hw/environment/ament_prefix_path.dsv
-- Installing: /home/scott/mercer_garm/ros2/install/mercer_g_arm_topic_hw/share/mercer_g_arm_topic_hw/environment/path.sh
-- Installing: /home/scott/mercer_garm/ros2/install/mercer_g_arm_topic_hw/share/mercer_g_arm_topic_hw/environment/path.dsv
-- Installing: /home/scott/mercer_garm/ros2/install/mercer_g_arm_topic_hw/share/mercer_g_arm_topic_hw/local_setup.bash
-- Installing: /home/scott/mercer_garm/ros2/install/mercer_g_arm_topic_hw/share/mercer_g_arm_topic_hw/local_setup.sh
-- Installing: /home/scott/mercer_garm/ros2/install/mercer_g_arm_topic_hw/share/mercer_g_arm_topic_hw/local_setup.zsh
-- Installing: /home/scott/mercer_garm/ros2/install/mercer_g_arm_topic_hw/share/mercer_g_arm_topic_hw/local_setup.dsv
-- Installing: /home/scott/mercer_garm/ros2/install/mercer_g_arm_topic_hw/share/mercer_g_arm_topic_hw/package.dsv
-- Installing: /home/scott/mercer_garm/ros2/install/mercer_g_arm_topic_hw/share/ament_index/resource_index/packages/mercer_g_arm_topic_hw
-- Installing: /home/scott/mercer_garm/ros2/install/mercer_g_arm_topic_hw/share/ament_index/resource_index/hardware_interface__pluginlib__plugin/mercer_g_arm_topic_hw
-- Installing: /home/scott/mercer_garm/ros2/install/mercer_g_arm_topic_hw/share/mercer_g_arm_topic_hw/cmake/mercer_g_arm_topic_hwConfig.cmake
-- Installing: /home/scott/mercer_garm/ros2/install/mercer_g_arm_topic_hw/share/mercer_g_arm_topic_hw/cmake/mercer_g_arm_topic_hwConfig-version.cmake
-- Installing: /home/scott/mercer_garm/ros2/install/mercer_g_arm_topic_hw/share/mercer_g_arm_topic_hw/package.xml
