[0.037s] Invoking command in '/home/scott/mercer_garm/ros2/build/mercer_g_arm_topic_hw': CMAKE_PREFIX_PATH=${CMAKE_PREFIX_PATH}:/home/scott/mercer_garm/ros2/install/mercer_robot_commander_py:/home/scott/mercer_garm/ros2/install/mercer_g_arm_desktop_bringup:/home/scott/mercer_garm/ros2/install/mercer_g_arm_sim:/home/scott/mercer_garm/ros2/install/mercer_g_arm_rpi_bringup:/home/scott/mercer_garm/ros2/install/mercer_g_arm:/home/scott/mercer_garm/ros2/install/mercer_g-arm_rpi_bringup:/home/scott/mercer_garm/ros2/install/mercer_g-arm_desktop_bringup:/home/scott/mercer_garm/ros2/install/joy_js_pkg:/home/scott/mercer_garm/ros2/install/garm_motion_planning_demos:/home/scott/mercer_garm/ros2/install/g_arm_trajectory_bridge:/home/scott/mercer_garm/ros2/install/g_arm_python_examples:/home/scott/mercer_garm/ros2/install/g-arm_simulation:/home/scott/mercer_garm/ros2/install/g_arm:/home/scott/mercer_garm_ws/install/mercer_g_arm_desktop_bringup:/home/scott/mercer_garm_ws/install/mercer_robot_commander_py:/home/scott/mercer_garm_ws/install/mercer_g_arm_sim:/home/scott/mercer_garm_ws/install/mercer_g_arm_rpi_bringup:/home/scott/mercer_garm_ws/install/mercer_g_arm:/home/scott/mercer_garm_ws/install/mercer_g-arm_rpi_bringup:/home/scott/mercer_garm_ws/install/mercer_g-arm_desktop_bringup:/home/scott/mercer_garm_ws/install/joy_js_pkg:/home/scott/mercer_garm_ws/install/garm_motion_planning_demos:/home/scott/mercer_garm_ws/install/g_arm_trajectory_bridge:/home/scott/mercer_garm_ws/install/g_arm_python_examples:/home/scott/mercer_garm_ws/install/g-arm_simulation:/home/scott/mercer_garm_ws/install/g_arm:/home/scott/ros2_ws/install/joy_js_pkg:/home/scott/ros2_ws/install/garm_motion_planning_demos:/home/scott/ros2_ws/install/g_arm_trajectory_bridge:/home/scott/ros2_ws/install/g_arm_python_examples:/home/scott/ros2_ws/install/g-arm_simulation:/home/scott/ros2_ws/install/g_arm:/home/scott/ws_moveit/install/moveit_configs_utils:/opt/ros/jazzy DEBUGINFOD_URLS=https://debuginfod.ubuntu.com PS1=(ros2_venv) \[\e]0;\u@\h: \w\a\]${debian_chroot:+($debian_chroot)}\[\033[01;32m\]\u@\h\[\033[00m\]:\[\033[01;34m\]\w\[\033[00m\]\$ VIRTUAL_ENV_PROMPT=(ros2_venv) /snap/bin/cmake /home/scott/mercer_garm/ros2/src/mercer_g_arm_topic_hw -DCMAKE_INSTALL_PREFIX=/home/scott/mercer_garm/ros2/install/mercer_g_arm_topic_hw
[0.119s] [0mCMake Deprecation Warning at CMakeLists.txt:1 (cmake_minimum_required):
[0.119s]   Compatibility with CMake < 3.10 will be removed from a future version of
[0.119s]   CMake.
[0.119s] 
[0.119s]   Update the VERSION argument <min> value.  Or, use the <min>...<max> syntax
[0.119s]   to tell CMake that the project requires at least <min> but has been updated
[0.119s]   to work with policies introduced by <max> or earlier.
[0.119s] 
[0.120s] [0m
[0.195s] -- The C compiler identification is GNU 13.3.0
[0.280s] -- The CXX compiler identification is GNU 13.3.0
[0.290s] -- Detecting C compiler ABI info
[0.358s] -- Detecting C compiler ABI info - done
[0.382s] -- Check for working C compiler: /usr/bin/cc - skipped
[0.382s] -- Detecting C compile features
[0.382s] -- Detecting C compile features - done
[0.399s] -- Detecting CXX compiler ABI info
[0.483s] -- Detecting CXX compiler ABI info - done
[0.505s] -- Check for working CXX compiler: /usr/bin/c++ - skipped
[0.505s] -- Detecting CXX compile features
[0.506s] -- Detecting CXX compile features - done
[0.538s] -- Found ament_cmake: 2.5.5 (/opt/ros/jazzy/share/ament_cmake/cmake)
[0.736s] -- Found Python3: /home/scott/ros2_venv/bin/python3 (found version "3.12.3") found components: Interpreter
[1.181s] -- Found rclcpp: 28.1.16 (/opt/ros/jazzy/share/rclcpp/cmake)
[1.444s] -- Found rosidl_generator_c: 4.6.7 (/opt/ros/jazzy/share/rosidl_generator_c/cmake)
[1.520s] -- Found rosidl_generator_cpp: 4.6.7 (/opt/ros/jazzy/share/rosidl_generator_cpp/cmake)
[1.606s] -- Using all available rosidl_typesupport_c: rosidl_typesupport_fastrtps_c;rosidl_typesupport_introspection_c
[1.692s] -- Using all available rosidl_typesupport_cpp: rosidl_typesupport_fastrtps_cpp;rosidl_typesupport_introspection_cpp
[2.044s] -- Found rmw_implementation_cmake: 7.3.3 (/opt/ros/jazzy/share/rmw_implementation_cmake/cmake)
[2.090s] -- Found rmw_fastrtps_cpp: 8.4.3 (/opt/ros/jazzy/share/rmw_fastrtps_cpp/cmake)
[3.076s] -- Found OpenSSL: /usr/lib/x86_64-linux-gnu/libcrypto.so (found version "3.0.13")
[3.232s] -- Found FastRTPS: /opt/ros/jazzy/include (Required is at least version "2.13")
[3.305s] -- Using RMW implementation 'rmw_fastrtps_cpp' as default
[3.740s] -- Found hardware_interface: 4.42.2 (/opt/ros/jazzy/share/hardware_interface/cmake)
[5.881s] [33mCMake Warning (dev) at /opt/ros/jazzy/share/realtime_tools/cmake/ament_cmake_export_dependencies-extras.cmake:21 (find_package):
[5.881s]   Policy CMP0167 is not set: The FindBoost module is removed.  Run "cmake
[5.881s]   --help-policy CMP0167" for policy details.  Use the cmake_policy command to
[5.881s]   set the policy and suppress this warning.
[5.881s] 
[5.881s] Call Stack (most recent call first):
[5.881s]   /opt/ros/jazzy/share/realtime_tools/cmake/realtime_toolsConfig.cmake:41 (include)
[5.881s]   /opt/ros/jazzy/share/hardware_interface/cmake/ament_cmake_export_dependencies-extras.cmake:21 (find_package)
[5.882s]   /opt/ros/jazzy/share/hardware_interface/cmake/hardware_interfaceConfig.cmake:41 (include)
[5.882s]   CMakeLists.txt:10 (find_package)
[5.882s] This warning is for project developers.  Use -Wno-dev to suppress it.
[5.882s] [0m
[7.112s] -- Configuring done (7.0s)
[7.291s] -- Generating done (0.2s)
[7.487s] -- Build files have been written to: /home/scott/mercer_garm/ros2/build/mercer_g_arm_topic_hw
[7.567s] Invoked command in '/home/scott/mercer_garm/ros2/build/mercer_g_arm_topic_hw' returned '0': CMAKE_PREFIX_PATH=${CMAKE_PREFIX_PATH}:/home/scott/mercer_garm/ros2/install/mercer_robot_commander_py:/home/scott/mercer_garm/ros2/install/mercer_g_arm_desktop_bringup:/home/scott/mercer_garm/ros2/install/mercer_g_arm_sim:/home/scott/mercer_garm/ros2/install/mercer_g_arm_rpi_bringup:/home/scott/mercer_garm/ros2/install/mercer_g_arm:/home/scott/mercer_garm/ros2/install/mercer_g-arm_rpi_bringup:/home/scott/mercer_garm/ros2/install/mercer_g-arm_desktop_bringup:/home/scott/mercer_garm/ros2/install/joy_js_pkg:/home/scott/mercer_garm/ros2/install/garm_motion_planning_demos:/home/scott/mercer_garm/ros2/install/g_arm_trajectory_bridge:/home/scott/mercer_garm/ros2/install/g_arm_python_examples:/home/scott/mercer_garm/ros2/install/g-arm_simulation:/home/scott/mercer_garm/ros2/install/g_arm:/home/scott/mercer_garm_ws/install/mercer_g_arm_desktop_bringup:/home/scott/mercer_garm_ws/install/mercer_robot_commander_py:/home/scott/mercer_garm_ws/install/mercer_g_arm_sim:/home/scott/mercer_garm_ws/install/mercer_g_arm_rpi_bringup:/home/scott/mercer_garm_ws/install/mercer_g_arm:/home/scott/mercer_garm_ws/install/mercer_g-arm_rpi_bringup:/home/scott/mercer_garm_ws/install/mercer_g-arm_desktop_bringup:/home/scott/mercer_garm_ws/install/joy_js_pkg:/home/scott/mercer_garm_ws/install/garm_motion_planning_demos:/home/scott/mercer_garm_ws/install/g_arm_trajectory_bridge:/home/scott/mercer_garm_ws/install/g_arm_python_examples:/home/scott/mercer_garm_ws/install/g-arm_simulation:/home/scott/mercer_garm_ws/install/g_arm:/home/scott/ros2_ws/install/joy_js_pkg:/home/scott/ros2_ws/install/garm_motion_planning_demos:/home/scott/ros2_ws/install/g_arm_trajectory_bridge:/home/scott/ros2_ws/install/g_arm_python_examples:/home/scott/ros2_ws/install/g-arm_simulation:/home/scott/ros2_ws/install/g_arm:/home/scott/ws_moveit/install/moveit_configs_utils:/opt/ros/jazzy DEBUGINFOD_URLS=https://debuginfod.ubuntu.com PS1=(ros2_venv) \[\e]0;\u@\h: \w\a\]${debian_chroot:+($debian_chroot)}\[\033[01;32m\]\u@\h\[\033[00m\]:\[\033[01;34m\]\w\[\033[00m\]\$ VIRTUAL_ENV_PROMPT=(ros2_venv) /snap/bin/cmake /home/scott/mercer_garm/ros2/src/mercer_g_arm_topic_hw -DCMAKE_INSTALL_PREFIX=/home/scott/mercer_garm/ros2/install/mercer_g_arm_topic_hw
[7.567s] Invoking command in '/home/scott/mercer_garm/ros2/build/mercer_g_arm_topic_hw': CMAKE_PREFIX_PATH=${CMAKE_PREFIX_PATH}:/home/scott/mercer_garm/ros2/install/mercer_robot_commander_py:/home/scott/mercer_garm/ros2/install/mercer_g_arm_desktop_bringup:/home/scott/mercer_garm/ros2/install/mercer_g_arm_sim:/home/scott/mercer_garm/ros2/install/mercer_g_arm_rpi_bringup:/home/scott/mercer_garm/ros2/install/mercer_g_arm:/home/scott/mercer_garm/ros2/install/mercer_g-arm_rpi_bringup:/home/scott/mercer_garm/ros2/install/mercer_g-arm_desktop_bringup:/home/scott/mercer_garm/ros2/install/joy_js_pkg:/home/scott/mercer_garm/ros2/install/garm_motion_planning_demos:/home/scott/mercer_garm/ros2/install/g_arm_trajectory_bridge:/home/scott/mercer_garm/ros2/install/g_arm_python_examples:/home/scott/mercer_garm/ros2/install/g-arm_simulation:/home/scott/mercer_garm/ros2/install/g_arm:/home/scott/mercer_garm_ws/install/mercer_g_arm_desktop_bringup:/home/scott/mercer_garm_ws/install/mercer_robot_commander_py:/home/scott/mercer_garm_ws/install/mercer_g_arm_sim:/home/scott/mercer_garm_ws/install/mercer_g_arm_rpi_bringup:/home/scott/mercer_garm_ws/install/mercer_g_arm:/home/scott/mercer_garm_ws/install/mercer_g-arm_rpi_bringup:/home/scott/mercer_garm_ws/install/mercer_g-arm_desktop_bringup:/home/scott/mercer_garm_ws/install/joy_js_pkg:/home/scott/mercer_garm_ws/install/garm_motion_planning_demos:/home/scott/mercer_garm_ws/install/g_arm_trajectory_bridge:/home/scott/mercer_garm_ws/install/g_arm_python_examples:/home/scott/mercer_garm_ws/install/g-arm_simulation:/home/scott/mercer_garm_ws/install/g_arm:/home/scott/ros2_ws/install/joy_js_pkg:/home/scott/ros2_ws/install/garm_motion_planning_demos:/home/scott/ros2_ws/install/g_arm_trajectory_bridge:/home/scott/ros2_ws/install/g_arm_python_examples:/home/scott/ros2_ws/install/g-arm_simulation:/home/scott/ros2_ws/install/g_arm:/home/scott/ws_moveit/install/moveit_configs_utils:/opt/ros/jazzy DEBUGINFOD_URLS=https://debuginfod.ubuntu.com PS1=(ros2_venv) \[\e]0;\u@\h: \w\a\]${debian_chroot:+($debian_chroot)}\[\033[01;32m\]\u@\h\[\033[00m\]:\[\033[01;34m\]\w\[\033[00m\]\$ VIRTUAL_ENV_PROMPT=(ros2_venv) /snap/bin/cmake --build /home/scott/mercer_garm/ros2/build/mercer_g_arm_topic_hw -- -j4 -l4
[7.771s] [ 50%] [32mBuilding CXX object CMakeFiles/mercer_g_arm_topic_hw.dir/src/topic_system.cpp.o[0m
[15.054s] [01m[K/home/scott/mercer_garm/ros2/src/mercer_g_arm_topic_hw/src/topic_system.cpp:[m[K In member function ‘[01m[Kvirtual hardware_interface::CallbackReturn mercer_g_arm_topic_hw::TopicSystem::[01;32m[Kon_init[m[K(const hardware_interface::HardwareInfo&)[m[K’:
[15.054s] [01m[K/home/scott/mercer_garm/ros2/src/mercer_g_arm_topic_hw/src/topic_system.cpp:15:51:[m[K [01;35m[Kwarning: [m[K‘[01m[Kvirtual rclcpp_lifecycle::node_interfaces::LifecycleNodeInterface::CallbackReturn hardware_interface::HardwareComponentInterface::[01;32m[Kon_init[m[K(const hardware_interface::HardwareInfo&)[m[K’ is deprecated: Use on_init(const HardwareComponentInterfaceParams & params) instead. [[01;35m[K]8;;https://gcc.gnu.org/onlinedocs/gcc/Warning-Options.html#index-Wdeprecated-declarations-Wdeprecated-declarations]8;;[m[K]
[15.054s]    15 |   if ([01;35m[Khardware_interface::SystemInterface::on_init(info)[m[K != hardware_interface::CallbackReturn::SUCCESS) {
[15.054s]       |       [01;35m[K~~~~~~~~~~~~~~~~~~~~~~~~~~~~~~~~~~~~~~~~~~~~^~~~~~[m[K
[15.054s] In file included from [01m[K/opt/ros/jazzy/include/hardware_interface/hardware_interface/system_interface.hpp:18[m[K,
[15.054s]                  from [01m[K/home/scott/mercer_garm/ros2/src/mercer_g_arm_topic_hw/include/mercer_g_arm_topic_hw/topic_system.hpp:9[m[K,
[15.054s]                  from [01m[K/home/scott/mercer_garm/ros2/src/mercer_g_arm_topic_hw/src/topic_system.cpp:1[m[K:
[15.054s] [01m[K/opt/ros/jazzy/include/hardware_interface/hardware_interface/hardware_component_interface.hpp:140:26:[m[K [01;36m[Knote: [m[Kdeclared here
[15.054s]   140 |   virtual CallbackReturn [01;36m[Kon_init[m[K(const HardwareInfo & hardware_info);
[15.054s]       |                          [01;36m[K^~~~~~~[m[K
[22.658s] [100%] [1m[32mLinking CXX shared library libmercer_g_arm_topic_hw.so[0m
[23.628s] [100%] Built target mercer_g_arm_topic_hw
[23.694s] Invoked command in '/home/scott/mercer_garm/ros2/build/mercer_g_arm_topic_hw' returned '0': CMAKE_PREFIX_PATH=${CMAKE_PREFIX_PATH}:/home/scott/mercer_garm/ros2/install/mercer_robot_commander_py:/home/scott/mercer_garm/ros2/install/mercer_g_arm_desktop_bringup:/home/scott/mercer_garm/ros2/install/mercer_g_arm_sim:/home/scott/mercer_garm/ros2/install/mercer_g_arm_rpi_bringup:/home/scott/mercer_garm/ros2/install/mercer_g_arm:/home/scott/mercer_garm/ros2/install/mercer_g-arm_rpi_bringup:/home/scott/mercer_garm/ros2/install/mercer_g-arm_desktop_bringup:/home/scott/mercer_garm/ros2/install/joy_js_pkg:/home/scott/mercer_garm/ros2/install/garm_motion_planning_demos:/home/scott/mercer_garm/ros2/install/g_arm_trajectory_bridge:/home/scott/mercer_garm/ros2/install/g_arm_python_examples:/home/scott/mercer_garm/ros2/install/g-arm_simulation:/home/scott/mercer_garm/ros2/install/g_arm:/home/scott/mercer_garm_ws/install/mercer_g_arm_desktop_bringup:/home/scott/mercer_garm_ws/install/mercer_robot_commander_py:/home/scott/mercer_garm_ws/install/mercer_g_arm_sim:/home/scott/mercer_garm_ws/install/mercer_g_arm_rpi_bringup:/home/scott/mercer_garm_ws/install/mercer_g_arm:/home/scott/mercer_garm_ws/install/mercer_g-arm_rpi_bringup:/home/scott/mercer_garm_ws/install/mercer_g-arm_desktop_bringup:/home/scott/mercer_garm_ws/install/joy_js_pkg:/home/scott/mercer_garm_ws/install/garm_motion_planning_demos:/home/scott/mercer_garm_ws/install/g_arm_trajectory_bridge:/home/scott/mercer_garm_ws/install/g_arm_python_examples:/home/scott/mercer_garm_ws/install/g-arm_simulation:/home/scott/mercer_garm_ws/install/g_arm:/home/scott/ros2_ws/install/joy_js_pkg:/home/scott/ros2_ws/install/garm_motion_planning_demos:/home/scott/ros2_ws/install/g_arm_trajectory_bridge:/home/scott/ros2_ws/install/g_arm_python_examples:/home/scott/ros2_ws/install/g-arm_simulation:/home/scott/ros2_ws/install/g_arm:/home/scott/ws_moveit/install/moveit_configs_utils:/opt/ros/jazzy DEBUGINFOD_URLS=https://debuginfod.ubuntu.com PS1=(ros2_venv) \[\e]0;\u@\h: \w\a\]${debian_chroot:+($debian_chroot)}\[\033[01;32m\]\u@\h\[\033[00m\]:\[\033[01;34m\]\w\[\033[00m\]\$ VIRTUAL_ENV_PROMPT=(ros2_venv) /snap/bin/cmake --build /home/scott/mercer_garm/ros2/build/mercer_g_arm_topic_hw -- -j4 -l4
[23.696s] Invoking command in '/home/scott/mercer_garm/ros2/build/mercer_g_arm_topic_hw': CMAKE_PREFIX_PATH=${CMAKE_PREFIX_PATH}:/home/scott/mercer_garm/ros2/install/mercer_robot_commander_py:/home/scott/mercer_garm/ros2/install/mercer_g_arm_desktop_bringup:/home/scott/mercer_garm/ros2/install/mercer_g_arm_sim:/home/scott/mercer_garm/ros2/install/mercer_g_arm_rpi_bringup:/home/scott/mercer_garm/ros2/install/mercer_g_arm:/home/scott/mercer_garm/ros2/install/mercer_g-arm_rpi_bringup:/home/scott/mercer_garm/ros2/install/mercer_g-arm_desktop_bringup:/home/scott/mercer_garm/ros2/install/joy_js_pkg:/home/scott/mercer_garm/ros2/install/garm_motion_planning_demos:/home/scott/mercer_garm/ros2/install/g_arm_trajectory_bridge:/home/scott/mercer_garm/ros2/install/g_arm_python_examples:/home/scott/mercer_garm/ros2/install/g-arm_simulation:/home/scott/mercer_garm/ros2/install/g_arm:/home/scott/mercer_garm_ws/install/mercer_g_arm_desktop_bringup:/home/scott/mercer_garm_ws/install/mercer_robot_commander_py:/home/scott/mercer_garm_ws/install/mercer_g_arm_sim:/home/scott/mercer_garm_ws/install/mercer_g_arm_rpi_bringup:/home/scott/mercer_garm_ws/install/mercer_g_arm:/home/scott/mercer_garm_ws/install/mercer_g-arm_rpi_bringup:/home/scott/mercer_garm_ws/install/mercer_g-arm_desktop_bringup:/home/scott/mercer_garm_ws/install/joy_js_pkg:/home/scott/mercer_garm_ws/install/garm_motion_planning_demos:/home/scott/mercer_garm_ws/install/g_arm_trajectory_bridge:/home/scott/mercer_garm_ws/install/g_arm_python_examples:/home/scott/mercer_garm_ws/install/g-arm_simulation:/home/scott/mercer_garm_ws/install/g_arm:/home/scott/ros2_ws/install/joy_js_pkg:/home/scott/ros2_ws/install/garm_motion_planning_demos:/home/scott/ros2_ws/install/g_arm_trajectory_bridge:/home/scott/ros2_ws/install/g_arm_python_examples:/home/scott/ros2_ws/install/g-arm_simulation:/home/scott/ros2_ws/install/g_arm:/home/scott/ws_moveit/install/moveit_configs_utils:/opt/ros/jazzy DEBUGINFOD_URLS=https://debuginfod.ubuntu.com PS1=(ros2_venv) \[\e]0;\u@\h: \w\a\]${debian_chroot:+($debian_chroot)}\[\033[01;32m\]\u@\h\[\033[00m\]:\[\033[01;34m\]\w\[\033[00m\]\$ VIRTUAL_ENV_PROMPT=(ros2_venv) /snap/bin/cmake --install /home/scott/mercer_garm/ros2/build/mercer_g_arm_topic_hw
[23.765s] -- Install configuration: ""
[23.765s] -- Installing: /home/scott/mercer_garm/ros2/install/mercer_g_arm_topic_hw/share/mercer_g_arm_topic_hw/mercer_g_arm_topic_hw_plugins.xml
[23.765s] -- Installing: /home/scott/mercer_garm/ros2/install/mercer_g_arm_topic_hw/lib/libmercer_g_arm_topic_hw.so
[23.770s] -- Set non-toolchain portion of runtime path of "/home/scott/mercer_garm/ros2/install/mercer_g_arm_topic_hw/lib/libmercer_g_arm_topic_hw.so" to ""
[23.770s] -- Installing: /home/scott/mercer_garm/ros2/install/mercer_g_arm_topic_hw/include/
[23.770s] -- Installing: /home/scott/mercer_garm/ros2/install/mercer_g_arm_topic_hw/include//mercer_g_arm_topic_hw
[23.770s] -- Installing: /home/scott/mercer_garm/ros2/install/mercer_g_arm_topic_hw/include//mercer_g_arm_topic_hw/topic_system.hpp
[23.770s] -- Up-to-date: /home/scott/mercer_garm/ros2/install/mercer_g_arm_topic_hw/share/mercer_g_arm_topic_hw/mercer_g_arm_topic_hw_plugins.xml
[23.770s] -- Installing: /home/scott/mercer_garm/ros2/install/mercer_g_arm_topic_hw/share/mercer_g_arm_topic_hw/launch
[23.770s] -- Installing: /home/scott/mercer_garm/ros2/install/mercer_g_arm_topic_hw/share/mercer_g_arm_topic_hw/launch/topic_hw.launch.py
[23.771s] -- Installing: /home/scott/mercer_garm/ros2/install/mercer_g_arm_topic_hw/share/ament_index/resource_index/package_run_dependencies/mercer_g_arm_topic_hw
[23.771s] -- Installing: /home/scott/mercer_garm/ros2/install/mercer_g_arm_topic_hw/share/ament_index/resource_index/parent_prefix_path/mercer_g_arm_topic_hw
[23.771s] -- Installing: /home/scott/mercer_garm/ros2/install/mercer_g_arm_topic_hw/share/mercer_g_arm_topic_hw/environment/ament_prefix_path.sh
[23.771s] -- Installing: /home/scott/mercer_garm/ros2/install/mercer_g_arm_topic_hw/share/mercer_g_arm_topic_hw/environment/ament_prefix_path.dsv
[23.771s] -- Installing: /home/scott/mercer_garm/ros2/install/mercer_g_arm_topic_hw/share/mercer_g_arm_topic_hw/environment/path.sh
[23.771s] -- Installing: /home/scott/mercer_garm/ros2/install/mercer_g_arm_topic_hw/share/mercer_g_arm_topic_hw/environment/path.dsv
[23.771s] -- Installing: /home/scott/mercer_garm/ros2/install/mercer_g_arm_topic_hw/share/mercer_g_arm_topic_hw/local_setup.bash
[23.772s] -- Installing: /home/scott/mercer_garm/ros2/install/mercer_g_arm_topic_hw/share/mercer_g_arm_topic_hw/local_setup.sh
[23.772s] -- Installing: /home/scott/mercer_garm/ros2/install/mercer_g_arm_topic_hw/share/mercer_g_arm_topic_hw/local_setup.zsh
[23.772s] -- Installing: /home/scott/mercer_garm/ros2/install/mercer_g_arm_topic_hw/share/mercer_g_arm_topic_hw/local_setup.dsv
[23.773s] -- Installing: /home/scott/mercer_garm/ros2/install/mercer_g_arm_topic_hw/share/mercer_g_arm_topic_hw/package.dsv
[23.773s] -- Installing: /home/scott/mercer_garm/ros2/install/mercer_g_arm_topic_hw/share/ament_index/resource_index/packages/mercer_g_arm_topic_hw
[23.773s] -- Installing: /home/scott/mercer_garm/ros2/install/mercer_g_arm_topic_hw/share/ament_index/resource_index/hardware_interface__pluginlib__plugin/mercer_g_arm_topic_hw
[23.773s] -- Installing: /home/scott/mercer_garm/ros2/install/mercer_g_arm_topic_hw/share/mercer_g_arm_topic_hw/cmake/mercer_g_arm_topic_hwConfig.cmake
[23.773s] -- Installing: /home/scott/mercer_garm/ros2/install/mercer_g_arm_topic_hw/share/mercer_g_arm_topic_hw/cmake/mercer_g_arm_topic_hwConfig-version.cmake
[23.774s] -- Installing: /home/scott/mercer_garm/ros2/install/mercer_g_arm_topic_hw/share/mercer_g_arm_topic_hw/package.xml
[23.775s] Invoked command in '/home/scott/mercer_garm/ros2/build/mercer_g_arm_topic_hw' returned '0': CMAKE_PREFIX_PATH=${CMAKE_PREFIX_PATH}:/home/scott/mercer_garm/ros2/install/mercer_robot_commander_py:/home/scott/mercer_garm/ros2/install/mercer_g_arm_desktop_bringup:/home/scott/mercer_garm/ros2/install/mercer_g_arm_sim:/home/scott/mercer_garm/ros2/install/mercer_g_arm_rpi_bringup:/home/scott/mercer_garm/ros2/install/mercer_g_arm:/home/scott/mercer_garm/ros2/install/mercer_g-arm_rpi_bringup:/home/scott/mercer_garm/ros2/install/mercer_g-arm_desktop_bringup:/home/scott/mercer_garm/ros2/install/joy_js_pkg:/home/scott/mercer_garm/ros2/install/garm_motion_planning_demos:/home/scott/mercer_garm/ros2/install/g_arm_trajectory_bridge:/home/scott/mercer_garm/ros2/install/g_arm_python_examples:/home/scott/mercer_garm/ros2/install/g-arm_simulation:/home/scott/mercer_garm/ros2/install/g_arm:/home/scott/mercer_garm_ws/install/mercer_g_arm_desktop_bringup:/home/scott/mercer_garm_ws/install/mercer_robot_commander_py:/home/scott/mercer_garm_ws/install/mercer_g_arm_sim:/home/scott/mercer_garm_ws/install/mercer_g_arm_rpi_bringup:/home/scott/mercer_garm_ws/install/mercer_g_arm:/home/scott/mercer_garm_ws/install/mercer_g-arm_rpi_bringup:/home/scott/mercer_garm_ws/install/mercer_g-arm_desktop_bringup:/home/scott/mercer_garm_ws/install/joy_js_pkg:/home/scott/mercer_garm_ws/install/garm_motion_planning_demos:/home/scott/mercer_garm_ws/install/g_arm_trajectory_bridge:/home/scott/mercer_garm_ws/install/g_arm_python_examples:/home/scott/mercer_garm_ws/install/g-arm_simulation:/home/scott/mercer_garm_ws/install/g_arm:/home/scott/ros2_ws/install/joy_js_pkg:/home/scott/ros2_ws/install/garm_motion_planning_demos:/home/scott/ros2_ws/install/g_arm_trajectory_bridge:/home/scott/ros2_ws/install/g_arm_python_examples:/home/scott/ros2_ws/install/g-arm_simulation:/home/scott/ros2_ws/install/g_arm:/home/scott/ws_moveit/install/moveit_configs_utils:/opt/ros/jazzy DEBUGINFOD_URLS=https://debuginfod.ubuntu.com PS1=(ros2_venv) \[\e]0;\u@\h: \w\a\]${debian_chroot:+($debian_chroot)}\[\033[01;32m\]\u@\h\[\033[00m\]:\[\033[01;34m\]\w\[\033[00m\]\$ VIRTUAL_ENV_PROMPT=(ros2_venv) /snap/bin/cmake --install /home/scott/mercer_garm/ros2/build/mercer_g_arm_topic_hw
