running egg_info
creating ../../build/mercer_g_arm_rpi_bringup/mercer_g_arm_rpi_bringup.egg-info
writing ../../build/mercer_g_arm_rpi_bringup/mercer_g_arm_rpi_bringup.egg-info/PKG-INFO
writing dependency_links to ../../build/mercer_g_arm_rpi_bringup/mercer_g_arm_rpi_bringup.egg-info/dependency_links.txt
writing entry points to ../../build/mercer_g_arm_rpi_bringup/mercer_g_arm_rpi_bringup.egg-info/entry_points.txt
writing requirements to ../../build/mercer_g_arm_rpi_bringup/mercer_g_arm_rpi_bringup.egg-info/requires.txt
writing top-level names to ../../build/mercer_g_arm_rpi_bringup/mercer_g_arm_rpi_bringup.egg-info/top_level.txt
writing manifest file '../../build/mercer_g_arm_rpi_bringup/mercer_g_arm_rpi_bringup.egg-info/SOURCES.txt'
reading manifest file '../../build/mercer_g_arm_rpi_bringup/mercer_g_arm_rpi_bringup.egg-info/SOURCES.txt'
writing manifest file '../../build/mercer_g_arm_rpi_bringup/mercer_g_arm_rpi_bringup.egg-info/SOURCES.txt'
running build
running build_py
creating /home/scott/mercer_garm/ros2/build/mercer_g_arm_rpi_bringup/build
creating /home/scott/mercer_garm/ros2/build/mercer_g_arm_rpi_bringup/build/lib
creating /home/scott/mercer_garm/ros2/build/mercer_g_arm_rpi_bringup/build/lib/mercer_g_arm_rpi_bringup
copying mercer_g_arm_rpi_bringup/trajectory_safety_proxy.py -> /home/scott/mercer_garm/ros2/build/mercer_g_arm_rpi_bringup/build/lib/mercer_g_arm_rpi_bringup
copying mercer_g_arm_rpi_bringup/__init__.py -> /home/scott/mercer_garm/ros2/build/mercer_g_arm_rpi_bringup/build/lib/mercer_g_arm_rpi_bringup
copying mercer_g_arm_rpi_bringup/gpio_init_node.py -> /home/scott/mercer_garm/ros2/build/mercer_g_arm_rpi_bringup/build/lib/mercer_g_arm_rpi_bringup
running install
running install_lib
creating /home/scott/mercer_garm/ros2/install/mercer_g_arm_rpi_bringup/lib/python3.12/site-packages/mercer_g_arm_rpi_bringup
copying /home/scott/mercer_garm/ros2/build/mercer_g_arm_rpi_bringup/build/lib/mercer_g_arm_rpi_bringup/trajectory_safety_proxy.py -> /home/scott/mercer_garm/ros2/install/mercer_g_arm_rpi_bringup/lib/python3.12/site-packages/mercer_g_arm_rpi_bringup
copying /home/scott/mercer_garm/ros2/build/mercer_g_arm_rpi_bringup/build/lib/mercer_g_arm_rpi_bringup/__init__.py -> /home/scott/mercer_garm/ros2/install/mercer_g_arm_rpi_bringup/lib/python3.12/site-packages/mercer_g_arm_rpi_bringup
copying /home/scott/mercer_garm/ros2/build/mercer_g_arm_rpi_bringup/build/lib/mercer_g_arm_rpi_bringup/gpio_init_node.py -> /home/scott/mercer_garm/ros2/install/mercer_g_arm_rpi_bringup/lib/python3.12/site-packages/mercer_g_arm_rpi_bringup
byte-compiling /home/scott/mercer_garm/ros2/install/mercer_g_arm_rpi_bringup/lib/python3.12/site-packages/mercer_g_arm_rpi_bringup/trajectory_safety_proxy.py to trajectory_safety_proxy.cpython-312.pyc
byte-compiling /home/scott/mercer_garm/ros2/install/mercer_g_arm_rpi_bringup/lib/python3.12/site-packages/mercer_g_arm_rpi_bringup/__init__.py to __init__.cpython-312.pyc
byte-compiling /home/scott/mercer_garm/ros2/install/mercer_g_arm_rpi_bringup/lib/python3.12/site-packages/mercer_g_arm_rpi_bringup/gpio_init_node.py to gpio_init_node.cpython-312.pyc
running install_data
creating /home/scott/mercer_garm/ros2/install/mercer_g_arm_rpi_bringup/share/ament_index
creating /home/scott/mercer_garm/ros2/install/mercer_g_arm_rpi_bringup/share/ament_index/resource_index
creating /home/scott/mercer_garm/ros2/install/mercer_g_arm_rpi_bringup/share/ament_index/resource_index/packages
copying resource/mercer_g_arm_rpi_bringup -> /home/scott/mercer_garm/ros2/install/mercer_g_arm_rpi_bringup/share/ament_index/resource_index/packages
copying package.xml -> /home/scott/mercer_garm/ros2/install/mercer_g_arm_rpi_bringup/share/mercer_g_arm_rpi_bringup
creating /home/scott/mercer_garm/ros2/install/mercer_g_arm_rpi_bringup/share/mercer_g_arm_rpi_bringup/launch
copying launch/ros2_control_fake.launch.py -> /home/scott/mercer_garm/ros2/install/mercer_g_arm_rpi_bringup/share/mercer_g_arm_rpi_bringup/launch
copying launch/ros2_control_actual.launch.py -> /home/scott/mercer_garm/ros2/install/mercer_g_arm_rpi_bringup/share/mercer_g_arm_rpi_bringup/launch
copying launch/garm_start_up.launch.py -> /home/scott/mercer_garm/ros2/install/mercer_g_arm_rpi_bringup/share/mercer_g_arm_rpi_bringup/launch
creating /home/scott/mercer_garm/ros2/install/mercer_g_arm_rpi_bringup/share/mercer_g_arm_rpi_bringup/config
copying config/controllers.yaml -> /home/scott/mercer_garm/ros2/install/mercer_g_arm_rpi_bringup/share/mercer_g_arm_rpi_bringup/config
running install_egg_info
Copying ../../build/mercer_g_arm_rpi_bringup/mercer_g_arm_rpi_bringup.egg-info to /home/scott/mercer_garm/ros2/install/mercer_g_arm_rpi_bringup/lib/python3.12/site-packages/mercer_g_arm_rpi_bringup-0.0.0-py3.12.egg-info
running install_scripts
Installing gpio_init script to /home/scott/mercer_garm/ros2/install/mercer_g_arm_rpi_bringup/lib/mercer_g_arm_rpi_bringup
writing list of installed files to '/home/scott/mercer_garm/ros2/build/mercer_g_arm_rpi_bringup/install.log'
