[1.703s] Invoking command in '/home/scott/mercer_garm/ros2/src/mercer_g_arm_rpi_bringup': DEBUGINFOD_URLS=https://debuginfod.ubuntu.com PS1=(ros2_venv) \[\e]0;\u@\h: \w\a\]${debian_chroot:+($debian_chroot)}\[\033[01;32m\]\u@\h\[\033[00m\]:\[\033[01;34m\]\w\[\033[00m\]\$ PYTHONPATH=/home/scott/mercer_garm/ros2/build/mercer_g_arm_rpi_bringup/prefix_override:/usr/lib/python3/dist-packages/colcon_core/task/python/colcon_distutils_commands:/home/scott/mercer_garm/ros2/install/mercer_g_arm_rpi_bringup/lib/python3.12/site-packages:${PYTHONPATH} VIRTUAL_ENV_PROMPT=(ros2_venv) /usr/bin/python3 -W ignore:setup.py install is deprecated -W ignore:easy_install command is deprecated setup.py egg_info --egg-base ../../build/mercer_g_arm_rpi_bringup build --build-base /home/scott/mercer_garm/ros2/build/mercer_g_arm_rpi_bringup/build install --record /home/scott/mercer_garm/ros2/build/mercer_g_arm_rpi_bringup/install.log --single-version-externally-managed install_data
[2.171s] running egg_info
[2.171s] creating ../../build/mercer_g_arm_rpi_bringup/mercer_g_arm_rpi_bringup.egg-info
[2.211s] writing ../../build/mercer_g_arm_rpi_bringup/mercer_g_arm_rpi_bringup.egg-info/PKG-INFO
[2.211s] writing dependency_links to ../../build/mercer_g_arm_rpi_bringup/mercer_g_arm_rpi_bringup.egg-info/dependency_links.txt
[2.211s] writing entry points to ../../build/mercer_g_arm_rpi_bringup/mercer_g_arm_rpi_bringup.egg-info/entry_points.txt
[2.211s] writing requirements to ../../build/mercer_g_arm_rpi_bringup/mercer_g_arm_rpi_bringup.egg-info/requires.txt
[2.211s] writing top-level names to ../../build/mercer_g_arm_rpi_bringup/mercer_g_arm_rpi_bringup.egg-info/top_level.txt
[2.211s] writing manifest file '../../build/mercer_g_arm_rpi_bringup/mercer_g_arm_rpi_bringup.egg-info/SOURCES.txt'
[2.292s] reading manifest file '../../build/mercer_g_arm_rpi_bringup/mercer_g_arm_rpi_bringup.egg-info/SOURCES.txt'
[2.293s] writing manifest file '../../build/mercer_g_arm_rpi_bringup/mercer_g_arm_rpi_bringup.egg-info/SOURCES.txt'
[2.293s] running build
[2.293s] running build_py
[2.293s] creating /home/scott/mercer_garm/ros2/build/mercer_g_arm_rpi_bringup/build
[2.294s] creating /home/scott/mercer_garm/ros2/build/mercer_g_arm_rpi_bringup/build/lib
[2.294s] creating /home/scott/mercer_garm/ros2/build/mercer_g_arm_rpi_bringup/build/lib/mercer_g_arm_rpi_bringup
[2.294s] copying mercer_g_arm_rpi_bringup/trajectory_safety_proxy.py -> /home/scott/mercer_garm/ros2/build/mercer_g_arm_rpi_bringup/build/lib/mercer_g_arm_rpi_bringup
[2.294s] copying mercer_g_arm_rpi_bringup/__init__.py -> /home/scott/mercer_garm/ros2/build/mercer_g_arm_rpi_bringup/build/lib/mercer_g_arm_rpi_bringup
[2.294s] copying mercer_g_arm_rpi_bringup/gpio_init_node.py -> /home/scott/mercer_garm/ros2/build/mercer_g_arm_rpi_bringup/build/lib/mercer_g_arm_rpi_bringup
[2.294s] running install
[2.301s] running install_lib
[2.342s] creating /home/scott/mercer_garm/ros2/install/mercer_g_arm_rpi_bringup/lib/python3.12/site-packages/mercer_g_arm_rpi_bringup
[2.342s] copying /home/scott/mercer_garm/ros2/build/mercer_g_arm_rpi_bringup/build/lib/mercer_g_arm_rpi_bringup/trajectory_safety_proxy.py -> /home/scott/mercer_garm/ros2/install/mercer_g_arm_rpi_bringup/lib/python3.12/site-packages/mercer_g_arm_rpi_bringup
[2.342s] copying /home/scott/mercer_garm/ros2/build/mercer_g_arm_rpi_bringup/build/lib/mercer_g_arm_rpi_bringup/__init__.py -> /home/scott/mercer_garm/ros2/install/mercer_g_arm_rpi_bringup/lib/python3.12/site-packages/mercer_g_arm_rpi_bringup
[2.342s] copying /home/scott/mercer_garm/ros2/build/mercer_g_arm_rpi_bringup/build/lib/mercer_g_arm_rpi_bringup/gpio_init_node.py -> /home/scott/mercer_garm/ros2/install/mercer_g_arm_rpi_bringup/lib/python3.12/site-packages/mercer_g_arm_rpi_bringup
[2.343s] byte-compiling /home/scott/mercer_garm/ros2/install/mercer_g_arm_rpi_bringup/lib/python3.12/site-packages/mercer_g_arm_rpi_bringup/trajectory_safety_proxy.py to trajectory_safety_proxy.cpython-312.pyc
[2.345s] byte-compiling /home/scott/mercer_garm/ros2/install/mercer_g_arm_rpi_bringup/lib/python3.12/site-packages/mercer_g_arm_rpi_bringup/__init__.py to __init__.cpython-312.pyc
[2.345s] byte-compiling /home/scott/mercer_garm/ros2/install/mercer_g_arm_rpi_bringup/lib/python3.12/site-packages/mercer_g_arm_rpi_bringup/gpio_init_node.py to gpio_init_node.cpython-312.pyc
[2.346s] running install_data
[2.346s] creating /home/scott/mercer_garm/ros2/install/mercer_g_arm_rpi_bringup/share/ament_index
[2.346s] creating /home/scott/mercer_garm/ros2/install/mercer_g_arm_rpi_bringup/share/ament_index/resource_index
[2.346s] creating /home/scott/mercer_garm/ros2/install/mercer_g_arm_rpi_bringup/share/ament_index/resource_index/packages
[2.346s] copying resource/mercer_g_arm_rpi_bringup -> /home/scott/mercer_garm/ros2/install/mercer_g_arm_rpi_bringup/share/ament_index/resource_index/packages
[2.346s] copying package.xml -> /home/scott/mercer_garm/ros2/install/mercer_g_arm_rpi_bringup/share/mercer_g_arm_rpi_bringup
[2.346s] creating /home/scott/mercer_garm/ros2/install/mercer_g_arm_rpi_bringup/share/mercer_g_arm_rpi_bringup/launch
[2.346s] copying launch/ros2_control_fake.launch.py -> /home/scott/mercer_garm/ros2/install/mercer_g_arm_rpi_bringup/share/mercer_g_arm_rpi_bringup/launch
[2.346s] copying launch/ros2_control_actual.launch.py -> /home/scott/mercer_garm/ros2/install/mercer_g_arm_rpi_bringup/share/mercer_g_arm_rpi_bringup/launch
[2.346s] copying launch/garm_start_up.launch.py -> /home/scott/mercer_garm/ros2/install/mercer_g_arm_rpi_bringup/share/mercer_g_arm_rpi_bringup/launch
[2.347s] creating /home/scott/mercer_garm/ros2/install/mercer_g_arm_rpi_bringup/share/mercer_g_arm_rpi_bringup/config
[2.347s] copying config/controllers.yaml -> /home/scott/mercer_garm/ros2/install/mercer_g_arm_rpi_bringup/share/mercer_g_arm_rpi_bringup/config
[2.347s] running install_egg_info
[2.389s] Copying ../../build/mercer_g_arm_rpi_bringup/mercer_g_arm_rpi_bringup.egg-info to /home/scott/mercer_garm/ros2/install/mercer_g_arm_rpi_bringup/lib/python3.12/site-packages/mercer_g_arm_rpi_bringup-0.0.0-py3.12.egg-info
[2.390s] running install_scripts
[2.638s] Installing gpio_init script to /home/scott/mercer_garm/ros2/install/mercer_g_arm_rpi_bringup/lib/mercer_g_arm_rpi_bringup
[2.638s] writing list of installed files to '/home/scott/mercer_garm/ros2/build/mercer_g_arm_rpi_bringup/install.log'
[2.702s] Invoked command in '/home/scott/mercer_garm/ros2/src/mercer_g_arm_rpi_bringup' returned '0': DEBUGINFOD_URLS=https://debuginfod.ubuntu.com PS1=(ros2_venv) \[\e]0;\u@\h: \w\a\]${debian_chroot:+($debian_chroot)}\[\033[01;32m\]\u@\h\[\033[00m\]:\[\033[01;34m\]\w\[\033[00m\]\$ PYTHONPATH=/home/scott/mercer_garm/ros2/build/mercer_g_arm_rpi_bringup/prefix_override:/usr/lib/python3/dist-packages/colcon_core/task/python/colcon_distutils_commands:/home/scott/mercer_garm/ros2/install/mercer_g_arm_rpi_bringup/lib/python3.12/site-packages:${PYTHONPATH} VIRTUAL_ENV_PROMPT=(ros2_venv) /usr/bin/python3 -W ignore:setup.py install is deprecated -W ignore:easy_install command is deprecated setup.py egg_info --egg-base ../../build/mercer_g_arm_rpi_bringup build --build-base /home/scott/mercer_garm/ros2/build/mercer_g_arm_rpi_bringup/build install --record /home/scott/mercer_garm/ros2/build/mercer_g_arm_rpi_bringup/install.log --single-version-externally-managed install_data
