/home/scott/mercer_garm/ros2/install/mercer_g_arm_rpi_bringup/lib/python3.12/site-packages/mercer_g_arm_rpi_bringup/trajectory_safety_proxy.py
/home/scott/mercer_garm/ros2/install/mercer_g_arm_rpi_bringup/lib/python3.12/site-packages/mercer_g_arm_rpi_bringup/__init__.py
/home/scott/mercer_garm/ros2/install/mercer_g_arm_rpi_bringup/lib/python3.12/site-packages/mercer_g_arm_rpi_bringup/gpio_init_node.py
/home/scott/mercer_garm/ros2/install/mercer_g_arm_rpi_bringup/lib/python3.12/site-packages/mercer_g_arm_rpi_bringup/__pycache__/trajectory_safety_proxy.cpython-312.pyc
/home/scott/mercer_garm/ros2/install/mercer_g_arm_rpi_bringup/lib/python3.12/site-packages/mercer_g_arm_rpi_bringup/__pycache__/__init__.cpython-312.pyc
/home/scott/mercer_garm/ros2/install/mercer_g_arm_rpi_bringup/lib/python3.12/site-packages/mercer_g_arm_rpi_bringup/__pycache__/gpio_init_node.cpython-312.pyc
/home/scott/mercer_garm/ros2/install/mercer_g_arm_rpi_bringup/share/ament_index/resource_index/packages/mercer_g_arm_rpi_bringup
/home/scott/mercer_garm/ros2/install/mercer_g_arm_rpi_bringup/share/mercer_g_arm_rpi_bringup/package.xml
/home/scott/mercer_garm/ros2/install/mercer_g_arm_rpi_bringup/share/mercer_g_arm_rpi_bringup/launch/ros2_control_fake.launch.py
/home/scott/mercer_garm/ros2/install/mercer_g_arm_rpi_bringup/share/mercer_g_arm_rpi_bringup/launch/ros2_control_actual.launch.py
/home/scott/mercer_garm/ros2/install/mercer_g_arm_rpi_bringup/share/mercer_g_arm_rpi_bringup/launch/garm_start_up.launch.py
/home/scott/mercer_garm/ros2/install/mercer_g_arm_rpi_bringup/share/mercer_g_arm_rpi_bringup/config/controllers.yaml
/home/scott/mercer_garm/ros2/install/mercer_g_arm_rpi_bringup/lib/python3.12/site-packages/mercer_g_arm_rpi_bringup-0.0.0-py3.12.egg-info/top_level.txt
/home/scott/mercer_garm/ros2/install/mercer_g_arm_rpi_bringup/lib/python3.12/site-packages/mercer_g_arm_rpi_bringup-0.0.0-py3.12.egg-info/entry_points.txt
/home/scott/mercer_garm/ros2/install/mercer_g_arm_rpi_bringup/lib/python3.12/site-packages/mercer_g_arm_rpi_bringup-0.0.0-py3.12.egg-info/zip-safe
/home/scott/mercer_garm/ros2/install/mercer_g_arm_rpi_bringup/lib/python3.12/site-packages/mercer_g_arm_rpi_bringup-0.0.0-py3.12.egg-info/dependency_links.txt
/home/scott/mercer_garm/ros2/install/mercer_g_arm_rpi_bringup/lib/python3.12/site-packages/mercer_g_arm_rpi_bringup-0.0.0-py3.12.egg-info/SOURCES.txt
/home/scott/mercer_garm/ros2/install/mercer_g_arm_rpi_bringup/lib/python3.12/site-packages/mercer_g_arm_rpi_bringup-0.0.0-py3.12.egg-info/PKG-INFO
/home/scott/mercer_garm/ros2/install/mercer_g_arm_rpi_bringup/lib/python3.12/site-packages/mercer_g_arm_rpi_bringup-0.0.0-py3.12.egg-info/requires.txt
/home/scott/mercer_garm/ros2/install/mercer_g_arm_rpi_bringup/lib/mercer_g_arm_rpi_bringup/gpio_init
