[0mCMake Deprecation Warning at CMakeLists.txt:1 (cmake_minimum_required):
  Compatibility with CMake < 3.10 will be removed from a future version of
  CMake.

  Update the VERSION argument <min> value.  Or, use the <min>...<max> syntax
  to tell CMake that the project requires at least <min> but has been updated
  to work with policies introduced by <max> or earlier.

[0m
-- The C compiler identification is GNU 13.3.0
-- The CXX compiler identification is GNU 13.3.0
-- Detecting C compiler ABI info
-- Detecting C compiler ABI info - done
-- Check for working C compiler: /usr/bin/cc - skipped
-- Detecting C compile features
-- Detecting C compile features - done
-- Detecting CXX compiler ABI info
-- Detecting CXX compiler ABI info - done
-- Check for working CXX compiler: /usr/bin/c++ - skipped
-- Detecting CXX compile features
-- Detecting CXX compile features - done
-- Found ament_cmake: 2.5.5 (/opt/ros/jazzy/share/ament_cmake/cmake)
-- Found Python3: /home/scott/ros2_venv/bin/python3 (found version "3.12.3") found components: Interpreter
-- Found rclcpp: 28.1.16 (/opt/ros/jazzy/share/rclcpp/cmake)
-- Found rosidl_generator_c: 4.6.7 (/opt/ros/jazzy/share/rosidl_generator_c/cmake)
-- Found rosidl_generator_cpp: 4.6.7 (/opt/ros/jazzy/share/rosidl_generator_cpp/cmake)
-- Using all available rosidl_typesupport_c: rosidl_typesupport_fastrtps_c;rosidl_typesupport_introspection_c
-- Using all available rosidl_typesupport_cpp: rosidl_typesupport_fastrtps_cpp;rosidl_typesupport_introspection_cpp
-- Found rmw_implementation_cmake: 7.3.3 (/opt/ros/jazzy/share/rmw_implementation_cmake/cmake)
-- Found rmw_fastrtps_cpp: 8.4.3 (/opt/ros/jazzy/share/rmw_fastrtps_cpp/cmake)
-- Found OpenSSL: /usr/lib/x86_64-linux-gnu/libcrypto.so (found version "3.0.13")
-- Found FastRTPS: /opt/ros/jazzy/include (Required is at least version "2.13")
-- Using RMW implementation 'rmw_fastrtps_cpp' as default
-- Found rclcpp_action: 28.1.16 (/opt/ros/jazzy/share/rclcpp_action/cmake)
-- Found moveit_ros_planning_interface: 2.14.1 (/home/scott/ws_moveit/install/moveit_ros_planning_interface/share/moveit_ros_planning_interface/cmake)
[33mCMake Warning (dev) at /home/scott/ws_moveit/install/moveit_ros_planning_interface/share/moveit_ros_planning_interface/cmake/ConfigExtras.cmake:7 (find_package):
  Policy CMP0167 is not set: The FindBoost module is removed.  Run "cmake
  --help-policy CMP0167" for policy details.  Use the cmake_policy command to
  set the policy and suppress this warning.

Call Stack (most recent call first):
  /home/scott/ws_moveit/install/moveit_ros_planning_interface/share/moveit_ros_planning_interface/cmake/moveit_ros_planning_interfaceConfig.cmake:41 (include)
  CMakeLists.txt:12 (find_package)
This warning is for project developers.  Use -Wno-dev to suppress it.
[0m
-- Found Boost: /usr/lib/x86_64-linux-gnu/cmake/Boost-1.83.0/BoostConfig.cmake (found version "1.83.0") found components: date_time filesystem program_options system thread
[33mCMake Warning (dev) at /home/scott/ws_moveit/install/moveit_core/share/moveit_core/cmake/ConfigExtras.cmake:3 (find_package):
  Policy CMP0167 is not set: The FindBoost module is removed.  Run "cmake
  --help-policy CMP0167" for policy details.  Use the cmake_policy command to
  set the policy and suppress this warning.

Call Stack (most recent call first):
  /home/scott/ws_moveit/install/moveit_core/share/moveit_core/cmake/moveit_coreConfig.cmake:41 (include)
  /home/scott/ws_moveit/install/moveit_ros_planning_interface/share/moveit_ros_planning_interface/cmake/ament_cmake_export_dependencies-extras.cmake:21 (find_package)
  /home/scott/ws_moveit/install/moveit_ros_planning_interface/share/moveit_ros_planning_interface/cmake/moveit_ros_planning_interfaceConfig.cmake:41 (include)
  CMakeLists.txt:12 (find_package)
This warning is for project developers.  Use -Wno-dev to suppress it.
[0m
-- Found Boost: /usr/lib/x86_64-linux-gnu/cmake/Boost-1.83.0/BoostConfig.cmake (found version "1.83.0") found components: chrono date_time filesystem iostreams program_options regex serialization system thread
-- Found parameter_traits: 0.6.0 (/opt/ros/jazzy/share/parameter_traits/cmake)
-- Found rclcpp_lifecycle: 28.1.16 (/opt/ros/jazzy/share/rclcpp_lifecycle/cmake)
[33mCMake Warning (dev) at /opt/ros/jazzy/share/geometric_shapes/cmake/ConfigExtras.cmake:31 (find_package):
  Policy CMP0167 is not set: The FindBoost module is removed.  Run "cmake
  --help-policy CMP0167" for policy details.  Use the cmake_policy command to
  set the policy and suppress this warning.

Call Stack (most recent call first):
  /opt/ros/jazzy/share/geometric_shapes/cmake/geometric_shapesConfig.cmake:41 (include)
  /home/scott/ws_moveit/install/moveit_core/share/moveit_core/cmake/ament_cmake_export_dependencies-extras.cmake:21 (find_package)
  /home/scott/ws_moveit/install/moveit_core/share/moveit_core/cmake/moveit_coreConfig.cmake:41 (include)
  /home/scott/ws_moveit/install/moveit_ros_planning_interface/share/moveit_ros_planning_interface/cmake/ament_cmake_export_dependencies-extras.cmake:21 (find_package)
  /home/scott/ws_moveit/install/moveit_ros_planning_interface/share/moveit_ros_planning_interface/cmake/moveit_ros_planning_interfaceConfig.cmake:41 (include)
  CMakeLists.txt:12 (find_package)
This warning is for project developers.  Use -Wno-dev to suppress it.
[0m
-- Found Boost: /usr/lib/x86_64-linux-gnu/cmake/Boost-1.83.0/BoostConfig.cmake (found version "1.83.0") found components: filesystem
-- Found Eigen3: TRUE (found version "3.4.0")
-- Ensuring Eigen3 include directory is part of orocos-kdl CMake target
[33mCMake Warning (dev) at /home/scott/ws_moveit/install/moveit_ros_planning/share/moveit_ros_planning/cmake/ConfigExtras.cmake:3 (find_package):
  Policy CMP0167 is not set: The FindBoost module is removed.  Run "cmake
  --help-policy CMP0167" for policy details.  Use the cmake_policy command to
  set the policy and suppress this warning.

Call Stack (most recent call first):
  /home/scott/ws_moveit/install/moveit_ros_planning/share/moveit_ros_planning/cmake/moveit_ros_planningConfig.cmake:41 (include)
  /home/scott/ws_moveit/install/moveit_ros_planning_interface/share/moveit_ros_planning_interface/cmake/ament_cmake_export_dependencies-extras.cmake:21 (find_package)
  /home/scott/ws_moveit/install/moveit_ros_planning_interface/share/moveit_ros_planning_interface/cmake/moveit_ros_planning_interfaceConfig.cmake:41 (include)
  CMakeLists.txt:12 (find_package)
This warning is for project developers.  Use -Wno-dev to suppress it.
[0m
-- Found Boost: /usr/lib/x86_64-linux-gnu/cmake/Boost-1.83.0/BoostConfig.cmake (found version "1.83.0") found components: system filesystem date_time program_options thread chrono
[33mCMake Warning (dev) at /home/scott/ws_moveit/install/moveit_ros_warehouse/share/moveit_ros_warehouse/cmake/ConfigExtras.cmake:3 (find_package):
  Policy CMP0167 is not set: The FindBoost module is removed.  Run "cmake
  --help-policy CMP0167" for policy details.  Use the cmake_policy command to
  set the policy and suppress this warning.

Call Stack (most recent call first):
  /home/scott/ws_moveit/install/moveit_ros_warehouse/share/moveit_ros_warehouse/cmake/moveit_ros_warehouseConfig.cmake:41 (include)
  /home/scott/ws_moveit/install/moveit_ros_planning_interface/share/moveit_ros_planning_interface/cmake/ament_cmake_export_dependencies-extras.cmake:21 (find_package)
  /home/scott/ws_moveit/install/moveit_ros_planning_interface/share/moveit_ros_planning_interface/cmake/moveit_ros_planning_interfaceConfig.cmake:41 (include)
  CMakeLists.txt:12 (find_package)
This warning is for project developers.  Use -Wno-dev to suppress it.
[0m
-- Found Boost: /usr/lib/x86_64-linux-gnu/cmake/Boost-1.83.0/BoostConfig.cmake (found version "1.83.0") found components: thread system filesystem regex date_time program_options
[33mCMake Warning (dev) at /home/scott/ws_moveit/install/moveit_ros_move_group/share/moveit_ros_move_group/cmake/ConfigExtras.cmake:3 (find_package):
  Policy CMP0167 is not set: The FindBoost module is removed.  Run "cmake
  --help-policy CMP0167" for policy details.  Use the cmake_policy command to
  set the policy and suppress this warning.

Call Stack (most recent call first):
  /home/scott/ws_moveit/install/moveit_ros_move_group/share/moveit_ros_move_group/cmake/moveit_ros_move_groupConfig.cmake:41 (include)
  /home/scott/ws_moveit/install/moveit_ros_planning_interface/share/moveit_ros_planning_interface/cmake/ament_cmake_export_dependencies-extras.cmake:21 (find_package)
  /home/scott/ws_moveit/install/moveit_ros_planning_interface/share/moveit_ros_planning_interface/cmake/moveit_ros_planning_interfaceConfig.cmake:41 (include)
  CMakeLists.txt:12 (find_package)
This warning is for project developers.  Use -Wno-dev to suppress it.
[0m
-- Found Boost: /usr/lib/x86_64-linux-gnu/cmake/Boost-1.83.0/BoostConfig.cmake (found version "1.83.0") found components: system filesystem date_time program_options thread
-- Found example_interfaces: 0.12.0 (/opt/ros/jazzy/share/example_interfaces/cmake)
-- Found control_msgs: 5.7.0 (/opt/ros/jazzy/share/control_msgs/cmake)
-- Found g_arm_msgs: 0.0.0 (/home/scott/mercer_garm/ros2/install/g_arm_msgs/share/g_arm_msgs/cmake)
-- Configuring done (6.7s)
-- Generating done (0.3s)
-- Build files have been written to: /home/scott/mercer_garm/ros2/build/mercer_robot_commander_cpp
[  7%] [32mBuilding CXX object CMakeFiles/commander.dir/src/commander_template.cpp.o[0m
[ 14%] [32mBuilding CXX object CMakeFiles/test_moveit.dir/src/test_moveit.cpp.o[0m
[ 21%] [32mBuilding CXX object CMakeFiles/joint_space_demo.dir/src/joint_space_demo.cpp.o[0m
[ 28%] [32mBuilding CXX object CMakeFiles/pose_space_demo.dir/src/pose_space_demo.cpp.o[0m
In file included from [01m[K/home/scott/mercer_garm/ros2/src/mercer_robot_commander_cpp/src/commander_template.cpp:10[m[K:
[01m[K/home/scott/ws_moveit/install/moveit_core/include/moveit_core/moveit/robot_model/robot_model.h:51:77:[m[K [01;36m[Knote: [m[K‘[01m[K#pragma message: .h header is obsolete. Please use the .hpp header instead.[m[K’
   51 | #pragma message(".h header is obsolete. Please use the .hpp header instead."[01;36m[K)[m[K
      |                                                                             [01;36m[K^[m[K
In file included from [01m[K/home/scott/mercer_garm/ros2/src/mercer_robot_commander_cpp/src/joint_space_demo.cpp:6[m[K:
[01m[K/home/scott/ws_moveit/install/moveit_core/include/moveit_core/moveit/robot_model/robot_model.h:51:77:[m[K [01;36m[Knote: [m[K‘[01m[K#pragma message: .h header is obsolete. Please use the .hpp header instead.[m[K’
   51 | #pragma message(".h header is obsolete. Please use the .hpp header instead."[01;36m[K)[m[K
      |                                                                             [01;36m[K^[m[K
In file included from [01m[K/home/scott/mercer_garm/ros2/src/mercer_robot_commander_cpp/src/test_moveit.cpp:6[m[K:
[01m[K/home/scott/ws_moveit/install/moveit_core/include/moveit_core/moveit/robot_model/robot_model.h:51:77:[m[K [01;36m[Knote: [m[K‘[01m[K#pragma message: .h header is obsolete. Please use the .hpp header instead.[m[K’
   51 | #pragma message(".h header is obsolete. Please use the .hpp header instead."[01;36m[K)[m[K
      |                                                                             [01;36m[K^[m[K
In file included from [01m[K/home/scott/mercer_garm/ros2/src/mercer_robot_commander_cpp/src/pose_space_demo.cpp:6[m[K:
[01m[K/home/scott/ws_moveit/install/moveit_core/include/moveit_core/moveit/robot_model/robot_model.h:51:77:[m[K [01;36m[Knote: [m[K‘[01m[K#pragma message: .h header is obsolete. Please use the .hpp header instead.[m[K’
   51 | #pragma message(".h header is obsolete. Please use the .hpp header instead."[01;36m[K)[m[K
      |                                                                             [01;36m[K^[m[K
In file included from [01m[K/home/scott/mercer_garm/ros2/src/mercer_robot_commander_cpp/src/pose_space_demo.cpp:7[m[K:
[01m[K/home/scott/ws_moveit/install/moveit_core/include/moveit_core/moveit/robot_state/robot_state.h:51:77:[m[K [01;36m[Knote: [m[K‘[01m[K#pragma message: .h header is obsolete. Please use the .hpp header instead.[m[K’
   51 | #pragma message(".h header is obsolete. Please use the .hpp header instead."[01;36m[K)[m[K
      |                                                                             [01;36m[K^[m[K
In file included from [01m[K/home/scott/mercer_garm/ros2/src/mercer_robot_commander_cpp/src/pose_space_demo.cpp:8[m[K:
[01m[K/home/scott/ws_moveit/install/moveit_core/include/moveit_core/moveit/collision_detection/collision_common.h:50:77:[m[K [01;36m[Knote: [m[K‘[01m[K#pragma message: .h header is obsolete. Please use the .hpp header instead.[m[K’
   50 | #pragma message(".h header is obsolete. Please use the .hpp header instead."[01;36m[K)[m[K
      |                                                                             [01;36m[K^[m[K
[ 50%] [1m[32mLinking CXX executable joint_space_demo[0m
[ 50%] [1m[32mLinking CXX executable test_moveit[0m
[ 50%] [1m[32mLinking CXX executable pose_space_demo[0m
[ 57%] [1m[32mLinking CXX executable commander[0m
[ 57%] Built target pose_space_demo
[ 57%] Built target joint_space_demo
[ 57%] Built target test_moveit
[ 57%] Built target commander
[ 64%] [32mBuilding CXX object CMakeFiles/go_to_pose_server.dir/src/go_to_pose_server.cpp.o[0m
In file included from [01m[K/home/scott/mercer_garm/ros2/src/mercer_robot_commander_cpp/src/go_to_pose_server.cpp:4[m[K:
[01m[K/home/scott/ws_moveit/install/moveit_core/include/moveit_core/moveit/robot_state/robot_state.h:51:77:[m[K [01;36m[Knote: [m[K‘[01m[K#pragma message: .h header is obsolete. Please use the .hpp header instead.[m[K’
   51 | #pragma message(".h header is obsolete. Please use the .hpp header instead."[01;36m[K)[m[K
      |                                                                             [01;36m[K^[m[K
In file included from [01m[K/home/scott/mercer_garm/ros2/src/mercer_robot_commander_cpp/src/go_to_pose_server.cpp:5[m[K:
[01m[K/home/scott/ws_moveit/install/moveit_core/include/moveit_core/moveit/robot_state/conversions.h:50:77:[m[K [01;36m[Knote: [m[K‘[01m[K#pragma message: .h header is obsolete. Please use the .hpp header instead.[m[K’
   50 | #pragma message(".h header is obsolete. Please use the .hpp header instead."[01;36m[K)[m[K
      |                                                                             [01;36m[K^[m[K
[ 71%] [1m[32mLinking CXX executable go_to_pose_server[0m
[ 71%] Built target go_to_pose_server
[ 85%] [32mBuilding CXX object CMakeFiles/simple_pose_demo.dir/src/simple_pose_demo.cpp.o[0m
[ 85%] [32mBuilding CXX object CMakeFiles/pose_to_joint_commander.dir/src/pose_to_joint_commander.cpp.o[0m
In file included from [01m[K/home/scott/mercer_garm/ros2/src/mercer_robot_commander_cpp/src/simple_pose_demo.cpp:6[m[K:
[01m[K/home/scott/ws_moveit/install/moveit_core/include/moveit_core/moveit/robot_model/robot_model.h:51:77:[m[K [01;36m[Knote: [m[K‘[01m[K#pragma message: .h header is obsolete. Please use the .hpp header instead.[m[K’
   51 | #pragma message(".h header is obsolete. Please use the .hpp header instead."[01;36m[K)[m[K
      |                                                                             [01;36m[K^[m[K
In file included from [01m[K/home/scott/mercer_garm/ros2/src/mercer_robot_commander_cpp/src/pose_to_joint_commander.cpp:6[m[K:
[01m[K/home/scott/ws_moveit/install/moveit_core/include/moveit_core/moveit/robot_model/robot_model.h:51:77:[m[K [01;36m[Knote: [m[K‘[01m[K#pragma message: .h header is obsolete. Please use the .hpp header instead.[m[K’
   51 | #pragma message(".h header is obsolete. Please use the .hpp header instead."[01;36m[K)[m[K
      |                                                                             [01;36m[K^[m[K
In file included from [01m[K/home/scott/mercer_garm/ros2/src/mercer_robot_commander_cpp/src/pose_to_joint_commander.cpp:7[m[K:
[01m[K/home/scott/ws_moveit/install/moveit_core/include/moveit_core/moveit/robot_state/robot_state.h:51:77:[m[K [01;36m[Knote: [m[K‘[01m[K#pragma message: .h header is obsolete. Please use the .hpp header instead.[m[K’
   51 | #pragma message(".h header is obsolete. Please use the .hpp header instead."[01;36m[K)[m[K
      |                                                                             [01;36m[K^[m[K
In file included from [01m[K/home/scott/mercer_garm/ros2/src/mercer_robot_commander_cpp/src/pose_to_joint_commander.cpp:8[m[K:
[01m[K/home/scott/ws_moveit/install/moveit_core/include/moveit_core/moveit/robot_state/conversions.h:50:77:[m[K [01;36m[Knote: [m[K‘[01m[K#pragma message: .h header is obsolete. Please use the .hpp header instead.[m[K’
   50 | #pragma message(".h header is obsolete. Please use the .hpp header instead."[01;36m[K)[m[K
      |                                                                             [01;36m[K^[m[K
[01m[K/home/scott/mercer_garm/ros2/src/mercer_robot_commander_cpp/src/pose_to_joint_commander.cpp:[m[K In member function ‘[01m[Kvoid PoseToJointCommander::[01;32m[KhomeCommandCallback[m[K(std_msgs::msg::Bool_<std::allocator<void> >::SharedPtr)[m[K’:
[01m[K/home/scott/mercer_garm/ros2/src/mercer_robot_commander_cpp/src/pose_to_joint_commander.cpp:265:52:[m[K [01;35m[Kwarning: [m[Kunused parameter ‘[01m[Kmsg[m[K’ [[01;35m[K]8;;https://gcc.gnu.org/onlinedocs/gcc/Warning-Options.html#index-Wunused-parameter-Wunused-parameter]8;;[m[K]
  265 |     void homeCommandCallback([01;35m[Kconst Bool::SharedPtr msg[m[K)
      |                              [01;35m[K~~~~~~~~~~~~~~~~~~~~~~^~~[m[K
[ 92%] [1m[32mLinking CXX executable simple_pose_demo[0m
[ 92%] Built target simple_pose_demo
[100%] [1m[32mLinking CXX executable pose_to_joint_commander[0m
[100%] Built target pose_to_joint_commander
-- Install configuration: ""
-- Installing: /home/scott/mercer_garm/ros2/install/mercer_robot_commander_cpp/lib/mercer_robot_commander_cpp/test_moveit
-- Set non-toolchain portion of runtime path of "/home/scott/mercer_garm/ros2/install/mercer_robot_commander_cpp/lib/mercer_robot_commander_cpp/test_moveit" to ""
-- Installing: /home/scott/mercer_garm/ros2/install/mercer_robot_commander_cpp/lib/mercer_robot_commander_cpp/commander
-- Set non-toolchain portion of runtime path of "/home/scott/mercer_garm/ros2/install/mercer_robot_commander_cpp/lib/mercer_robot_commander_cpp/commander" to ""
-- Installing: /home/scott/mercer_garm/ros2/install/mercer_robot_commander_cpp/lib/mercer_robot_commander_cpp/joint_space_demo
-- Set non-toolchain portion of runtime path of "/home/scott/mercer_garm/ros2/install/mercer_robot_commander_cpp/lib/mercer_robot_commander_cpp/joint_space_demo" to ""
-- Installing: /home/scott/mercer_garm/ros2/install/mercer_robot_commander_cpp/lib/mercer_robot_commander_cpp/pose_space_demo
-- Set non-toolchain portion of runtime path of "/home/scott/mercer_garm/ros2/install/mercer_robot_commander_cpp/lib/mercer_robot_commander_cpp/pose_space_demo" to ""
-- Installing: /home/scott/mercer_garm/ros2/install/mercer_robot_commander_cpp/lib/mercer_robot_commander_cpp/simple_pose_demo
-- Set non-toolchain portion of runtime path of "/home/scott/mercer_garm/ros2/install/mercer_robot_commander_cpp/lib/mercer_robot_commander_cpp/simple_pose_demo" to ""
-- Installing: /home/scott/mercer_garm/ros2/install/mercer_robot_commander_cpp/lib/mercer_robot_commander_cpp/pose_to_joint_commander
-- Set non-toolchain portion of runtime path of "/home/scott/mercer_garm/ros2/install/mercer_robot_commander_cpp/lib/mercer_robot_commander_cpp/pose_to_joint_commander" to ""
-- Installing: /home/scott/mercer_garm/ros2/install/mercer_robot_commander_cpp/lib/mercer_robot_commander_cpp/go_to_pose_server
-- Set non-toolchain portion of runtime path of "/home/scott/mercer_garm/ros2/install/mercer_robot_commander_cpp/lib/mercer_robot_commander_cpp/go_to_pose_server" to ""
-- Installing: /home/scott/mercer_garm/ros2/install/mercer_robot_commander_cpp/share/mercer_robot_commander_cpp/launch
-- Installing: /home/scott/mercer_garm/ros2/install/mercer_robot_commander_cpp/share/mercer_robot_commander_cpp/launch/simple_pose_demo.launch.py
-- Installing: /home/scott/mercer_garm/ros2/install/mercer_robot_commander_cpp/share/mercer_robot_commander_cpp/launch/pose_to_joint_commander.launch.py
-- Installing: /home/scott/mercer_garm/ros2/install/mercer_robot_commander_cpp/share/mercer_robot_commander_cpp/launch/joint_space_demo.launch.py
-- Installing: /home/scott/mercer_garm/ros2/install/mercer_robot_commander_cpp/share/mercer_robot_commander_cpp/launch/pose_list_commander.launch.py
-- Installing: /home/scott/mercer_garm/ros2/install/mercer_robot_commander_cpp/share/mercer_robot_commander_cpp/launch/__pycache__
-- Installing: /home/scott/mercer_garm/ros2/install/mercer_robot_commander_cpp/share/mercer_robot_commander_cpp/launch/__pycache__/test_moveit.launch.cpython-312.pyc
-- Installing: /home/scott/mercer_garm/ros2/install/mercer_robot_commander_cpp/share/mercer_robot_commander_cpp/launch/__pycache__/joint_space_demo.launch.cpython-312.pyc
-- Installing: /home/scott/mercer_garm/ros2/install/mercer_robot_commander_cpp/share/mercer_robot_commander_cpp/launch/__pycache__/pose_list_commander.launch.cpython-312.pyc
-- Installing: /home/scott/mercer_garm/ros2/install/mercer_robot_commander_cpp/share/mercer_robot_commander_cpp/launch/__pycache__/pose_space_demo.launch.cpython-312.pyc
-- Installing: /home/scott/mercer_garm/ros2/install/mercer_robot_commander_cpp/share/mercer_robot_commander_cpp/launch/pose_space_demo.launch.py
-- Installing: /home/scott/mercer_garm/ros2/install/mercer_robot_commander_cpp/share/mercer_robot_commander_cpp/launch/test_moveit.launch.py
-- Installing: /home/scott/mercer_garm/ros2/install/mercer_robot_commander_cpp/share/mercer_robot_commander_cpp/launch/g_arm_jog_gui.launch.py
-- Installing: /home/scott/mercer_garm/ros2/install/mercer_robot_commander_cpp/share/mercer_robot_commander_cpp/launch/go_to_pose_server.launch.py
-- Installing: /home/scott/mercer_garm/ros2/install/mercer_robot_commander_cpp/lib/mercer_robot_commander_cpp/example_go_to_pose.py
-- Installing: /home/scott/mercer_garm/ros2/install/mercer_robot_commander_cpp/lib/mercer_robot_commander_cpp/g_arm_jog_gui.py
-- Installing: /home/scott/mercer_garm/ros2/install/mercer_robot_commander_cpp/lib/mercer_robot_commander_cpp/go_to_pose_client.py
-- Installing: /home/scott/mercer_garm/ros2/install/mercer_robot_commander_cpp/lib/mercer_robot_commander_cpp/pose_list_commander_interface.py
-- Installing: /home/scott/mercer_garm/ros2/install/mercer_robot_commander_cpp/lib/mercer_robot_commander_cpp/pose_list_commander_node.py
-- Installing: /home/scott/mercer_garm/ros2/install/mercer_robot_commander_cpp/share/mercer_robot_commander_cpp/config
-- Installing: /home/scott/mercer_garm/ros2/install/mercer_robot_commander_cpp/share/mercer_robot_commander_cpp/config/waypoints_example.yaml
-- Installing: /home/scott/mercer_garm/ros2/install/mercer_robot_commander_cpp/share/ament_index/resource_index/package_run_dependencies/mercer_robot_commander_cpp
-- Installing: /home/scott/mercer_garm/ros2/install/mercer_robot_commander_cpp/share/ament_index/resource_index/parent_prefix_path/mercer_robot_commander_cpp
-- Installing: /home/scott/mercer_garm/ros2/install/mercer_robot_commander_cpp/share/mercer_robot_commander_cpp/environment/ament_prefix_path.sh
-- Installing: /home/scott/mercer_garm/ros2/install/mercer_robot_commander_cpp/share/mercer_robot_commander_cpp/environment/ament_prefix_path.dsv
-- Installing: /home/scott/mercer_garm/ros2/install/mercer_robot_commander_cpp/share/mercer_robot_commander_cpp/environment/path.sh
-- Installing: /home/scott/mercer_garm/ros2/install/mercer_robot_commander_cpp/share/mercer_robot_commander_cpp/environment/path.dsv
-- Installing: /home/scott/mercer_garm/ros2/install/mercer_robot_commander_cpp/share/mercer_robot_commander_cpp/local_setup.bash
-- Installing: /home/scott/mercer_garm/ros2/install/mercer_robot_commander_cpp/share/mercer_robot_commander_cpp/local_setup.sh
-- Installing: /home/scott/mercer_garm/ros2/install/mercer_robot_commander_cpp/share/mercer_robot_commander_cpp/local_setup.zsh
-- Installing: /home/scott/mercer_garm/ros2/install/mercer_robot_commander_cpp/share/mercer_robot_commander_cpp/local_setup.dsv
-- Installing: /home/scott/mercer_garm/ros2/install/mercer_robot_commander_cpp/share/mercer_robot_commander_cpp/package.dsv
-- Installing: /home/scott/mercer_garm/ros2/install/mercer_robot_commander_cpp/share/ament_index/resource_index/packages/mercer_robot_commander_cpp
-- Installing: /home/scott/mercer_garm/ros2/install/mercer_robot_commander_cpp/share/mercer_robot_commander_cpp/cmake/mercer_robot_commander_cppConfig.cmake
-- Installing: /home/scott/mercer_garm/ros2/install/mercer_robot_commander_cpp/share/mercer_robot_commander_cpp/cmake/mercer_robot_commander_cppConfig-version.cmake
-- Installing: /home/scott/mercer_garm/ros2/install/mercer_robot_commander_cpp/share/mercer_robot_commander_cpp/package.xml
