running egg_info
creating ../../build/g_arm_trajectory_bridge/g_arm_trajectory_bridge.egg-info
writing ../../build/g_arm_trajectory_bridge/g_arm_trajectory_bridge.egg-info/PKG-INFO
writing dependency_links to ../../build/g_arm_trajectory_bridge/g_arm_trajectory_bridge.egg-info/dependency_links.txt
writing entry points to ../../build/g_arm_trajectory_bridge/g_arm_trajectory_bridge.egg-info/entry_points.txt
writing requirements to ../../build/g_arm_trajectory_bridge/g_arm_trajectory_bridge.egg-info/requires.txt
writing top-level names to ../../build/g_arm_trajectory_bridge/g_arm_trajectory_bridge.egg-info/top_level.txt
writing manifest file '../../build/g_arm_trajectory_bridge/g_arm_trajectory_bridge.egg-info/SOURCES.txt'
reading manifest file '../../build/g_arm_trajectory_bridge/g_arm_trajectory_bridge.egg-info/SOURCES.txt'
writing manifest file '../../build/g_arm_trajectory_bridge/g_arm_trajectory_bridge.egg-info/SOURCES.txt'
running build
running build_py
creating /home/scott/mercer_garm/ros2/build/g_arm_trajectory_bridge/build
creating /home/scott/mercer_garm/ros2/build/g_arm_trajectory_bridge/build/lib
creating /home/scott/mercer_garm/ros2/build/g_arm_trajectory_bridge/build/lib/g_arm_trajectory_bridge
copying g_arm_trajectory_bridge/bridge_node.py -> /home/scott/mercer_garm/ros2/build/g_arm_trajectory_bridge/build/lib/g_arm_trajectory_bridge
copying g_arm_trajectory_bridge/__init__.py -> /home/scott/mercer_garm/ros2/build/g_arm_trajectory_bridge/build/lib/g_arm_trajectory_bridge
running install
running install_lib
creating /home/scott/mercer_garm/ros2/install/g_arm_trajectory_bridge/lib/python3.12/site-packages/g_arm_trajectory_bridge
copying /home/scott/mercer_garm/ros2/build/g_arm_trajectory_bridge/build/lib/g_arm_trajectory_bridge/bridge_node.py -> /home/scott/mercer_garm/ros2/install/g_arm_trajectory_bridge/lib/python3.12/site-packages/g_arm_trajectory_bridge
copying /home/scott/mercer_garm/ros2/build/g_arm_trajectory_bridge/build/lib/g_arm_trajectory_bridge/__init__.py -> /home/scott/mercer_garm/ros2/install/g_arm_trajectory_bridge/lib/python3.12/site-packages/g_arm_trajectory_bridge
byte-compiling /home/scott/mercer_garm/ros2/install/g_arm_trajectory_bridge/lib/python3.12/site-packages/g_arm_trajectory_bridge/bridge_node.py to bridge_node.cpython-312.pyc
byte-compiling /home/scott/mercer_garm/ros2/install/g_arm_trajectory_bridge/lib/python3.12/site-packages/g_arm_trajectory_bridge/__init__.py to __init__.cpython-312.pyc
running install_data
creating /home/scott/mercer_garm/ros2/install/g_arm_trajectory_bridge/share/ament_index
creating /home/scott/mercer_garm/ros2/install/g_arm_trajectory_bridge/share/ament_index/resource_index
creating /home/scott/mercer_garm/ros2/install/g_arm_trajectory_bridge/share/ament_index/resource_index/packages
copying resource/g_arm_trajectory_bridge -> /home/scott/mercer_garm/ros2/install/g_arm_trajectory_bridge/share/ament_index/resource_index/packages
copying package.xml -> /home/scott/mercer_garm/ros2/install/g_arm_trajectory_bridge/share/g_arm_trajectory_bridge
creating /home/scott/mercer_garm/ros2/install/g_arm_trajectory_bridge/share/g_arm_trajectory_bridge/launch
copying launch/g_arm_trajectory_bridge.launch.py -> /home/scott/mercer_garm/ros2/install/g_arm_trajectory_bridge/share/g_arm_trajectory_bridge/launch
running install_egg_info
Copying ../../build/g_arm_trajectory_bridge/g_arm_trajectory_bridge.egg-info to /home/scott/mercer_garm/ros2/install/g_arm_trajectory_bridge/lib/python3.12/site-packages/g_arm_trajectory_bridge-0.1.0-py3.12.egg-info
running install_scripts
Installing bridge script to /home/scott/mercer_garm/ros2/install/g_arm_trajectory_bridge/lib/g_arm_trajectory_bridge
writing list of installed files to '/home/scott/mercer_garm/ros2/build/g_arm_trajectory_bridge/install.log'
