[1.720s] Invoking command in '/home/scott/mercer_garm/ros2/src/g_arm_trajectory_bridge': DEBUGINFOD_URLS=https://debuginfod.ubuntu.com PS1=(ros2_venv) \[\e]0;\u@\h: \w\a\]${debian_chroot:+($debian_chroot)}\[\033[01;32m\]\u@\h\[\033[00m\]:\[\033[01;34m\]\w\[\033[00m\]\$ PYTHONPATH=/home/scott/mercer_garm/ros2/build/g_arm_trajectory_bridge/prefix_override:/usr/lib/python3/dist-packages/colcon_core/task/python/colcon_distutils_commands:/home/scott/mercer_garm/ros2/install/g_arm_trajectory_bridge/lib/python3.12/site-packages:${PYTHONPATH} VIRTUAL_ENV_PROMPT=(ros2_venv) /usr/bin/python3 -W ignore:setup.py install is deprecated -W ignore:easy_install command is deprecated setup.py egg_info --egg-base ../../build/g_arm_trajectory_bridge build --build-base /home/scott/mercer_garm/ros2/build/g_arm_trajectory_bridge/build install --record /home/scott/mercer_garm/ros2/build/g_arm_trajectory_bridge/install.log --single-version-externally-managed install_data
[2.196s] running egg_info
[2.196s] creating ../../build/g_arm_trajectory_bridge/g_arm_trajectory_bridge.egg-info
[2.236s] writing ../../build/g_arm_trajectory_bridge/g_arm_trajectory_bridge.egg-info/PKG-INFO
[2.237s] writing dependency_links to ../../build/g_arm_trajectory_bridge/g_arm_trajectory_bridge.egg-info/dependency_links.txt
[2.237s] writing entry points to ../../build/g_arm_trajectory_bridge/g_arm_trajectory_bridge.egg-info/entry_points.txt
[2.237s] writing requirements to ../../build/g_arm_trajectory_bridge/g_arm_trajectory_bridge.egg-info/requires.txt
[2.237s] writing top-level names to ../../build/g_arm_trajectory_bridge/g_arm_trajectory_bridge.egg-info/top_level.txt
[2.238s] writing manifest file '../../build/g_arm_trajectory_bridge/g_arm_trajectory_bridge.egg-info/SOURCES.txt'
[2.318s] reading manifest file '../../build/g_arm_trajectory_bridge/g_arm_trajectory_bridge.egg-info/SOURCES.txt'
[2.319s] writing manifest file '../../build/g_arm_trajectory_bridge/g_arm_trajectory_bridge.egg-info/SOURCES.txt'
[2.319s] running build
[2.319s] running build_py
[2.320s] creating /home/scott/mercer_garm/ros2/build/g_arm_trajectory_bridge/build
[2.320s] creating /home/scott/mercer_garm/ros2/build/g_arm_trajectory_bridge/build/lib
[2.320s] creating /home/scott/mercer_garm/ros2/build/g_arm_trajectory_bridge/build/lib/g_arm_trajectory_bridge
[2.320s] copying g_arm_trajectory_bridge/bridge_node.py -> /home/scott/mercer_garm/ros2/build/g_arm_trajectory_bridge/build/lib/g_arm_trajectory_bridge
[2.321s] copying g_arm_trajectory_bridge/__init__.py -> /home/scott/mercer_garm/ros2/build/g_arm_trajectory_bridge/build/lib/g_arm_trajectory_bridge
[2.321s] running install
[2.327s] running install_lib
[2.368s] creating /home/scott/mercer_garm/ros2/install/g_arm_trajectory_bridge/lib/python3.12/site-packages/g_arm_trajectory_bridge
[2.368s] copying /home/scott/mercer_garm/ros2/build/g_arm_trajectory_bridge/build/lib/g_arm_trajectory_bridge/bridge_node.py -> /home/scott/mercer_garm/ros2/install/g_arm_trajectory_bridge/lib/python3.12/site-packages/g_arm_trajectory_bridge
[2.368s] copying /home/scott/mercer_garm/ros2/build/g_arm_trajectory_bridge/build/lib/g_arm_trajectory_bridge/__init__.py -> /home/scott/mercer_garm/ros2/install/g_arm_trajectory_bridge/lib/python3.12/site-packages/g_arm_trajectory_bridge
[2.369s] byte-compiling /home/scott/mercer_garm/ros2/install/g_arm_trajectory_bridge/lib/python3.12/site-packages/g_arm_trajectory_bridge/bridge_node.py to bridge_node.cpython-312.pyc
[2.371s] byte-compiling /home/scott/mercer_garm/ros2/install/g_arm_trajectory_bridge/lib/python3.12/site-packages/g_arm_trajectory_bridge/__init__.py to __init__.cpython-312.pyc
[2.371s] running install_data
[2.374s] creating /home/scott/mercer_garm/ros2/install/g_arm_trajectory_bridge/share/ament_index
[2.374s] creating /home/scott/mercer_garm/ros2/install/g_arm_trajectory_bridge/share/ament_index/resource_index
[2.374s] creating /home/scott/mercer_garm/ros2/install/g_arm_trajectory_bridge/share/ament_index/resource_index/packages
[2.374s] copying resource/g_arm_trajectory_bridge -> /home/scott/mercer_garm/ros2/install/g_arm_trajectory_bridge/share/ament_index/resource_index/packages
[2.374s] copying package.xml -> /home/scott/mercer_garm/ros2/install/g_arm_trajectory_bridge/share/g_arm_trajectory_bridge
[2.374s] creating /home/scott/mercer_garm/ros2/install/g_arm_trajectory_bridge/share/g_arm_trajectory_bridge/launch
[2.374s] copying launch/g_arm_trajectory_bridge.launch.py -> /home/scott/mercer_garm/ros2/install/g_arm_trajectory_bridge/share/g_arm_trajectory_bridge/launch
[2.374s] running install_egg_info
[2.414s] Copying ../../build/g_arm_trajectory_bridge/g_arm_trajectory_bridge.egg-info to /home/scott/mercer_garm/ros2/install/g_arm_trajectory_bridge/lib/python3.12/site-packages/g_arm_trajectory_bridge-0.1.0-py3.12.egg-info
[2.415s] running install_scripts
[2.657s] Installing bridge script to /home/scott/mercer_garm/ros2/install/g_arm_trajectory_bridge/lib/g_arm_trajectory_bridge
[2.657s] writing list of installed files to '/home/scott/mercer_garm/ros2/build/g_arm_trajectory_bridge/install.log'
[2.706s] Invoked command in '/home/scott/mercer_garm/ros2/src/g_arm_trajectory_bridge' returned '0': DEBUGINFOD_URLS=https://debuginfod.ubuntu.com PS1=(ros2_venv) \[\e]0;\u@\h: \w\a\]${debian_chroot:+($debian_chroot)}\[\033[01;32m\]\u@\h\[\033[00m\]:\[\033[01;34m\]\w\[\033[00m\]\$ PYTHONPATH=/home/scott/mercer_garm/ros2/build/g_arm_trajectory_bridge/prefix_override:/usr/lib/python3/dist-packages/colcon_core/task/python/colcon_distutils_commands:/home/scott/mercer_garm/ros2/install/g_arm_trajectory_bridge/lib/python3.12/site-packages:${PYTHONPATH} VIRTUAL_ENV_PROMPT=(ros2_venv) /usr/bin/python3 -W ignore:setup.py install is deprecated -W ignore:easy_install command is deprecated setup.py egg_info --egg-base ../../build/g_arm_trajectory_bridge build --build-base /home/scott/mercer_garm/ros2/build/g_arm_trajectory_bridge/build install --record /home/scott/mercer_garm/ros2/build/g_arm_trajectory_bridge/install.log --single-version-externally-managed install_data
