[2.025s] Invoking command in '/home/scott/mercer_garm/ros2/src/g_arm_trajectory_bridge': DEBUGINFOD_URLS=https://debuginfod.ubuntu.com PS1=(ros2_venv) \[\e]0;\u@\h: \w\a\]${debian_chroot:+($debian_chroot)}\[\033[01;32m\]\u@\h\[\033[00m\]:\[\033[01;34m\]\w\[\033[00m\]\$ PYTHONPATH=/home/scott/mercer_garm/ros2/build/g_arm_trajectory_bridge/prefix_override:/usr/lib/python3/dist-packages/colcon_core/task/python/colcon_distutils_commands:/home/scott/mercer_garm/ros2/install/g_arm_trajectory_bridge/lib/python3.12/site-packages:${PYTHONPATH} VIRTUAL_ENV_PROMPT=(ros2_venv) /usr/bin/python3 -W ignore:setup.py install is deprecated -W ignore:easy_install command is deprecated setup.py egg_info --egg-base ../../build/g_arm_trajectory_bridge build --build-base /home/scott/mercer_garm/ros2/build/g_arm_trajectory_bridge/build install --record /home/scott/mercer_garm/ros2/build/g_arm_trajectory_bridge/install.log --single-version-externally-managed install_data
[2.578s] running egg_info
[2.621s] writing ../../build/g_arm_trajectory_bridge/g_arm_trajectory_bridge.egg-info/PKG-INFO
[2.622s] writing dependency_links to ../../build/g_arm_trajectory_bridge/g_arm_trajectory_bridge.egg-info/dependency_links.txt
[2.622s] writing entry points to ../../build/g_arm_trajectory_bridge/g_arm_trajectory_bridge.egg-info/entry_points.txt
[2.622s] writing requirements to ../../build/g_arm_trajectory_bridge/g_arm_trajectory_bridge.egg-info/requires.txt
[2.623s] writing top-level names to ../../build/g_arm_trajectory_bridge/g_arm_trajectory_bridge.egg-info/top_level.txt
[2.713s] reading manifest file '../../build/g_arm_trajectory_bridge/g_arm_trajectory_bridge.egg-info/SOURCES.txt'
[2.725s] writing manifest file '../../build/g_arm_trajectory_bridge/g_arm_trajectory_bridge.egg-info/SOURCES.txt'
[2.725s] running build
[2.725s] running build_py
[2.727s] running install
[2.734s] running install_lib
[2.777s] running install_data
[2.777s] running install_egg_info
[2.824s] removing '/home/scott/mercer_garm/ros2/install/g_arm_trajectory_bridge/lib/python3.12/site-packages/g_arm_trajectory_bridge-0.1.0-py3.12.egg-info' (and everything under it)
[2.825s] Copying ../../build/g_arm_trajectory_bridge/g_arm_trajectory_bridge.egg-info to /home/scott/mercer_garm/ros2/install/g_arm_trajectory_bridge/lib/python3.12/site-packages/g_arm_trajectory_bridge-0.1.0-py3.12.egg-info
[2.826s] running install_scripts
[3.093s] Installing bridge script to /home/scott/mercer_garm/ros2/install/g_arm_trajectory_bridge/lib/g_arm_trajectory_bridge
[3.093s] writing list of installed files to '/home/scott/mercer_garm/ros2/build/g_arm_trajectory_bridge/install.log'
[3.145s] Invoked command in '/home/scott/mercer_garm/ros2/src/g_arm_trajectory_bridge' returned '0': DEBUGINFOD_URLS=https://debuginfod.ubuntu.com PS1=(ros2_venv) \[\e]0;\u@\h: \w\a\]${debian_chroot:+($debian_chroot)}\[\033[01;32m\]\u@\h\[\033[00m\]:\[\033[01;34m\]\w\[\033[00m\]\$ PYTHONPATH=/home/scott/mercer_garm/ros2/build/g_arm_trajectory_bridge/prefix_override:/usr/lib/python3/dist-packages/colcon_core/task/python/colcon_distutils_commands:/home/scott/mercer_garm/ros2/install/g_arm_trajectory_bridge/lib/python3.12/site-packages:${PYTHONPATH} VIRTUAL_ENV_PROMPT=(ros2_venv) /usr/bin/python3 -W ignore:setup.py install is deprecated -W ignore:easy_install command is deprecated setup.py egg_info --egg-base ../../build/g_arm_trajectory_bridge build --build-base /home/scott/mercer_garm/ros2/build/g_arm_trajectory_bridge/build install --record /home/scott/mercer_garm/ros2/build/g_arm_trajectory_bridge/install.log --single-version-externally-managed install_data
