/home/scott/mercer_garm/ros2/install/mercer_g_arm_sim/lib/python3.12/site-packages/mercer_g_arm_sim/__init__.py
/home/scott/mercer_garm/ros2/install/mercer_g_arm_sim/lib/python3.12/site-packages/mercer_g_arm_sim/add_world_to_planning_scene.py
/home/scott/mercer_garm/ros2/install/mercer_g_arm_sim/lib/python3.12/site-packages/mercer_g_arm_sim/__pycache__/__init__.cpython-312.pyc
/home/scott/mercer_garm/ros2/install/mercer_g_arm_sim/lib/python3.12/site-packages/mercer_g_arm_sim/__pycache__/add_world_to_planning_scene.cpython-312.pyc
/home/scott/mercer_garm/ros2/install/mercer_g_arm_sim/share/ament_index/resource_index/packages/mercer_g_arm_sim
/home/scott/mercer_garm/ros2/install/mercer_g_arm_sim/share/mercer_g_arm_sim/package.xml
/home/scott/mercer_garm/ros2/install/mercer_g_arm_sim/share/mercer_g_arm_sim/launch/gazebo.launch.py
/home/scott/mercer_garm/ros2/install/mercer_g_arm_sim/share/mercer_g_arm_sim/launch/robot_description.launch.py
/home/scott/mercer_garm/ros2/install/mercer_g_arm_sim/share/mercer_g_arm_sim/launch/gazebo_moveit.launch.py
/home/scott/mercer_garm/ros2/install/mercer_g_arm_sim/share/mercer_g_arm_sim/urdf/g_arm_gazebo.urdf.xacro
/home/scott/mercer_garm/ros2/install/mercer_g_arm_sim/share/mercer_g_arm_sim/urdf/g_arm_gazebo_inertial_fix.xacro
/home/scott/mercer_garm/ros2/install/mercer_g_arm_sim/share/mercer_g_arm_sim/urdf/g_arm_gazebo_plugins.xacro
/home/scott/mercer_garm/ros2/install/mercer_g_arm_sim/share/mercer_g_arm_sim/urdf/g_arm_gazebo_ros2_control.xacro
/home/scott/mercer_garm/ros2/install/mercer_g_arm_sim/share/mercer_g_arm_sim/config/gazebo_ros2_control.yaml
/home/scott/mercer_garm/ros2/install/mercer_g_arm_sim/share/mercer_g_arm_sim/config/ros2_controllers.yaml
/home/scott/mercer_garm/ros2/install/mercer_g_arm_sim/share/mercer_g_arm_sim/config/initial_positions.yaml
/home/scott/mercer_garm/ros2/install/mercer_g_arm_sim/share/mercer_g_arm_sim/worlds/tiny_wall_world.world
/home/scott/mercer_garm/ros2/install/mercer_g_arm_sim/share/mercer_g_arm_sim/worlds/empty.world
/home/scott/mercer_garm/ros2/install/mercer_g_arm_sim/lib/python3.12/site-packages/mercer_g_arm_sim-1.0.0-py3.12.egg-info/top_level.txt
/home/scott/mercer_garm/ros2/install/mercer_g_arm_sim/lib/python3.12/site-packages/mercer_g_arm_sim-1.0.0-py3.12.egg-info/entry_points.txt
/home/scott/mercer_garm/ros2/install/mercer_g_arm_sim/lib/python3.12/site-packages/mercer_g_arm_sim-1.0.0-py3.12.egg-info/zip-safe
/home/scott/mercer_garm/ros2/install/mercer_g_arm_sim/lib/python3.12/site-packages/mercer_g_arm_sim-1.0.0-py3.12.egg-info/dependency_links.txt
/home/scott/mercer_garm/ros2/install/mercer_g_arm_sim/lib/python3.12/site-packages/mercer_g_arm_sim-1.0.0-py3.12.egg-info/SOURCES.txt
/home/scott/mercer_garm/ros2/install/mercer_g_arm_sim/lib/python3.12/site-packages/mercer_g_arm_sim-1.0.0-py3.12.egg-info/PKG-INFO
/home/scott/mercer_garm/ros2/install/mercer_g_arm_sim/lib/python3.12/site-packages/mercer_g_arm_sim-1.0.0-py3.12.egg-info/requires.txt
/home/scott/mercer_garm/ros2/install/mercer_g_arm_sim/lib/mercer_g_arm_sim/add_world_to_planning_scene
