QFactoryLoader::QFactoryLoader() checking directory path "/usr/lib/x86_64-linux-gnu/qt5/plugins/platforms" ...
QFactoryLoader::QFactoryLoader() looking at "/usr/lib/x86_64-linux-gnu/qt5/plugins/platforms/libqeglfs.so"
Found metadata in lib /usr/lib/x86_64-linux-gnu/qt5/plugins/platforms/libqeglfs.so, metadata=
{
    "IID": "org.qt-project.Qt.QPA.QPlatformIntegrationFactoryInterface.5.3",
    "MetaData": {
        "Keys": [
            "eglfs"
        ]
    },
    "archreq": 0,
    "className": "QEglFSIntegrationPlugin",
    "debug": false,
    "version": 331520
}


Got keys from plugin meta data ("eglfs")
QFactoryLoader::QFactoryLoader() looking at "/usr/lib/x86_64-linux-gnu/qt5/plugins/platforms/libqlinuxfb.so"
Found metadata in lib /usr/lib/x86_64-linux-gnu/qt5/plugins/platforms/libqlinuxfb.so, metadata=
{
    "IID": "org.qt-project.Qt.QPA.QPlatformIntegrationFactoryInterface.5.3",
    "MetaData": {
        "Keys": [
            "linuxfb"
        ]
    },
    "archreq": 0,
    "className": "QLinuxFbIntegrationPlugin",
    "debug": false,
    "version": 331520
}


Got keys from plugin meta data ("linuxfb")
QFactoryLoader::QFactoryLoader() looking at "/usr/lib/x86_64-linux-gnu/qt5/plugins/platforms/libqminimal.so"
Found metadata in lib /usr/lib/x86_64-linux-gnu/qt5/plugins/platforms/libqminimal.so, metadata=
{
    "IID": "org.qt-project.Qt.QPA.QPlatformIntegrationFactoryInterface.5.3",
    "MetaData": {
        "Keys": [
            "minimal"
        ]
    },
    "archreq": 0,
    "className": "QMinimalIntegrationPlugin",
    "debug": false,
    "version": 331520
}


Got keys from plugin meta data ("minimal")
QFactoryLoader::QFactoryLoader() looking at "/usr/lib/x86_64-linux-gnu/qt5/plugins/platforms/libqminimalegl.so"
Found metadata in lib /usr/lib/x86_64-linux-gnu/qt5/plugins/platforms/libqminimalegl.so, metadata=
{
    "IID": "org.qt-project.Qt.QPA.QPlatformIntegrationFactoryInterface.5.3",
    "MetaData": {
        "Keys": [
            "minimalegl"
        ]
    },
    "archreq": 0,
    "className": "QMinimalEglIntegrationPlugin",
    "debug": false,
    "version": 331520
}


Got keys from plugin meta data ("minimalegl")
QFactoryLoader::QFactoryLoader() looking at "/usr/lib/x86_64-linux-gnu/qt5/plugins/platforms/libqoffscreen.so"
Found metadata in lib /usr/lib/x86_64-linux-gnu/qt5/plugins/platforms/libqoffscreen.so, metadata=
{
    "IID": "org.qt-project.Qt.QPA.QPlatformIntegrationFactoryInterface.5.3",
    "MetaData": {
        "Keys": [
            "offscreen"
        ]
    },
    "archreq": 0,
    "className": "QOffscreenIntegrationPlugin",
    "debug": false,
    "version": 331520
}


Got keys from plugin meta data ("offscreen")
QFactoryLoader::QFactoryLoader() looking at "/usr/lib/x86_64-linux-gnu/qt5/plugins/platforms/libqvnc.so"
Found metadata in lib /usr/lib/x86_64-linux-gnu/qt5/plugins/platforms/libqvnc.so, metadata=
{
    "IID": "org.qt-project.Qt.QPA.QPlatformIntegrationFactoryInterface.5.3",
    "MetaData": {
        "Keys": [
            "vnc"
        ]
    },
    "archreq": 0,
    "className": "QVncIntegrationPlugin",
    "debug": false,
    "version": 331520
}


Got keys from plugin meta data ("vnc")
QFactoryLoader::QFactoryLoader() looking at "/usr/lib/x86_64-linux-gnu/qt5/plugins/platforms/libqxcb.so"
Found metadata in lib /usr/lib/x86_64-linux-gnu/qt5/plugins/platforms/libqxcb.so, metadata=
{
    "IID": "org.qt-project.Qt.QPA.QPlatformIntegrationFactoryInterface.5.3",
    "MetaData": {
        "Keys": [
            "xcb"
        ]
    },
    "archreq": 0,
    "className": "QXcbIntegrationPlugin",
    "debug": false,
    "version": 331520
}


Got keys from plugin meta data ("xcb")
QFactoryLoader::QFactoryLoader() checking directory path "/opt/ros/jazzy/lib/moveit_setup_assistant/platforms" ...
loaded library "/usr/lib/x86_64-linux-gnu/qt5/plugins/platforms/libqxcb.so"
loaded library "Xcursor"
QFactoryLoader::QFactoryLoader() checking directory path "/usr/lib/x86_64-linux-gnu/qt5/plugins/platformthemes" ...
QFactoryLoader::QFactoryLoader() looking at "/usr/lib/x86_64-linux-gnu/qt5/plugins/platformthemes/libqgtk3.so"
Found metadata in lib /usr/lib/x86_64-linux-gnu/qt5/plugins/platformthemes/libqgtk3.so, metadata=
{
    "IID": "org.qt-project.Qt.QPA.QPlatformThemeFactoryInterface.5.1",
    "MetaData": {
        "Keys": [
            "gtk3"
        ]
    },
    "archreq": 0,
    "className": "QGtk3ThemePlugin",
    "debug": false,
    "version": 331520
}


Got keys from plugin meta data ("gtk3")
QFactoryLoader::QFactoryLoader() checking directory path "/opt/ros/jazzy/lib/moveit_setup_assistant/platformthemes" ...
loaded library "/usr/lib/x86_64-linux-gnu/qt5/plugins/platformthemes/libqgtk3.so"
QFactoryLoader::QFactoryLoader() checking directory path "/usr/lib/x86_64-linux-gnu/qt5/plugins/platforminputcontexts" ...
QFactoryLoader::QFactoryLoader() looking at "/usr/lib/x86_64-linux-gnu/qt5/plugins/platforminputcontexts/libcomposeplatforminputcontextplugin.so"
Found metadata in lib /usr/lib/x86_64-linux-gnu/qt5/plugins/platforminputcontexts/libcomposeplatforminputcontextplugin.so, metadata=
{
    "IID": "org.qt-project.Qt.QPlatformInputContextFactoryInterface.5.1",
    "MetaData": {
        "Keys": [
            "compose",
            "xim"
        ]
    },
    "archreq": 0,
    "className": "QComposePlatformInputContextPlugin",
    "debug": false,
    "version": 331520
}


Got keys from plugin meta data ("compose", "xim")
QFactoryLoader::QFactoryLoader() looking at "/usr/lib/x86_64-linux-gnu/qt5/plugins/platforminputcontexts/libibusplatforminputcontextplugin.so"
Found metadata in lib /usr/lib/x86_64-linux-gnu/qt5/plugins/platforminputcontexts/libibusplatforminputcontextplugin.so, metadata=
{
    "IID": "org.qt-project.Qt.QPlatformInputContextFactoryInterface.5.1",
    "MetaData": {
        "Keys": [
            "ibus"
        ]
    },
    "archreq": 0,
    "className": "QIbusPlatformInputContextPlugin",
    "debug": false,
    "version": 331520
}


Got keys from plugin meta data ("ibus")
QFactoryLoader::QFactoryLoader() checking directory path "/opt/ros/jazzy/lib/moveit_setup_assistant/platforminputcontexts" ...
loaded library "/usr/lib/x86_64-linux-gnu/qt5/plugins/platforminputcontexts/libibusplatforminputcontextplugin.so"
QFactoryLoader::QFactoryLoader() checking directory path "/usr/lib/x86_64-linux-gnu/qt5/plugins/styles" ...
QFactoryLoader::QFactoryLoader() checking directory path "/opt/ros/jazzy/lib/moveit_setup_assistant/styles" ...
QFactoryLoader::QFactoryLoader() checking directory path "/usr/lib/x86_64-linux-gnu/qt5/plugins/iconengines" ...
QFactoryLoader::QFactoryLoader() looking at "/usr/lib/x86_64-linux-gnu/qt5/plugins/iconengines/libqsvgicon.so"
Found metadata in lib /usr/lib/x86_64-linux-gnu/qt5/plugins/iconengines/libqsvgicon.so, metadata=
{
    "IID": "org.qt-project.Qt.QIconEngineFactoryInterface",
    "MetaData": {
        "Keys": [
            "svg",
            "svgz",
            "svg.gz"
        ]
    },
    "archreq": 0,
    "className": "QSvgIconPlugin",
    "debug": false,
    "version": 331520
}


Got keys from plugin meta data ("svg", "svgz", "svg.gz")
QFactoryLoader::QFactoryLoader() checking directory path "/opt/ros/jazzy/lib/moveit_setup_assistant/iconengines" ...
QFactoryLoader::QFactoryLoader() checking directory path "/usr/lib/x86_64-linux-gnu/qt5/plugins/imageformats" ...
QFactoryLoader::QFactoryLoader() looking at "/usr/lib/x86_64-linux-gnu/qt5/plugins/imageformats/libqgif.so"
Found metadata in lib /usr/lib/x86_64-linux-gnu/qt5/plugins/imageformats/libqgif.so, metadata=
{
    "IID": "org.qt-project.Qt.QImageIOHandlerFactoryInterface",
    "MetaData": {
        "Keys": [
            "gif"
        ],
        "MimeTypes": [
            "image/gif"
        ]
    },
    "archreq": 0,
    "className": "QGifPlugin",
    "debug": false,
    "version": 331520
}


Got keys from plugin meta data ("gif")
QFactoryLoader::QFactoryLoader() looking at "/usr/lib/x86_64-linux-gnu/qt5/plugins/imageformats/libqico.so"
Found metadata in lib /usr/lib/x86_64-linux-gnu/qt5/plugins/imageformats/libqico.so, metadata=
{
    "IID": "org.qt-project.Qt.QImageIOHandlerFactoryInterface",
    "MetaData": {
        "Keys": [
            "ico",
            "cur"
        ],
        "MimeTypes": [
            "image/vnd.microsoft.icon",
            "image/vnd.microsoft.icon"
        ]
    },
    "archreq": 0,
    "className": "QICOPlugin",
    "debug": false,
    "version": 331520
}


Got keys from plugin meta data ("ico", "cur")
QFactoryLoader::QFactoryLoader() looking at "/usr/lib/x86_64-linux-gnu/qt5/plugins/imageformats/libqjpeg.so"
Found metadata in lib /usr/lib/x86_64-linux-gnu/qt5/plugins/imageformats/libqjpeg.so, metadata=
{
    "IID": "org.qt-project.Qt.QImageIOHandlerFactoryInterface",
    "MetaData": {
        "Keys": [
            "jpg",
            "jpeg"
        ],
        "MimeTypes": [
            "image/jpeg",
            "image/jpeg"
        ]
    },
    "archreq": 0,
    "className": "QJpegPlugin",
    "debug": false,
    "version": 331520
}


Got keys from plugin meta data ("jpg", "jpeg")
QFactoryLoader::QFactoryLoader() looking at "/usr/lib/x86_64-linux-gnu/qt5/plugins/imageformats/libqsvg.so"
Found metadata in lib /usr/lib/x86_64-linux-gnu/qt5/plugins/imageformats/libqsvg.so, metadata=
{
    "IID": "org.qt-project.Qt.QImageIOHandlerFactoryInterface",
    "MetaData": {
        "Keys": [
            "svg",
            "svgz"
        ],
        "MimeTypes": [
            "image/svg+xml",
            "image/svg+xml-compressed"
        ]
    },
    "archreq": 0,
    "className": "QSvgPlugin",
    "debug": false,
    "version": 331520
}


Got keys from plugin meta data ("svg", "svgz")
QFactoryLoader::QFactoryLoader() checking directory path "/opt/ros/jazzy/lib/moveit_setup_assistant/imageformats" ...
loaded library "/usr/lib/x86_64-linux-gnu/qt5/plugins/imageformats/libqgif.so"
loaded library "/usr/lib/x86_64-linux-gnu/qt5/plugins/imageformats/libqico.so"
loaded library "/usr/lib/x86_64-linux-gnu/qt5/plugins/imageformats/libqjpeg.so"
loaded library "/usr/lib/x86_64-linux-gnu/qt5/plugins/imageformats/libqsvg.so"
QFactoryLoader::QFactoryLoader() checking directory path "/usr/lib/x86_64-linux-gnu/qt5/plugins/xcbglintegrations" ...
QFactoryLoader::QFactoryLoader() looking at "/usr/lib/x86_64-linux-gnu/qt5/plugins/xcbglintegrations/libqxcb-egl-integration.so"
Found metadata in lib /usr/lib/x86_64-linux-gnu/qt5/plugins/xcbglintegrations/libqxcb-egl-integration.so, metadata=
{
    "IID": "org.qt-project.Qt.QPA.Xcb.QXcbGlIntegrationFactoryInterface.5.5",
    "MetaData": {
        "Keys": [
            "xcb_egl"
        ]
    },
    "archreq": 0,
    "className": "QXcbEglIntegrationPlugin",
    "debug": false,
    "version": 331520
}


Got keys from plugin meta data ("xcb_egl")
QFactoryLoader::QFactoryLoader() looking at "/usr/lib/x86_64-linux-gnu/qt5/plugins/xcbglintegrations/libqxcb-glx-integration.so"
Found metadata in lib /usr/lib/x86_64-linux-gnu/qt5/plugins/xcbglintegrations/libqxcb-glx-integration.so, metadata=
{
    "IID": "org.qt-project.Qt.QPA.Xcb.QXcbGlIntegrationFactoryInterface.5.5",
    "MetaData": {
        "Keys": [
            "xcb_glx"
        ]
    },
    "archreq": 0,
    "className": "QXcbGlxIntegrationPlugin",
    "debug": false,
    "version": 331520
}


Got keys from plugin meta data ("xcb_glx")
QFactoryLoader::QFactoryLoader() checking directory path "/opt/ros/jazzy/lib/moveit_setup_assistant/xcbglintegrations" ...
loaded library "/usr/lib/x86_64-linux-gnu/qt5/plugins/xcbglintegrations/libqxcb-glx-integration.so"
QFactoryLoader::QFactoryLoader() checking directory path "/usr/lib/x86_64-linux-gnu/qt5/plugins/accessible" ...
QFactoryLoader::QFactoryLoader() checking directory path "/opt/ros/jazzy/lib/moveit_setup_assistant/accessible" ...
QFactoryLoader::QFactoryLoader() checking directory path "/usr/lib/x86_64-linux-gnu/qt5/plugins/accessiblebridge" ...
QFactoryLoader::QFactoryLoader() checking directory path "/opt/ros/jazzy/lib/moveit_setup_assistant/accessiblebridge" ...
[INFO] [1762724951.433821594] [moveit_setup_assistant.urdf]: Loaded g_arm robot model.
[INFO] [1762724951.442144558] [moveit_898897429.moveit.core.robot_model]: Loading robot model 'g_arm'...
[INFO] [1762724951.442186714] [moveit_898897429.moveit.core.robot_model]: No root/virtual joint specified in SRDF. Assuming fixed joint
[INFO] [1762724954.260995368] [moveit_setup_assistant.urdf]: Loaded g_arm robot model.
[INFO] [1762724954.261066214] [moveit_898897429.moveit.core.robot_model]: Loading robot model 'g_arm'...
[INFO] [1762724954.261098157] [moveit_898897429.moveit.core.robot_model]: No root/virtual joint specified in SRDF. Assuming fixed joint
[rviz_rendering:debug] Available Renderers(1): OpenGL Rendering Subsystem, at ./src/rviz_rendering/render_system.cpp:289
[rviz_rendering:info] Stereo is NOT SUPPORTED, at ./src/rviz_rendering/render_system.cpp:531
[rviz_rendering:info] OpenGl version: 4.6 (GLSL 4.6), at ./src/rviz_rendering/render_system.cpp:272
[rviz_rendering:info] Stereo is NOT SUPPORTED, at ./src/rviz_rendering/render_system.cpp:531
[rviz_common:debug] Load pixmap at package://rviz_default_plugins/icons/classes/TF.svg, at ./src/rviz_common/load_resource.cpp:71
[rviz_common:debug] Error retrieving file [file:///opt/ros/jazzy/share/rviz_default_plugins/icons/classes/TF.svg]: Couldn't open file /opt/ros/jazzy/share/rviz_default_plugins/icons/classes/TF.svg, at ./src/rviz_common/load_resource.cpp:55
[rviz_common:debug] Load pixmap at package://rviz_default_plugins/icons/classes/TF.png, at ./src/rviz_common/load_resource.cpp:71
[rviz_common:debug] Load pixmap at package://rviz_common/icons/classes/Identity.svg, at ./src/rviz_common/load_resource.cpp:71
[rviz_common:debug] Error retrieving file [file:///opt/ros/jazzy/share/rviz_common/icons/classes/Identity.svg]: Couldn't open file /opt/ros/jazzy/share/rviz_common/icons/classes/Identity.svg, at ./src/rviz_common/load_resource.cpp:55
[rviz_common:debug] Load pixmap at package://rviz_common/icons/classes/Identity.png, at ./src/rviz_common/load_resource.cpp:71
[rviz_common:debug] Error retrieving file [file:///opt/ros/jazzy/share/rviz_common/icons/classes/Identity.png]: Couldn't open file /opt/ros/jazzy/share/rviz_common/icons/classes/Identity.png, at ./src/rviz_common/load_resource.cpp:55
[rviz_common:debug] Load pixmap at package://rviz_common/icons/default_class_icon.png, at ./src/rviz_common/load_resource.cpp:71
[rviz_common:debug] Load pixmap at package://rviz_common/icons/options.png, at ./src/rviz_common/load_resource.cpp:71
[rviz_common:debug] Load pixmap at package://rviz_common/icons/ok.png, at ./src/rviz_common/load_resource.cpp:71
[rviz_common:debug] Load pixmap at package://rviz_common/icons/warning.png, at ./src/rviz_common/load_resource.cpp:71
[rviz_common:debug] Load pixmap at package://rviz_common/icons/error.png, at ./src/rviz_common/load_resource.cpp:71
[rviz_common:debug] Load pixmap at package://rviz_default_plugins/icons/classes/Orbit.svg, at ./src/rviz_common/load_resource.cpp:71
[rviz_common:debug] Error retrieving file [file:///opt/ros/jazzy/share/rviz_default_plugins/icons/classes/Orbit.svg]: Couldn't open file /opt/ros/jazzy/share/rviz_default_plugins/icons/classes/Orbit.svg, at ./src/rviz_common/load_resource.cpp:55
[rviz_common:debug] Load pixmap at package://rviz_default_plugins/icons/classes/Orbit.png, at ./src/rviz_common/load_resource.cpp:71
[rviz_common:debug] Error retrieving file [file:///opt/ros/jazzy/share/rviz_default_plugins/icons/classes/Orbit.png]: Couldn't open file /opt/ros/jazzy/share/rviz_default_plugins/icons/classes/Orbit.png, at ./src/rviz_common/load_resource.cpp:55
[rviz_common:debug] Load pixmap at package://rviz_common/icons/rotate.svg, at ./src/rviz_common/load_resource.cpp:71
[rviz_common:debug] Load pixmap at package://rviz_common/icons/cursor.svg, at ./src/rviz_common/load_resource.cpp:71
[rviz_common:debug] Load pixmap at package://rviz_common/icons/rotate_cam.svg, at ./src/rviz_common/load_resource.cpp:71
[rviz_common:debug] Load pixmap at package://rviz_common/icons/move2d.svg, at ./src/rviz_common/load_resource.cpp:71
[rviz_common:debug] Load pixmap at package://rviz_common/icons/move_z.svg, at ./src/rviz_common/load_resource.cpp:71
[rviz_common:debug] Load pixmap at package://rviz_common/icons/zoom.svg, at ./src/rviz_common/load_resource.cpp:71
[rviz_common:debug] Load pixmap at package://rviz_common/icons/crosshair.svg, at ./src/rviz_common/load_resource.cpp:71
[rviz_common:debug] Load pixmap at package://rviz_default_plugins/icons/classes/FocusCamera.svg, at ./src/rviz_common/load_resource.cpp:71
[rviz_common:debug] Load pixmap at package://rviz_default_plugins/icons/classes/Interact.svg, at ./src/rviz_common/load_resource.cpp:71
[rviz_common:deb[INFO] [1762724954.608774013] [moveit_898897429.moveit.ros.rdf_loader]: Loaded robot model in 0.00213752 seconds
[INFO] [1762724954.608854585] [moveit_898897429.moveit.core.robot_model]: Loading robot model 'g_arm'...
[INFO] [1762724954.608873995] [moveit_898897429.moveit.core.robot_model]: No root/virtual joint specified in SRDF. Assuming fixed joint
[INFO] [1762724956.104611285] [moveit_898897429.moveit.ros.rdf_loader]: Loaded robot model in 0.00179676 seconds
[INFO] [1762724956.104660989] [moveit_898897429.moveit.core.robot_model]: Loading robot model 'g_arm'...
[INFO] [1762724956.104686516] [moveit_898897429.moveit.core.robot_model]: No root/virtual joint specified in SRDF. Assuming fixed joint
Stack trace (most recent call last):
#31   Object "/usr/lib/x86_64-linux-gnu/libglib-2.0.so.0.8000.0", at 0x7adf83373736, in 
#30   Object "/usr/lib/x86_64-linux-gnu/libglib-2.0.so.0.8000.0", at 0x7adf833145c4, in 
#29   Object "/usr/lib/x86_64-linux-gnu/libQt5XcbQpa.so.5.15.13", at 0x7adf74288d05, in 
#28   Object "/usr/lib/x86_64-linux-gnu/libQt5Gui.so.5.15.13", at 0x7adf84d17bfb, in QWindowSystemInterface::sendWindowSystemEvents(QFlags<QEventLoop::ProcessEventsFlag>)
#27   Object "/usr/lib/x86_64-linux-gnu/libQt5Gui.so.5.15.13", at 0x7adf84d45a3a, in QGuiApplicationPrivate::processMouseEvent(QWindowSystemInterfacePrivate::MouseEvent*)
#26   Object "/usr/lib/x86_64-linux-gnu/libQt5Core.so.5.15.13", at 0x7adf848d8117, in QCoreApplication::notifyInternal2(QObject*, QEvent*)
#25   Object "/usr/lib/x86_64-linux-gnu/libQt5Widgets.so.5.15.13", at 0x7adf8556bd44, in QApplicationPrivate::notify_helper(QObject*, QEvent*)
#24   Object "/usr/lib/x86_64-linux-gnu/libQt5Widgets.so.5.15.13", at 0x7adf855cdfbe, in 
#23   Object "/usr/lib/x86_64-linux-gnu/libQt5Widgets.so.5.15.13", at 0x7adf855caa38, in 
#22   Object "/usr/lib/x86_64-linux-gnu/libQt5Widgets.so.5.15.13", at 0x7adf85572873, in QApplicationPrivate::sendMouseEvent(QWidget*, QMouseEvent*, QWidget*, QWidget*, QWidget**, QPointer<QWidget>&, bool, bool)
#21   Object "/usr/lib/x86_64-linux-gnu/libQt5Core.so.5.15.13", at 0x7adf848d8117, in QCoreApplication::notifyInternal2(QObject*, QEvent*)
#20   Object "/usr/lib/x86_64-linux-gnu/libQt5Widgets.so.5.15.13", at 0x7adf855746af, in QApplication::notify(QObject*, QEvent*)
#19   Object "/usr/lib/x86_64-linux-gnu/libQt5Widgets.so.5.15.13", at 0x7adf8556bd44, in QApplicationPrivate::notify_helper(QObject*, QEvent*)
#18   Object "/usr/lib/x86_64-linux-gnu/libQt5Widgets.so.5.15.13", at 0x7adf855b0df7, in QWidget::event(QEvent*)
#17   Object "/usr/lib/x86_64-linux-gnu/libQt5Widgets.so.5.15.13", at 0x7adf856697b7, in QAbstractButton::mouseReleaseEvent(QMouseEvent*)
#16   Object "/usr/lib/x86_64-linux-gnu/libQt5Widgets.so.5.15.13", at 0x7adf856695af, in 
#15   Object "/usr/lib/x86_64-linux-gnu/libQt5Widgets.so.5.15.13", at 0x7adf8566796e, in 
#14   Object "/usr/lib/x86_64-linux-gnu/libQt5Widgets.so.5.15.13", at 0x7adf856676e3, in QAbstractButton::clicked(bool)
#13   Object "/usr/lib/x86_64-linux-gnu/libQt5Core.so.5.15.13", at 0x7adf84912dbe, in 
#12   Object "/opt/ros/jazzy/lib/libmoveit_setup_core_plugins.so", at 0x7adf4db885c1, in moveit_setup::core::StartScreenWidget::loadFilesClick()
#11   Object "/opt/ros/jazzy/lib/libmoveit_setup_core_plugins.so", at 0x7adf4db88249, in moveit_setup::core::StartScreenWidget::loadNewFiles()
#10   Object "/usr/lib/x86_64-linux-gnu/libQt5Core.so.5.15.13", at 0x7adf84935278, in QEventDispatcherGlib::processEvents(QFlags<QEventLoop::ProcessEventsFlag>)
#9    Object "/usr/lib/x86_64-linux-gnu/libglib-2.0.so.0.8000.0", at 0x7adf83313a62, in g_main_context_iteration
#8    Object "/usr/lib/x86_64-linux-gnu/libglib-2.0.so.0.8000.0", at 0x7adf83373736, in 
#7    Object "/usr/lib/x86_64-linux-gnu/libglib-2.0.so.0.8000.0", at 0x7adf833145c4, in 
#6    Object "/usr/lib/x86_64-linux-gnu/libQt5Core.so.5.15.13", at 0x7adf84935c0e, in 
#5    Object "/usr/lib/x86_64-linux-gnu/libQt5Core.so.5.15.13", at 0x7adf848db94a, in QCoreApplicationPrivate::sendPostedEvents(QObject*, int, QThreadData*)
#4    Object "/usr/lib/x86_64-linux-gnu/libQt5Core.so.5.15.13", at 0x7adf848d8117, in QCoreApplication::notifyInternal2(QObject*, QEvent*)
#3    Object "/usr/lib/x86_64-linux-gnu/libQt5Widgets.so.5.15.13", at 0x7adf8556bd44, in QApplicationPrivate::notify_helper(QObject*, QEvent*)
#2    Object "/usr/lib/x86_64-linux-gnu/libQt5Core.so.5.15.13", at 0x7adf84906342, in QObject::event(QEvent*)
#1    Object "/opt/ros/jazzy/lib/librviz_common.so", at 0x7adf85fece20, in rviz_common::properties::PropertyTreeModel::propertyHiddenChanged(rviz_common::properties::Property const*)
#0    Object "/usr/lib/x86_64-linux-gnu/libQt5Core.so.5.15.13", at 0x7adf849127c0, in 
Segmentation fault (Address not mapped to object [0x40])
