[  2%] Built target pi_gpio_interface__rosidl_generator_type_description
[ 17%] Built target pi_gpio_interface__rosidl_generator_c
[ 17%] Built target ament_cmake_python_copy_pi_gpio_interface
[ 20%] Built target pi_gpio_interface__cpp
[ 29%] Built target pi_gpio_interface__rosidl_typesupport_introspection_c
[ 38%] Built target pi_gpio_interface__rosidl_typesupport_fastrtps_c
[ 47%] Built target pi_gpio_interface__rosidl_typesupport_c
[ 55%] Built target pi_gpio_interface__rosidl_typesupport_fastrtps_cpp
[ 64%] Built target pi_gpio_interface__rosidl_typesupport_introspection_cpp
[ 73%] Built target pi_gpio_interface__rosidl_typesupport_cpp
[ 73%] Built target pi_gpio_interface
[ 76%] Built target pi_gpio_interface__py
[ 82%] Built target pi_gpio_interface__rosidl_generator_py
[ 88%] Built target pi_gpio_interface_s__rosidl_typesupport_fastrtps_c
[ 94%] Built target pi_gpio_interface_s__rosidl_typesupport_c
[100%] Built target pi_gpio_interface_s__rosidl_typesupport_introspection_c
running egg_info
writing pi_gpio_interface.egg-info/PKG-INFO
writing dependency_links to pi_gpio_interface.egg-info/dependency_links.txt
writing top-level names to pi_gpio_interface.egg-info/top_level.txt
reading manifest file 'pi_gpio_interface.egg-info/SOURCES.txt'
writing manifest file 'pi_gpio_interface.egg-info/SOURCES.txt'
[100%] Built target ament_cmake_python_build_pi_gpio_interface_egg
-- Install configuration: ""
-- Up-to-date: /home/scott/mercer_garm/ros2/install/pi_gpio_interface/share/ament_index/resource_index/rosidl_interfaces/pi_gpio_interface
-- Up-to-date: /home/scott/mercer_garm/ros2/install/pi_gpio_interface/share/pi_gpio_interface/action/GPIO.json
-- Up-to-date: /home/scott/mercer_garm/ros2/install/pi_gpio_interface/include/pi_gpio_interface/pi_gpio_interface
-- Up-to-date: /home/scott/mercer_garm/ros2/install/pi_gpio_interface/include/pi_gpio_interface/pi_gpio_interface/action
-- Up-to-date: /home/scott/mercer_garm/ros2/install/pi_gpio_interface/include/pi_gpio_interface/pi_gpio_interface/action/gpio.h
-- Up-to-date: /home/scott/mercer_garm/ros2/install/pi_gpio_interface/include/pi_gpio_interface/pi_gpio_interface/action/detail
-- Up-to-date: /home/scott/mercer_garm/ros2/install/pi_gpio_interface/include/pi_gpio_interface/pi_gpio_interface/action/detail/gpio__functions.c
-- Up-to-date: /home/scott/mercer_garm/ros2/install/pi_gpio_interface/include/pi_gpio_interface/pi_gpio_interface/action/detail/gpio__struct.h
-- Up-to-date: /home/scott/mercer_garm/ros2/install/pi_gpio_interface/include/pi_gpio_interface/pi_gpio_interface/action/detail/gpio__description.c
-- Up-to-date: /home/scott/mercer_garm/ros2/install/pi_gpio_interface/include/pi_gpio_interface/pi_gpio_interface/action/detail/gpio__functions.h
-- Up-to-date: /home/scott/mercer_garm/ros2/install/pi_gpio_interface/include/pi_gpio_interface/pi_gpio_interface/action/detail/gpio__type_support.h
-- Installing: /home/scott/mercer_garm/ros2/install/pi_gpio_interface/include/pi_gpio_interface/pi_gpio_interface/action/detail/gpio__type_support.c
-- Up-to-date: /home/scott/mercer_garm/ros2/install/pi_gpio_interface/include/pi_gpio_interface/pi_gpio_interface/msg
-- Up-to-date: /home/scott/mercer_garm/ros2/install/pi_gpio_interface/include/pi_gpio_interface/pi_gpio_interface/msg/rosidl_generator_c__visibility_control.h
-- Up-to-date: /home/scott/mercer_garm/ros2/install/pi_gpio_interface/share/pi_gpio_interface/environment/library_path.sh
-- Up-to-date: /home/scott/mercer_garm/ros2/install/pi_gpio_interface/share/pi_gpio_interface/environment/library_path.dsv
-- Up-to-date: /home/scott/mercer_garm/ros2/install/pi_gpio_interface/lib/libpi_gpio_interface__rosidl_generator_c.so
-- Up-to-date: /home/scott/mercer_garm/ros2/install/pi_gpio_interface/include/pi_gpio_interface/pi_gpio_interface
-- Up-to-date: /home/scott/mercer_garm/ros2/install/pi_gpio_interface/include/pi_gpio_interface/pi_gpio_interface/action
-- Up-to-date: /home/scott/mercer_garm/ros2/install/pi_gpio_interface/include/pi_gpio_interface/pi_gpio_interface/action/detail
-- Up-to-date: /home/scott/mercer_garm/ros2/install/pi_gpio_interface/include/pi_gpio_interface/pi_gpio_interface/action/detail/gpio__rosidl_typesupport_fastrtps_c.h
-- Up-to-date: /home/scott/mercer_garm/ros2/install/pi_gpio_interface/include/pi_gpio_interface/pi_gpio_interface/msg
-- Up-to-date: /home/scott/mercer_garm/ros2/install/pi_gpio_interface/include/pi_gpio_interface/pi_gpio_interface/msg/rosidl_typesupport_fastrtps_c__visibility_control.h
-- Up-to-date: /home/scott/mercer_garm/ros2/install/pi_gpio_interface/lib/libpi_gpio_interface__rosidl_typesupport_fastrtps_c.so
-- Up-to-date: /home/scott/mercer_garm/ros2/install/pi_gpio_interface/include/pi_gpio_interface/pi_gpio_interface
-- Up-to-date: /home/scott/mercer_garm/ros2/install/pi_gpio_interface/include/pi_gpio_interface/pi_gpio_interface/action
-- Up-to-date: /home/scott/mercer_garm/ros2/install/pi_gpio_interface/include/pi_gpio_interface/pi_gpio_interface/action/detail
-- Up-to-date: /home/scott/mercer_garm/ros2/install/pi_gpio_interface/include/pi_gpio_interface/pi_gpio_interface/action/detail/gpio__rosidl_typesupport_introspection_c.h
-- Installing: /home/scott/mercer_garm/ros2/install/pi_gpio_interface/include/pi_gpio_interface/pi_gpio_interface/action/detail/gpio__type_support.c
-- Up-to-date: /home/scott/mercer_garm/ros2/install/pi_gpio_interface/include/pi_gpio_interface/pi_gpio_interface/msg
-- Up-to-date: /home/scott/mercer_garm/ros2/install/pi_gpio_interface/include/pi_gpio_interface/pi_gpio_interface/msg/rosidl_typesupport_introspection_c__visibility_control.h
-- Up-to-date: /home/scott/mercer_garm/ros2/install/pi_gpio_interface/lib/libpi_gpio_interface__rosidl_typesupport_introspection_c.so
-- Up-to-date: /home/scott/mercer_garm/ros2/install/pi_gpio_interface/lib/libpi_gpio_interface__rosidl_typesupport_c.so
-- Up-to-date: /home/scott/mercer_garm/ros2/install/pi_gpio_interface/include/pi_gpio_interface/pi_gpio_interface
-- Up-to-date: /home/scott/mercer_garm/ros2/install/pi_gpio_interface/include/pi_gpio_interface/pi_gpio_interface/action
-- Up-to-date: /home/scott/mercer_garm/ros2/install/pi_gpio_interface/include/pi_gpio_interface/pi_gpio_interface/action/detail
-- Up-to-date: /home/scott/mercer_garm/ros2/install/pi_gpio_interface/include/pi_gpio_interface/pi_gpio_interface/action/detail/gpio__builder.hpp
-- Up-to-date: /home/scott/mercer_garm/ros2/install/pi_gpio_interface/include/pi_gpio_interface/pi_gpio_interface/action/detail/gpio__struct.hpp
-- Up-to-date: /home/scott/mercer_garm/ros2/install/pi_gpio_interface/include/pi_gpio_interface/pi_gpio_interface/action/detail/gpio__traits.hpp
-- Up-to-date: /home/scott/mercer_garm/ros2/install/pi_gpio_interface/include/pi_gpio_interface/pi_gpio_interface/action/detail/gpio__type_support.hpp
-- Up-to-date: /home/scott/mercer_garm/ros2/install/pi_gpio_interface/include/pi_gpio_interface/pi_gpio_interface/action/gpio.hpp
-- Up-to-date: /home/scott/mercer_garm/ros2/install/pi_gpio_interface/include/pi_gpio_interface/pi_gpio_interface/msg
-- Up-to-date: /home/scott/mercer_garm/ros2/install/pi_gpio_interface/include/pi_gpio_interface/pi_gpio_interface/msg/rosidl_generator_cpp__visibility_control.hpp
-- Up-to-date: /home/scott/mercer_garm/ros2/install/pi_gpio_interface/include/pi_gpio_interface/pi_gpio_interface
-- Up-to-date: /home/scott/mercer_garm/ros2/install/pi_gpio_interface/include/pi_gpio_interface/pi_gpio_interface/action
-- Up-to-date: /home/scott/mercer_garm/ros2/install/pi_gpio_interface/include/pi_gpio_interface/pi_gpio_interface/action/detail
-- Up-to-date: /home/scott/mercer_garm/ros2/install/pi_gpio_interface/include/pi_gpio_interface/pi_gpio_interface/action/detail/gpio__rosidl_typesupport_fastrtps_cpp.hpp
-- Up-to-date: /home/scott/mercer_garm/ros2/install/pi_gpio_interface/include/pi_gpio_interface/pi_gpio_interface/action/detail/dds_fastrtps
-- Up-to-date: /home/scott/mercer_garm/ros2/install/pi_gpio_interface/include/pi_gpio_interface/pi_gpio_interface/msg
-- Up-to-date: /home/scott/mercer_garm/ros2/install/pi_gpio_interface/include/pi_gpio_interface/pi_gpio_interface/msg/rosidl_typesupport_fastrtps_cpp__visibility_control.h
-- Up-to-date: /home/scott/mercer_garm/ros2/install/pi_gpio_interface/lib/libpi_gpio_interface__rosidl_typesupport_fastrtps_cpp.so
-- Up-to-date: /home/scott/mercer_garm/ros2/install/pi_gpio_interface/include/pi_gpio_interface/pi_gpio_interface
-- Up-to-date: /home/scott/mercer_garm/ros2/install/pi_gpio_interface/include/pi_gpio_interface/pi_gpio_interface/action
-- Up-to-date: /home/scott/mercer_garm/ros2/install/pi_gpio_interface/include/pi_gpio_interface/pi_gpio_interface/action/detail
-- Up-to-date: /home/scott/mercer_garm/ros2/install/pi_gpio_interface/include/pi_gpio_interface/pi_gpio_interface/action/detail/gpio__rosidl_typesupport_introspection_cpp.hpp
-- Up-to-date: /home/scott/mercer_garm/ros2/install/pi_gpio_interface/include/pi_gpio_interface/pi_gpio_interface/action/detail/gpio__type_support.cpp
-- Up-to-date: /home/scott/mercer_garm/ros2/install/pi_gpio_interface/lib/libpi_gpio_interface__rosidl_typesupport_introspection_cpp.so
-- Up-to-date: /home/scott/mercer_garm/ros2/install/pi_gpio_interface/lib/libpi_gpio_interface__rosidl_typesupport_cpp.so
-- Up-to-date: /home/scott/mercer_garm/ros2/install/pi_gpio_interface/share/pi_gpio_interface/environment/pythonpath.sh
-- Up-to-date: /home/scott/mercer_garm/ros2/install/pi_gpio_interface/share/pi_gpio_interface/environment/pythonpath.dsv
-- Up-to-date: /home/scott/mercer_garm/ros2/install/pi_gpio_interface/lib/python3.12/site-packages/pi_gpio_interface-0.0.1-py3.12.egg-info
-- Installing: /home/scott/mercer_garm/ros2/install/pi_gpio_interface/lib/python3.12/site-packages/pi_gpio_interface-0.0.1-py3.12.egg-info/top_level.txt
-- Installing: /home/scott/mercer_garm/ros2/install/pi_gpio_interface/lib/python3.12/site-packages/pi_gpio_interface-0.0.1-py3.12.egg-info/dependency_links.txt
-- Installing: /home/scott/mercer_garm/ros2/install/pi_gpio_interface/lib/python3.12/site-packages/pi_gpio_interface-0.0.1-py3.12.egg-info/SOURCES.txt
-- Installing: /home/scott/mercer_garm/ros2/install/pi_gpio_interface/lib/python3.12/site-packages/pi_gpio_interface-0.0.1-py3.12.egg-info/PKG-INFO
-- Up-to-date: /home/scott/mercer_garm/ros2/install/pi_gpio_interface/lib/python3.12/site-packages/pi_gpio_interface
-- Up-to-date: /home/scott/mercer_garm/ros2/install/pi_gpio_interface/lib/python3.12/site-packages/pi_gpio_interface/_pi_gpio_interface_s.ep.rosidl_typesupport_fastrtps_c.c
-- Up-to-date: /home/scott/mercer_garm/ros2/install/pi_gpio_interface/lib/python3.12/site-packages/pi_gpio_interface/__init__.py
-- Up-to-date: /home/scott/mercer_garm/ros2/install/pi_gpio_interface/lib/python3.12/site-packages/pi_gpio_interface/pi_gpio_interface_s__rosidl_typesupport_c.so
-- Up-to-date: /home/scott/mercer_garm/ros2/install/pi_gpio_interface/lib/python3.12/site-packages/pi_gpio_interface/action
-- Up-to-date: /home/scott/mercer_garm/ros2/install/pi_gpio_interface/lib/python3.12/site-packages/pi_gpio_interface/action/__init__.py
-- Up-to-date: /home/scott/mercer_garm/ros2/install/pi_gpio_interface/lib/python3.12/site-packages/pi_gpio_interface/action/_gpio_s.c
-- Up-to-date: /home/scott/mercer_garm/ros2/install/pi_gpio_interface/lib/python3.12/site-packages/pi_gpio_interface/action/_gpio.py
-- Up-to-date: /home/scott/mercer_garm/ros2/install/pi_gpio_interface/lib/python3.12/site-packages/pi_gpio_interface/pi_gpio_interface_s__rosidl_typesupport_introspection_c.so
-- Up-to-date: /home/scott/mercer_garm/ros2/install/pi_gpio_interface/lib/python3.12/site-packages/pi_gpio_interface/_pi_gpio_interface_s.ep.rosidl_typesupport_c.c
-- Up-to-date: /home/scott/mercer_garm/ros2/install/pi_gpio_interface/lib/python3.12/site-packages/pi_gpio_interface/_pi_gpio_interface_s.ep.rosidl_typesupport_introspection_c.c
-- Up-to-date: /home/scott/mercer_garm/ros2/install/pi_gpio_interface/lib/python3.12/site-packages/pi_gpio_interface/pi_gpio_interface_s__rosidl_typesupport_fastrtps_c.so
Listing '/home/scott/mercer_garm/ros2/install/pi_gpio_interface/lib/python3.12/site-packages/pi_gpio_interface'...
Listing '/home/scott/mercer_garm/ros2/install/pi_gpio_interface/lib/python3.12/site-packages/pi_gpio_interface/action'...
-- Up-to-date: /home/scott/mercer_garm/ros2/install/pi_gpio_interface/lib/python3.12/site-packages/pi_gpio_interface/pi_gpio_interface_s__rosidl_typesupport_fastrtps_c.so
-- Up-to-date: /home/scott/mercer_garm/ros2/install/pi_gpio_interface/lib/python3.12/site-packages/pi_gpio_interface/pi_gpio_interface_s__rosidl_typesupport_introspection_c.so
-- Up-to-date: /home/scott/mercer_garm/ros2/install/pi_gpio_interface/lib/python3.12/site-packages/pi_gpio_interface/pi_gpio_interface_s__rosidl_typesupport_c.so
-- Up-to-date: /home/scott/mercer_garm/ros2/install/pi_gpio_interface/lib/libpi_gpio_interface__rosidl_generator_py.so
-- Up-to-date: /home/scott/mercer_garm/ros2/install/pi_gpio_interface/share/pi_gpio_interface/action/GPIO.idl
-- Up-to-date: /home/scott/mercer_garm/ros2/install/pi_gpio_interface/share/pi_gpio_interface/action/GPIO.action
-- Up-to-date: /home/scott/mercer_garm/ros2/install/pi_gpio_interface/share/ament_index/resource_index/package_run_dependencies/pi_gpio_interface
-- Up-to-date: /home/scott/mercer_garm/ros2/install/pi_gpio_interface/share/ament_index/resource_index/parent_prefix_path/pi_gpio_interface
-- Up-to-date: /home/scott/mercer_garm/ros2/install/pi_gpio_interface/share/pi_gpio_interface/environment/ament_prefix_path.sh
-- Up-to-date: /home/scott/mercer_garm/ros2/install/pi_gpio_interface/share/pi_gpio_interface/environment/ament_prefix_path.dsv
-- Up-to-date: /home/scott/mercer_garm/ros2/install/pi_gpio_interface/share/pi_gpio_interface/environment/path.sh
-- Up-to-date: /home/scott/mercer_garm/ros2/install/pi_gpio_interface/share/pi_gpio_interface/environment/path.dsv
-- Up-to-date: /home/scott/mercer_garm/ros2/install/pi_gpio_interface/share/pi_gpio_interface/local_setup.bash
-- Up-to-date: /home/scott/mercer_garm/ros2/install/pi_gpio_interface/share/pi_gpio_interface/local_setup.sh
-- Up-to-date: /home/scott/mercer_garm/ros2/install/pi_gpio_interface/share/pi_gpio_interface/local_setup.zsh
-- Up-to-date: /home/scott/mercer_garm/ros2/install/pi_gpio_interface/share/pi_gpio_interface/local_setup.dsv
-- Installing: /home/scott/mercer_garm/ros2/install/pi_gpio_interface/share/pi_gpio_interface/package.dsv
-- Up-to-date: /home/scott/mercer_garm/ros2/install/pi_gpio_interface/share/ament_index/resource_index/packages/pi_gpio_interface
-- Up-to-date: /home/scott/mercer_garm/ros2/install/pi_gpio_interface/share/pi_gpio_interface/cmake/export_pi_gpio_interface__rosidl_generator_cExport.cmake
-- Up-to-date: /home/scott/mercer_garm/ros2/install/pi_gpio_interface/share/pi_gpio_interface/cmake/export_pi_gpio_interface__rosidl_generator_cExport-noconfig.cmake
-- Up-to-date: /home/scott/mercer_garm/ros2/install/pi_gpio_interface/share/pi_gpio_interface/cmake/export_pi_gpio_interface__rosidl_typesupport_fastrtps_cExport.cmake
-- Up-to-date: /home/scott/mercer_garm/ros2/install/pi_gpio_interface/share/pi_gpio_interface/cmake/export_pi_gpio_interface__rosidl_typesupport_fastrtps_cExport-noconfig.cmake
-- Up-to-date: /home/scott/mercer_garm/ros2/install/pi_gpio_interface/share/pi_gpio_interface/cmake/pi_gpio_interface__rosidl_typesupport_introspection_cExport.cmake
-- Up-to-date: /home/scott/mercer_garm/ros2/install/pi_gpio_interface/share/pi_gpio_interface/cmake/pi_gpio_interface__rosidl_typesupport_introspection_cExport-noconfig.cmake
-- Up-to-date: /home/scott/mercer_garm/ros2/install/pi_gpio_interface/share/pi_gpio_interface/cmake/pi_gpio_interface__rosidl_typesupport_cExport.cmake
-- Up-to-date: /home/scott/mercer_garm/ros2/install/pi_gpio_interface/share/pi_gpio_interface/cmake/pi_gpio_interface__rosidl_typesupport_cExport-noconfig.cmake
-- Up-to-date: /home/scott/mercer_garm/ros2/install/pi_gpio_interface/share/pi_gpio_interface/cmake/export_pi_gpio_interface__rosidl_generator_cppExport.cmake
-- Up-to-date: /home/scott/mercer_garm/ros2/install/pi_gpio_interface/share/pi_gpio_interface/cmake/export_pi_gpio_interface__rosidl_typesupport_fastrtps_cppExport.cmake
-- Up-to-date: /home/scott/mercer_garm/ros2/install/pi_gpio_interface/share/pi_gpio_interface/cmake/export_pi_gpio_interface__rosidl_typesupport_fastrtps_cppExport-noconfig.cmake
-- Up-to-date: /home/scott/mercer_garm/ros2/install/pi_gpio_interface/share/pi_gpio_interface/cmake/pi_gpio_interface__rosidl_typesupport_introspection_cppExport.cmake
-- Up-to-date: /home/scott/mercer_garm/ros2/install/pi_gpio_interface/share/pi_gpio_interface/cmake/pi_gpio_interface__rosidl_typesupport_introspection_cppExport-noconfig.cmake
-- Up-to-date: /home/scott/mercer_garm/ros2/install/pi_gpio_interface/share/pi_gpio_interface/cmake/pi_gpio_interface__rosidl_typesupport_cppExport.cmake
-- Up-to-date: /home/scott/mercer_garm/ros2/install/pi_gpio_interface/share/pi_gpio_interface/cmake/pi_gpio_interface__rosidl_typesupport_cppExport-noconfig.cmake
-- Up-to-date: /home/scott/mercer_garm/ros2/install/pi_gpio_interface/share/pi_gpio_interface/cmake/export_pi_gpio_interface__rosidl_generator_pyExport.cmake
-- Up-to-date: /home/scott/mercer_garm/ros2/install/pi_gpio_interface/share/pi_gpio_interface/cmake/export_pi_gpio_interface__rosidl_generator_pyExport-noconfig.cmake
-- Up-to-date: /home/scott/mercer_garm/ros2/install/pi_gpio_interface/share/pi_gpio_interface/cmake/rosidl_cmake-extras.cmake
-- Up-to-date: /home/scott/mercer_garm/ros2/install/pi_gpio_interface/share/pi_gpio_interface/cmake/ament_cmake_export_dependencies-extras.cmake
-- Up-to-date: /home/scott/mercer_garm/ros2/install/pi_gpio_interface/share/pi_gpio_interface/cmake/ament_cmake_export_include_directories-extras.cmake
-- Up-to-date: /home/scott/mercer_garm/ros2/install/pi_gpio_interface/share/pi_gpio_interface/cmake/ament_cmake_export_libraries-extras.cmake
-- Up-to-date: /home/scott/mercer_garm/ros2/install/pi_gpio_interface/share/pi_gpio_interface/cmake/ament_cmake_export_targets-extras.cmake
-- Up-to-date: /home/scott/mercer_garm/ros2/install/pi_gpio_interface/share/pi_gpio_interface/cmake/rosidl_cmake_export_typesupport_targets-extras.cmake
-- Up-to-date: /home/scott/mercer_garm/ros2/install/pi_gpio_interface/share/pi_gpio_interface/cmake/rosidl_cmake_export_typesupport_libraries-extras.cmake
-- Up-to-date: /home/scott/mercer_garm/ros2/install/pi_gpio_interface/share/pi_gpio_interface/cmake/pi_gpio_interfaceConfig.cmake
-- Up-to-date: /home/scott/mercer_garm/ros2/install/pi_gpio_interface/share/pi_gpio_interface/cmake/pi_gpio_interfaceConfig-version.cmake
-- Up-to-date: /home/scott/mercer_garm/ros2/install/pi_gpio_interface/share/pi_gpio_interface/package.xml
