-- Install configuration: ""
-- Up-to-date: /home/scott/mercer_garm/ros2/install/g_arm_moveit2/share/ament_index/resource_index/package_run_dependencies/g_arm_moveit2
-- Up-to-date: /home/scott/mercer_garm/ros2/install/g_arm_moveit2/share/ament_index/resource_index/parent_prefix_path/g_arm_moveit2
-- Up-to-date: /home/scott/mercer_garm/ros2/install/g_arm_moveit2/share/g_arm_moveit2/environment/ament_prefix_path.sh
-- Up-to-date: /home/scott/mercer_garm/ros2/install/g_arm_moveit2/share/g_arm_moveit2/environment/ament_prefix_path.dsv
-- Up-to-date: /home/scott/mercer_garm/ros2/install/g_arm_moveit2/share/g_arm_moveit2/environment/path.sh
-- Up-to-date: /home/scott/mercer_garm/ros2/install/g_arm_moveit2/share/g_arm_moveit2/environment/path.dsv
-- Up-to-date: /home/scott/mercer_garm/ros2/install/g_arm_moveit2/share/g_arm_moveit2/local_setup.bash
-- Up-to-date: /home/scott/mercer_garm/ros2/install/g_arm_moveit2/share/g_arm_moveit2/local_setup.sh
-- Up-to-date: /home/scott/mercer_garm/ros2/install/g_arm_moveit2/share/g_arm_moveit2/local_setup.zsh
-- Up-to-date: /home/scott/mercer_garm/ros2/install/g_arm_moveit2/share/g_arm_moveit2/local_setup.dsv
-- Up-to-date: /home/scott/mercer_garm/ros2/install/g_arm_moveit2/share/g_arm_moveit2/package.dsv
-- Up-to-date: /home/scott/mercer_garm/ros2/install/g_arm_moveit2/share/ament_index/resource_index/packages/g_arm_moveit2
-- Up-to-date: /home/scott/mercer_garm/ros2/install/g_arm_moveit2/share/g_arm_moveit2/cmake/g_arm_moveit2Config.cmake
-- Up-to-date: /home/scott/mercer_garm/ros2/install/g_arm_moveit2/share/g_arm_moveit2/cmake/g_arm_moveit2Config-version.cmake
-- Up-to-date: /home/scott/mercer_garm/ros2/install/g_arm_moveit2/share/g_arm_moveit2/package.xml
-- Up-to-date: /home/scott/mercer_garm/ros2/install/g_arm_moveit2/share/g_arm_moveit2/launch
-- Up-to-date: /home/scott/mercer_garm/ros2/install/g_arm_moveit2/share/g_arm_moveit2/launch/mercer_remote_rviz.launch.py
-- Up-to-date: /home/scott/mercer_garm/ros2/install/g_arm_moveit2/share/g_arm_moveit2/launch/servo.launch.py
-- Up-to-date: /home/scott/mercer_garm/ros2/install/g_arm_moveit2/share/g_arm_moveit2/launch/spawn_controllers.launch.py
-- Up-to-date: /home/scott/mercer_garm/ros2/install/g_arm_moveit2/share/g_arm_moveit2/launch/moveit_rviz.launch.py
-- Up-to-date: /home/scott/mercer_garm/ros2/install/g_arm_moveit2/share/g_arm_moveit2/launch/moveit.rviz
-- Up-to-date: /home/scott/mercer_garm/ros2/install/g_arm_moveit2/share/g_arm_moveit2/launch/move_group.launch.py
-- Up-to-date: /home/scott/mercer_garm/ros2/install/g_arm_moveit2/share/g_arm_moveit2/launch/__pycache__
-- Up-to-date: /home/scott/mercer_garm/ros2/install/g_arm_moveit2/share/g_arm_moveit2/launch/__pycache__/moveit_rviz.launch.cpython-312.pyc
-- Up-to-date: /home/scott/mercer_garm/ros2/install/g_arm_moveit2/share/g_arm_moveit2/launch/__pycache__/mercer_remote_rviz.launch.cpython-312.pyc
-- Up-to-date: /home/scott/mercer_garm/ros2/install/g_arm_moveit2/share/g_arm_moveit2/launch/__pycache__/demo.launch.cpython-312.pyc
-- Up-to-date: /home/scott/mercer_garm/ros2/install/g_arm_moveit2/share/g_arm_moveit2/launch/__pycache__/demo.launch.cpython-310.pyc
-- Up-to-date: /home/scott/mercer_garm/ros2/install/g_arm_moveit2/share/g_arm_moveit2/launch/moveit_show_travel.rviz
-- Up-to-date: /home/scott/mercer_garm/ros2/install/g_arm_moveit2/share/g_arm_moveit2/launch/show_end_effector_travel.launch.py
-- Up-to-date: /home/scott/mercer_garm/ros2/install/g_arm_moveit2/share/g_arm_moveit2/launch/warehouse_db.launch.py
-- Up-to-date: /home/scott/mercer_garm/ros2/install/g_arm_moveit2/share/g_arm_moveit2/launch/setup_assistant.launch.py
-- Up-to-date: /home/scott/mercer_garm/ros2/install/g_arm_moveit2/share/g_arm_moveit2/launch/static_virtual_joint_tfs.launch.py
-- Up-to-date: /home/scott/mercer_garm/ros2/install/g_arm_moveit2/share/g_arm_moveit2/launch/moveit_empty.rviz
-- Up-to-date: /home/scott/mercer_garm/ros2/install/g_arm_moveit2/share/g_arm_moveit2/launch/rsp.launch.py
-- Up-to-date: /home/scott/mercer_garm/ros2/install/g_arm_moveit2/share/g_arm_moveit2/launch/.vscode
-- Up-to-date: /home/scott/mercer_garm/ros2/install/g_arm_moveit2/share/g_arm_moveit2/launch/.vscode/settings.json
-- Up-to-date: /home/scott/mercer_garm/ros2/install/g_arm_moveit2/share/g_arm_moveit2/launch/.vscode/c_cpp_properties.json
-- Up-to-date: /home/scott/mercer_garm/ros2/install/g_arm_moveit2/share/g_arm_moveit2/launch/demo.launch.py
-- Up-to-date: /home/scott/mercer_garm/ros2/install/g_arm_moveit2/share/g_arm_moveit2/config
-- Up-to-date: /home/scott/mercer_garm/ros2/install/g_arm_moveit2/share/g_arm_moveit2/config/g_arm.ros2_control.xacro
-- Up-to-date: /home/scott/mercer_garm/ros2/install/g_arm_moveit2/share/g_arm_moveit2/config/ros2_controllers.yaml
-- Up-to-date: /home/scott/mercer_garm/ros2/install/g_arm_moveit2/share/g_arm_moveit2/config/g_arm.srdf
-- Up-to-date: /home/scott/mercer_garm/ros2/install/g_arm_moveit2/share/g_arm_moveit2/config/kinematics.yaml
-- Up-to-date: /home/scott/mercer_garm/ros2/install/g_arm_moveit2/share/g_arm_moveit2/config/g_arm_simulated_config.yaml
-- Up-to-date: /home/scott/mercer_garm/ros2/install/g_arm_moveit2/share/g_arm_moveit2/config/g_arm_servo_config.yaml
-- Up-to-date: /home/scott/mercer_garm/ros2/install/g_arm_moveit2/share/g_arm_moveit2/config/g_arm.urdf.xacro
-- Up-to-date: /home/scott/mercer_garm/ros2/install/g_arm_moveit2/share/g_arm_moveit2/config/joy_teleop.yaml
-- Up-to-date: /home/scott/mercer_garm/ros2/install/g_arm_moveit2/share/g_arm_moveit2/config/initial_positions.yaml
-- Up-to-date: /home/scott/mercer_garm/ros2/install/g_arm_moveit2/share/g_arm_moveit2/config/moveit_controllers.yaml
-- Up-to-date: /home/scott/mercer_garm/ros2/install/g_arm_moveit2/share/g_arm_moveit2/config/moveit_controllers.yaml.old
-- Up-to-date: /home/scott/mercer_garm/ros2/install/g_arm_moveit2/share/g_arm_moveit2/config/g_arm.srdf.old
-- Up-to-date: /home/scott/mercer_garm/ros2/install/g_arm_moveit2/share/g_arm_moveit2/config/joint_limits.yaml
-- Up-to-date: /home/scott/mercer_garm/ros2/install/g_arm_moveit2/share/g_arm_moveit2/config/pilz_cartesian_limits.yaml
-- Up-to-date: /home/scott/mercer_garm/ros2/install/g_arm_moveit2/share/g_arm_moveit2/.setup_assistant
