[1.672s] Invoking command in '/home/scott/mercer_garm/ros2/src/mercer_g_arm_rpi_bringup': DEBUGINFOD_URLS=https://debuginfod.ubuntu.com PS1=(ros2_venv) \[\e]0;\u@\h: \w\a\]${debian_chroot:+($debian_chroot)}\[\033[01;32m\]\u@\h\[\033[00m\]:\[\033[01;34m\]\w\[\033[00m\]\$ PYTHONPATH=/home/scott/mercer_garm/ros2/build/mercer_g_arm_rpi_bringup/prefix_override:/usr/lib/python3/dist-packages/colcon_core/task/python/colcon_distutils_commands:/home/scott/mercer_garm/ros2/install/mercer_g_arm_rpi_bringup/lib/python3.12/site-packages:${PYTHONPATH} VIRTUAL_ENV_PROMPT=(ros2_venv) /usr/bin/python3 -W ignore:setup.py install is deprecated -W ignore:easy_install command is deprecated setup.py egg_info --egg-base ../../build/mercer_g_arm_rpi_bringup build --build-base /home/scott/mercer_garm/ros2/build/mercer_g_arm_rpi_bringup/build install --record /home/scott/mercer_garm/ros2/build/mercer_g_arm_rpi_bringup/install.log --single-version-externally-managed install_data
[2.171s] running egg_info
[2.213s] writing ../../build/mercer_g_arm_rpi_bringup/mercer_g_arm_rpi_bringup.egg-info/PKG-INFO
[2.213s] writing dependency_links to ../../build/mercer_g_arm_rpi_bringup/mercer_g_arm_rpi_bringup.egg-info/dependency_links.txt
[2.214s] writing entry points to ../../build/mercer_g_arm_rpi_bringup/mercer_g_arm_rpi_bringup.egg-info/entry_points.txt
[2.214s] writing requirements to ../../build/mercer_g_arm_rpi_bringup/mercer_g_arm_rpi_bringup.egg-info/requires.txt
[2.214s] writing top-level names to ../../build/mercer_g_arm_rpi_bringup/mercer_g_arm_rpi_bringup.egg-info/top_level.txt
[2.310s] reading manifest file '../../build/mercer_g_arm_rpi_bringup/mercer_g_arm_rpi_bringup.egg-info/SOURCES.txt'
[2.319s] writing manifest file '../../build/mercer_g_arm_rpi_bringup/mercer_g_arm_rpi_bringup.egg-info/SOURCES.txt'
[2.319s] running build
[2.319s] running build_py
[2.320s] running install
[2.327s] running install_lib
[2.381s] running install_data
[2.382s] running install_egg_info
[2.425s] removing '/home/scott/mercer_garm/ros2/install/mercer_g_arm_rpi_bringup/lib/python3.12/site-packages/mercer_g_arm_rpi_bringup-0.0.0-py3.12.egg-info' (and everything under it)
[2.425s] Copying ../../build/mercer_g_arm_rpi_bringup/mercer_g_arm_rpi_bringup.egg-info to /home/scott/mercer_garm/ros2/install/mercer_g_arm_rpi_bringup/lib/python3.12/site-packages/mercer_g_arm_rpi_bringup-0.0.0-py3.12.egg-info
[2.426s] running install_scripts
[2.674s] Installing gpio_init script to /home/scott/mercer_garm/ros2/install/mercer_g_arm_rpi_bringup/lib/mercer_g_arm_rpi_bringup
[2.674s] writing list of installed files to '/home/scott/mercer_garm/ros2/build/mercer_g_arm_rpi_bringup/install.log'
[2.725s] Invoked command in '/home/scott/mercer_garm/ros2/src/mercer_g_arm_rpi_bringup' returned '0': DEBUGINFOD_URLS=https://debuginfod.ubuntu.com PS1=(ros2_venv) \[\e]0;\u@\h: \w\a\]${debian_chroot:+($debian_chroot)}\[\033[01;32m\]\u@\h\[\033[00m\]:\[\033[01;34m\]\w\[\033[00m\]\$ PYTHONPATH=/home/scott/mercer_garm/ros2/build/mercer_g_arm_rpi_bringup/prefix_override:/usr/lib/python3/dist-packages/colcon_core/task/python/colcon_distutils_commands:/home/scott/mercer_garm/ros2/install/mercer_g_arm_rpi_bringup/lib/python3.12/site-packages:${PYTHONPATH} VIRTUAL_ENV_PROMPT=(ros2_venv) /usr/bin/python3 -W ignore:setup.py install is deprecated -W ignore:easy_install command is deprecated setup.py egg_info --egg-base ../../build/mercer_g_arm_rpi_bringup build --build-base /home/scott/mercer_garm/ros2/build/mercer_g_arm_rpi_bringup/build install --record /home/scott/mercer_garm/ros2/build/mercer_g_arm_rpi_bringup/install.log --single-version-externally-managed install_data
