[ 14%] Built target test_moveit
[ 28%] Built target commander
[ 42%] Built target joint_space_demo
[ 57%] Built target pose_space_demo
[ 71%] Built target simple_pose_demo
[ 85%] Built target pose_to_joint_commander
[100%] Built target go_to_pose_server
-- Install configuration: ""
-- Up-to-date: /home/scott/mercer_garm/ros2/install/mercer_robot_commander_cpp/lib/mercer_robot_commander_cpp/test_moveit
-- Up-to-date: /home/scott/mercer_garm/ros2/install/mercer_robot_commander_cpp/lib/mercer_robot_commander_cpp/commander
-- Up-to-date: /home/scott/mercer_garm/ros2/install/mercer_robot_commander_cpp/lib/mercer_robot_commander_cpp/joint_space_demo
-- Up-to-date: /home/scott/mercer_garm/ros2/install/mercer_robot_commander_cpp/lib/mercer_robot_commander_cpp/pose_space_demo
-- Up-to-date: /home/scott/mercer_garm/ros2/install/mercer_robot_commander_cpp/lib/mercer_robot_commander_cpp/simple_pose_demo
-- Up-to-date: /home/scott/mercer_garm/ros2/install/mercer_robot_commander_cpp/lib/mercer_robot_commander_cpp/pose_to_joint_commander
-- Up-to-date: /home/scott/mercer_garm/ros2/install/mercer_robot_commander_cpp/lib/mercer_robot_commander_cpp/go_to_pose_server
-- Up-to-date: /home/scott/mercer_garm/ros2/install/mercer_robot_commander_cpp/share/mercer_robot_commander_cpp/launch
-- Up-to-date: /home/scott/mercer_garm/ros2/install/mercer_robot_commander_cpp/share/mercer_robot_commander_cpp/launch/simple_pose_demo.launch.py
-- Up-to-date: /home/scott/mercer_garm/ros2/install/mercer_robot_commander_cpp/share/mercer_robot_commander_cpp/launch/pose_to_joint_commander.launch.py
-- Up-to-date: /home/scott/mercer_garm/ros2/install/mercer_robot_commander_cpp/share/mercer_robot_commander_cpp/launch/joint_space_demo.launch.py
-- Up-to-date: /home/scott/mercer_garm/ros2/install/mercer_robot_commander_cpp/share/mercer_robot_commander_cpp/launch/pose_list_commander.launch.py
-- Up-to-date: /home/scott/mercer_garm/ros2/install/mercer_robot_commander_cpp/share/mercer_robot_commander_cpp/launch/__pycache__
-- Up-to-date: /home/scott/mercer_garm/ros2/install/mercer_robot_commander_cpp/share/mercer_robot_commander_cpp/launch/__pycache__/test_moveit.launch.cpython-312.pyc
-- Up-to-date: /home/scott/mercer_garm/ros2/install/mercer_robot_commander_cpp/share/mercer_robot_commander_cpp/launch/__pycache__/joint_space_demo.launch.cpython-312.pyc
-- Up-to-date: /home/scott/mercer_garm/ros2/install/mercer_robot_commander_cpp/share/mercer_robot_commander_cpp/launch/__pycache__/pose_list_commander.launch.cpython-312.pyc
-- Up-to-date: /home/scott/mercer_garm/ros2/install/mercer_robot_commander_cpp/share/mercer_robot_commander_cpp/launch/__pycache__/pose_space_demo.launch.cpython-312.pyc
-- Up-to-date: /home/scott/mercer_garm/ros2/install/mercer_robot_commander_cpp/share/mercer_robot_commander_cpp/launch/pose_space_demo.launch.py
-- Up-to-date: /home/scott/mercer_garm/ros2/install/mercer_robot_commander_cpp/share/mercer_robot_commander_cpp/launch/test_moveit.launch.py
-- Up-to-date: /home/scott/mercer_garm/ros2/install/mercer_robot_commander_cpp/share/mercer_robot_commander_cpp/launch/g_arm_jog_gui.launch.py
-- Up-to-date: /home/scott/mercer_garm/ros2/install/mercer_robot_commander_cpp/share/mercer_robot_commander_cpp/launch/go_to_pose_server.launch.py
-- Up-to-date: /home/scott/mercer_garm/ros2/install/mercer_robot_commander_cpp/lib/mercer_robot_commander_cpp/example_go_to_pose.py
-- Up-to-date: /home/scott/mercer_garm/ros2/install/mercer_robot_commander_cpp/lib/mercer_robot_commander_cpp/g_arm_jog_gui.py
-- Up-to-date: /home/scott/mercer_garm/ros2/install/mercer_robot_commander_cpp/lib/mercer_robot_commander_cpp/go_to_pose_client.py
-- Up-to-date: /home/scott/mercer_garm/ros2/install/mercer_robot_commander_cpp/lib/mercer_robot_commander_cpp/pose_list_commander_interface.py
-- Up-to-date: /home/scott/mercer_garm/ros2/install/mercer_robot_commander_cpp/lib/mercer_robot_commander_cpp/pose_list_commander_node.py
-- Up-to-date: /home/scott/mercer_garm/ros2/install/mercer_robot_commander_cpp/share/mercer_robot_commander_cpp/config
-- Up-to-date: /home/scott/mercer_garm/ros2/install/mercer_robot_commander_cpp/share/mercer_robot_commander_cpp/config/waypoints_example.yaml
-- Up-to-date: /home/scott/mercer_garm/ros2/install/mercer_robot_commander_cpp/share/ament_index/resource_index/package_run_dependencies/mercer_robot_commander_cpp
-- Up-to-date: /home/scott/mercer_garm/ros2/install/mercer_robot_commander_cpp/share/ament_index/resource_index/parent_prefix_path/mercer_robot_commander_cpp
-- Up-to-date: /home/scott/mercer_garm/ros2/install/mercer_robot_commander_cpp/share/mercer_robot_commander_cpp/environment/ament_prefix_path.sh
-- Up-to-date: /home/scott/mercer_garm/ros2/install/mercer_robot_commander_cpp/share/mercer_robot_commander_cpp/environment/ament_prefix_path.dsv
-- Up-to-date: /home/scott/mercer_garm/ros2/install/mercer_robot_commander_cpp/share/mercer_robot_commander_cpp/environment/path.sh
-- Up-to-date: /home/scott/mercer_garm/ros2/install/mercer_robot_commander_cpp/share/mercer_robot_commander_cpp/environment/path.dsv
-- Up-to-date: /home/scott/mercer_garm/ros2/install/mercer_robot_commander_cpp/share/mercer_robot_commander_cpp/local_setup.bash
-- Up-to-date: /home/scott/mercer_garm/ros2/install/mercer_robot_commander_cpp/share/mercer_robot_commander_cpp/local_setup.sh
-- Up-to-date: /home/scott/mercer_garm/ros2/install/mercer_robot_commander_cpp/share/mercer_robot_commander_cpp/local_setup.zsh
-- Up-to-date: /home/scott/mercer_garm/ros2/install/mercer_robot_commander_cpp/share/mercer_robot_commander_cpp/local_setup.dsv
-- Installing: /home/scott/mercer_garm/ros2/install/mercer_robot_commander_cpp/share/mercer_robot_commander_cpp/package.dsv
-- Up-to-date: /home/scott/mercer_garm/ros2/install/mercer_robot_commander_cpp/share/ament_index/resource_index/packages/mercer_robot_commander_cpp
-- Up-to-date: /home/scott/mercer_garm/ros2/install/mercer_robot_commander_cpp/share/mercer_robot_commander_cpp/cmake/mercer_robot_commander_cppConfig.cmake
-- Up-to-date: /home/scott/mercer_garm/ros2/install/mercer_robot_commander_cpp/share/mercer_robot_commander_cpp/cmake/mercer_robot_commander_cppConfig-version.cmake
-- Up-to-date: /home/scott/mercer_garm/ros2/install/mercer_robot_commander_cpp/share/mercer_robot_commander_cpp/package.xml
