[  2%] Built target g_arm_msgs__rosidl_generator_type_description
[  5%] Built target g_arm_msgs__cpp
[ 20%] Built target g_arm_msgs__rosidl_generator_c
[ 20%] Built target ament_cmake_python_copy_g_arm_msgs
[ 38%] Built target g_arm_msgs__rosidl_typesupport_fastrtps_cpp
[ 38%] Built target g_arm_msgs__rosidl_typesupport_introspection_cpp
[ 47%] Built target g_arm_msgs__rosidl_typesupport_c
[ 55%] Built target g_arm_msgs__rosidl_typesupport_cpp
[ 64%] Built target g_arm_msgs__rosidl_typesupport_introspection_c
[ 73%] Built target g_arm_msgs__rosidl_typesupport_fastrtps_c
[ 73%] Built target g_arm_msgs
[ 76%] Built target g_arm_msgs__py
[ 82%] Built target g_arm_msgs__rosidl_generator_py
[ 88%] Built target g_arm_msgs_s__rosidl_typesupport_c
[ 94%] Built target g_arm_msgs_s__rosidl_typesupport_introspection_c
[100%] Built target g_arm_msgs_s__rosidl_typesupport_fastrtps_c
running egg_info
writing g_arm_msgs.egg-info/PKG-INFO
writing dependency_links to g_arm_msgs.egg-info/dependency_links.txt
writing top-level names to g_arm_msgs.egg-info/top_level.txt
reading manifest file 'g_arm_msgs.egg-info/SOURCES.txt'
writing manifest file 'g_arm_msgs.egg-info/SOURCES.txt'
[100%] Built target ament_cmake_python_build_g_arm_msgs_egg
-- Install configuration: ""
-- Up-to-date: /home/scott/mercer_garm/ros2/install/g_arm_msgs/share/ament_index/resource_index/rosidl_interfaces/g_arm_msgs
-- Up-to-date: /home/scott/mercer_garm/ros2/install/g_arm_msgs/share/g_arm_msgs/action/GoToPose.json
-- Up-to-date: /home/scott/mercer_garm/ros2/install/g_arm_msgs/include/g_arm_msgs/g_arm_msgs
-- Up-to-date: /home/scott/mercer_garm/ros2/install/g_arm_msgs/include/g_arm_msgs/g_arm_msgs/action
-- Up-to-date: /home/scott/mercer_garm/ros2/install/g_arm_msgs/include/g_arm_msgs/g_arm_msgs/action/go_to_pose.h
-- Up-to-date: /home/scott/mercer_garm/ros2/install/g_arm_msgs/include/g_arm_msgs/g_arm_msgs/action/detail
-- Up-to-date: /home/scott/mercer_garm/ros2/install/g_arm_msgs/include/g_arm_msgs/g_arm_msgs/action/detail/go_to_pose__functions.c
-- Up-to-date: /home/scott/mercer_garm/ros2/install/g_arm_msgs/include/g_arm_msgs/g_arm_msgs/action/detail/go_to_pose__struct.h
-- Up-to-date: /home/scott/mercer_garm/ros2/install/g_arm_msgs/include/g_arm_msgs/g_arm_msgs/action/detail/go_to_pose__functions.h
-- Up-to-date: /home/scott/mercer_garm/ros2/install/g_arm_msgs/include/g_arm_msgs/g_arm_msgs/action/detail/go_to_pose__description.c
-- Installing: /home/scott/mercer_garm/ros2/install/g_arm_msgs/include/g_arm_msgs/g_arm_msgs/action/detail/go_to_pose__type_support.c
-- Up-to-date: /home/scott/mercer_garm/ros2/install/g_arm_msgs/include/g_arm_msgs/g_arm_msgs/action/detail/go_to_pose__type_support.h
-- Up-to-date: /home/scott/mercer_garm/ros2/install/g_arm_msgs/include/g_arm_msgs/g_arm_msgs/msg
-- Up-to-date: /home/scott/mercer_garm/ros2/install/g_arm_msgs/include/g_arm_msgs/g_arm_msgs/msg/rosidl_generator_c__visibility_control.h
-- Up-to-date: /home/scott/mercer_garm/ros2/install/g_arm_msgs/share/g_arm_msgs/environment/library_path.sh
-- Up-to-date: /home/scott/mercer_garm/ros2/install/g_arm_msgs/share/g_arm_msgs/environment/library_path.dsv
-- Up-to-date: /home/scott/mercer_garm/ros2/install/g_arm_msgs/lib/libg_arm_msgs__rosidl_generator_c.so
-- Up-to-date: /home/scott/mercer_garm/ros2/install/g_arm_msgs/include/g_arm_msgs/g_arm_msgs
-- Up-to-date: /home/scott/mercer_garm/ros2/install/g_arm_msgs/include/g_arm_msgs/g_arm_msgs/action
-- Up-to-date: /home/scott/mercer_garm/ros2/install/g_arm_msgs/include/g_arm_msgs/g_arm_msgs/action/detail
-- Up-to-date: /home/scott/mercer_garm/ros2/install/g_arm_msgs/include/g_arm_msgs/g_arm_msgs/action/detail/go_to_pose__rosidl_typesupport_fastrtps_c.h
-- Up-to-date: /home/scott/mercer_garm/ros2/install/g_arm_msgs/include/g_arm_msgs/g_arm_msgs/msg
-- Up-to-date: /home/scott/mercer_garm/ros2/install/g_arm_msgs/include/g_arm_msgs/g_arm_msgs/msg/rosidl_typesupport_fastrtps_c__visibility_control.h
-- Up-to-date: /home/scott/mercer_garm/ros2/install/g_arm_msgs/lib/libg_arm_msgs__rosidl_typesupport_fastrtps_c.so
-- Up-to-date: /home/scott/mercer_garm/ros2/install/g_arm_msgs/include/g_arm_msgs/g_arm_msgs
-- Up-to-date: /home/scott/mercer_garm/ros2/install/g_arm_msgs/include/g_arm_msgs/g_arm_msgs/action
-- Up-to-date: /home/scott/mercer_garm/ros2/install/g_arm_msgs/include/g_arm_msgs/g_arm_msgs/action/detail
-- Installing: /home/scott/mercer_garm/ros2/install/g_arm_msgs/include/g_arm_msgs/g_arm_msgs/action/detail/go_to_pose__type_support.c
-- Up-to-date: /home/scott/mercer_garm/ros2/install/g_arm_msgs/include/g_arm_msgs/g_arm_msgs/action/detail/go_to_pose__rosidl_typesupport_introspection_c.h
-- Up-to-date: /home/scott/mercer_garm/ros2/install/g_arm_msgs/include/g_arm_msgs/g_arm_msgs/msg
-- Up-to-date: /home/scott/mercer_garm/ros2/install/g_arm_msgs/include/g_arm_msgs/g_arm_msgs/msg/rosidl_typesupport_introspection_c__visibility_control.h
-- Up-to-date: /home/scott/mercer_garm/ros2/install/g_arm_msgs/lib/libg_arm_msgs__rosidl_typesupport_introspection_c.so
-- Up-to-date: /home/scott/mercer_garm/ros2/install/g_arm_msgs/lib/libg_arm_msgs__rosidl_typesupport_c.so
-- Up-to-date: /home/scott/mercer_garm/ros2/install/g_arm_msgs/include/g_arm_msgs/g_arm_msgs
-- Up-to-date: /home/scott/mercer_garm/ros2/install/g_arm_msgs/include/g_arm_msgs/g_arm_msgs/action
-- Up-to-date: /home/scott/mercer_garm/ros2/install/g_arm_msgs/include/g_arm_msgs/g_arm_msgs/action/go_to_pose.hpp
-- Up-to-date: /home/scott/mercer_garm/ros2/install/g_arm_msgs/include/g_arm_msgs/g_arm_msgs/action/detail
-- Up-to-date: /home/scott/mercer_garm/ros2/install/g_arm_msgs/include/g_arm_msgs/g_arm_msgs/action/detail/go_to_pose__struct.hpp
-- Up-to-date: /home/scott/mercer_garm/ros2/install/g_arm_msgs/include/g_arm_msgs/g_arm_msgs/action/detail/go_to_pose__traits.hpp
-- Up-to-date: /home/scott/mercer_garm/ros2/install/g_arm_msgs/include/g_arm_msgs/g_arm_msgs/action/detail/go_to_pose__type_support.hpp
-- Up-to-date: /home/scott/mercer_garm/ros2/install/g_arm_msgs/include/g_arm_msgs/g_arm_msgs/action/detail/go_to_pose__builder.hpp
-- Up-to-date: /home/scott/mercer_garm/ros2/install/g_arm_msgs/include/g_arm_msgs/g_arm_msgs/msg
-- Up-to-date: /home/scott/mercer_garm/ros2/install/g_arm_msgs/include/g_arm_msgs/g_arm_msgs/msg/rosidl_generator_cpp__visibility_control.hpp
-- Up-to-date: /home/scott/mercer_garm/ros2/install/g_arm_msgs/include/g_arm_msgs/g_arm_msgs
-- Up-to-date: /home/scott/mercer_garm/ros2/install/g_arm_msgs/include/g_arm_msgs/g_arm_msgs/action
-- Up-to-date: /home/scott/mercer_garm/ros2/install/g_arm_msgs/include/g_arm_msgs/g_arm_msgs/action/detail
-- Up-to-date: /home/scott/mercer_garm/ros2/install/g_arm_msgs/include/g_arm_msgs/g_arm_msgs/action/detail/go_to_pose__rosidl_typesupport_fastrtps_cpp.hpp
-- Up-to-date: /home/scott/mercer_garm/ros2/install/g_arm_msgs/include/g_arm_msgs/g_arm_msgs/action/detail/dds_fastrtps
-- Up-to-date: /home/scott/mercer_garm/ros2/install/g_arm_msgs/include/g_arm_msgs/g_arm_msgs/msg
-- Up-to-date: /home/scott/mercer_garm/ros2/install/g_arm_msgs/include/g_arm_msgs/g_arm_msgs/msg/rosidl_typesupport_fastrtps_cpp__visibility_control.h
-- Up-to-date: /home/scott/mercer_garm/ros2/install/g_arm_msgs/lib/libg_arm_msgs__rosidl_typesupport_fastrtps_cpp.so
-- Up-to-date: /home/scott/mercer_garm/ros2/install/g_arm_msgs/include/g_arm_msgs/g_arm_msgs
-- Up-to-date: /home/scott/mercer_garm/ros2/install/g_arm_msgs/include/g_arm_msgs/g_arm_msgs/action
-- Up-to-date: /home/scott/mercer_garm/ros2/install/g_arm_msgs/include/g_arm_msgs/g_arm_msgs/action/detail
-- Up-to-date: /home/scott/mercer_garm/ros2/install/g_arm_msgs/include/g_arm_msgs/g_arm_msgs/action/detail/go_to_pose__type_support.cpp
-- Up-to-date: /home/scott/mercer_garm/ros2/install/g_arm_msgs/include/g_arm_msgs/g_arm_msgs/action/detail/go_to_pose__rosidl_typesupport_introspection_cpp.hpp
-- Up-to-date: /home/scott/mercer_garm/ros2/install/g_arm_msgs/lib/libg_arm_msgs__rosidl_typesupport_introspection_cpp.so
-- Up-to-date: /home/scott/mercer_garm/ros2/install/g_arm_msgs/lib/libg_arm_msgs__rosidl_typesupport_cpp.so
-- Up-to-date: /home/scott/mercer_garm/ros2/install/g_arm_msgs/share/g_arm_msgs/environment/pythonpath.sh
-- Up-to-date: /home/scott/mercer_garm/ros2/install/g_arm_msgs/share/g_arm_msgs/environment/pythonpath.dsv
-- Up-to-date: /home/scott/mercer_garm/ros2/install/g_arm_msgs/lib/python3.12/site-packages/g_arm_msgs-0.0.0-py3.12.egg-info
-- Installing: /home/scott/mercer_garm/ros2/install/g_arm_msgs/lib/python3.12/site-packages/g_arm_msgs-0.0.0-py3.12.egg-info/top_level.txt
-- Installing: /home/scott/mercer_garm/ros2/install/g_arm_msgs/lib/python3.12/site-packages/g_arm_msgs-0.0.0-py3.12.egg-info/dependency_links.txt
-- Installing: /home/scott/mercer_garm/ros2/install/g_arm_msgs/lib/python3.12/site-packages/g_arm_msgs-0.0.0-py3.12.egg-info/SOURCES.txt
-- Installing: /home/scott/mercer_garm/ros2/install/g_arm_msgs/lib/python3.12/site-packages/g_arm_msgs-0.0.0-py3.12.egg-info/PKG-INFO
-- Up-to-date: /home/scott/mercer_garm/ros2/install/g_arm_msgs/lib/python3.12/site-packages/g_arm_msgs
-- Up-to-date: /home/scott/mercer_garm/ros2/install/g_arm_msgs/lib/python3.12/site-packages/g_arm_msgs/g_arm_msgs_s__rosidl_typesupport_c.so
-- Up-to-date: /home/scott/mercer_garm/ros2/install/g_arm_msgs/lib/python3.12/site-packages/g_arm_msgs/_g_arm_msgs_s.ep.rosidl_typesupport_fastrtps_c.c
-- Up-to-date: /home/scott/mercer_garm/ros2/install/g_arm_msgs/lib/python3.12/site-packages/g_arm_msgs/__init__.py
-- Up-to-date: /home/scott/mercer_garm/ros2/install/g_arm_msgs/lib/python3.12/site-packages/g_arm_msgs/g_arm_msgs_s__rosidl_typesupport_introspection_c.so
-- Up-to-date: /home/scott/mercer_garm/ros2/install/g_arm_msgs/lib/python3.12/site-packages/g_arm_msgs/action
-- Up-to-date: /home/scott/mercer_garm/ros2/install/g_arm_msgs/lib/python3.12/site-packages/g_arm_msgs/action/__init__.py
-- Up-to-date: /home/scott/mercer_garm/ros2/install/g_arm_msgs/lib/python3.12/site-packages/g_arm_msgs/action/_go_to_pose.py
-- Up-to-date: /home/scott/mercer_garm/ros2/install/g_arm_msgs/lib/python3.12/site-packages/g_arm_msgs/action/_go_to_pose_s.c
-- Up-to-date: /home/scott/mercer_garm/ros2/install/g_arm_msgs/lib/python3.12/site-packages/g_arm_msgs/_g_arm_msgs_s.ep.rosidl_typesupport_c.c
-- Up-to-date: /home/scott/mercer_garm/ros2/install/g_arm_msgs/lib/python3.12/site-packages/g_arm_msgs/g_arm_msgs_s__rosidl_typesupport_fastrtps_c.so
-- Up-to-date: /home/scott/mercer_garm/ros2/install/g_arm_msgs/lib/python3.12/site-packages/g_arm_msgs/_g_arm_msgs_s.ep.rosidl_typesupport_introspection_c.c
Listing '/home/scott/mercer_garm/ros2/install/g_arm_msgs/lib/python3.12/site-packages/g_arm_msgs'...
Listing '/home/scott/mercer_garm/ros2/install/g_arm_msgs/lib/python3.12/site-packages/g_arm_msgs/action'...
-- Up-to-date: /home/scott/mercer_garm/ros2/install/g_arm_msgs/lib/python3.12/site-packages/g_arm_msgs/g_arm_msgs_s__rosidl_typesupport_fastrtps_c.so
-- Up-to-date: /home/scott/mercer_garm/ros2/install/g_arm_msgs/lib/python3.12/site-packages/g_arm_msgs/g_arm_msgs_s__rosidl_typesupport_introspection_c.so
-- Up-to-date: /home/scott/mercer_garm/ros2/install/g_arm_msgs/lib/python3.12/site-packages/g_arm_msgs/g_arm_msgs_s__rosidl_typesupport_c.so
-- Up-to-date: /home/scott/mercer_garm/ros2/install/g_arm_msgs/lib/libg_arm_msgs__rosidl_generator_py.so
-- Up-to-date: /home/scott/mercer_garm/ros2/install/g_arm_msgs/share/g_arm_msgs/action/GoToPose.idl
-- Up-to-date: /home/scott/mercer_garm/ros2/install/g_arm_msgs/share/g_arm_msgs/action/GoToPose.action
-- Up-to-date: /home/scott/mercer_garm/ros2/install/g_arm_msgs/share/ament_index/resource_index/package_run_dependencies/g_arm_msgs
-- Up-to-date: /home/scott/mercer_garm/ros2/install/g_arm_msgs/share/ament_index/resource_index/parent_prefix_path/g_arm_msgs
-- Up-to-date: /home/scott/mercer_garm/ros2/install/g_arm_msgs/share/g_arm_msgs/environment/ament_prefix_path.sh
-- Up-to-date: /home/scott/mercer_garm/ros2/install/g_arm_msgs/share/g_arm_msgs/environment/ament_prefix_path.dsv
-- Up-to-date: /home/scott/mercer_garm/ros2/install/g_arm_msgs/share/g_arm_msgs/environment/path.sh
-- Up-to-date: /home/scott/mercer_garm/ros2/install/g_arm_msgs/share/g_arm_msgs/environment/path.dsv
-- Up-to-date: /home/scott/mercer_garm/ros2/install/g_arm_msgs/share/g_arm_msgs/local_setup.bash
-- Up-to-date: /home/scott/mercer_garm/ros2/install/g_arm_msgs/share/g_arm_msgs/local_setup.sh
-- Up-to-date: /home/scott/mercer_garm/ros2/install/g_arm_msgs/share/g_arm_msgs/local_setup.zsh
-- Up-to-date: /home/scott/mercer_garm/ros2/install/g_arm_msgs/share/g_arm_msgs/local_setup.dsv
-- Installing: /home/scott/mercer_garm/ros2/install/g_arm_msgs/share/g_arm_msgs/package.dsv
-- Up-to-date: /home/scott/mercer_garm/ros2/install/g_arm_msgs/share/ament_index/resource_index/packages/g_arm_msgs
-- Up-to-date: /home/scott/mercer_garm/ros2/install/g_arm_msgs/share/g_arm_msgs/cmake/export_g_arm_msgs__rosidl_generator_cExport.cmake
-- Up-to-date: /home/scott/mercer_garm/ros2/install/g_arm_msgs/share/g_arm_msgs/cmake/export_g_arm_msgs__rosidl_generator_cExport-noconfig.cmake
-- Up-to-date: /home/scott/mercer_garm/ros2/install/g_arm_msgs/share/g_arm_msgs/cmake/export_g_arm_msgs__rosidl_typesupport_fastrtps_cExport.cmake
-- Up-to-date: /home/scott/mercer_garm/ros2/install/g_arm_msgs/share/g_arm_msgs/cmake/export_g_arm_msgs__rosidl_typesupport_fastrtps_cExport-noconfig.cmake
-- Up-to-date: /home/scott/mercer_garm/ros2/install/g_arm_msgs/share/g_arm_msgs/cmake/g_arm_msgs__rosidl_typesupport_introspection_cExport.cmake
-- Up-to-date: /home/scott/mercer_garm/ros2/install/g_arm_msgs/share/g_arm_msgs/cmake/g_arm_msgs__rosidl_typesupport_introspection_cExport-noconfig.cmake
-- Up-to-date: /home/scott/mercer_garm/ros2/install/g_arm_msgs/share/g_arm_msgs/cmake/g_arm_msgs__rosidl_typesupport_cExport.cmake
-- Up-to-date: /home/scott/mercer_garm/ros2/install/g_arm_msgs/share/g_arm_msgs/cmake/g_arm_msgs__rosidl_typesupport_cExport-noconfig.cmake
-- Up-to-date: /home/scott/mercer_garm/ros2/install/g_arm_msgs/share/g_arm_msgs/cmake/export_g_arm_msgs__rosidl_generator_cppExport.cmake
-- Up-to-date: /home/scott/mercer_garm/ros2/install/g_arm_msgs/share/g_arm_msgs/cmake/export_g_arm_msgs__rosidl_typesupport_fastrtps_cppExport.cmake
-- Up-to-date: /home/scott/mercer_garm/ros2/install/g_arm_msgs/share/g_arm_msgs/cmake/export_g_arm_msgs__rosidl_typesupport_fastrtps_cppExport-noconfig.cmake
-- Up-to-date: /home/scott/mercer_garm/ros2/install/g_arm_msgs/share/g_arm_msgs/cmake/g_arm_msgs__rosidl_typesupport_introspection_cppExport.cmake
-- Up-to-date: /home/scott/mercer_garm/ros2/install/g_arm_msgs/share/g_arm_msgs/cmake/g_arm_msgs__rosidl_typesupport_introspection_cppExport-noconfig.cmake
-- Up-to-date: /home/scott/mercer_garm/ros2/install/g_arm_msgs/share/g_arm_msgs/cmake/g_arm_msgs__rosidl_typesupport_cppExport.cmake
-- Up-to-date: /home/scott/mercer_garm/ros2/install/g_arm_msgs/share/g_arm_msgs/cmake/g_arm_msgs__rosidl_typesupport_cppExport-noconfig.cmake
-- Up-to-date: /home/scott/mercer_garm/ros2/install/g_arm_msgs/share/g_arm_msgs/cmake/export_g_arm_msgs__rosidl_generator_pyExport.cmake
-- Up-to-date: /home/scott/mercer_garm/ros2/install/g_arm_msgs/share/g_arm_msgs/cmake/export_g_arm_msgs__rosidl_generator_pyExport-noconfig.cmake
-- Up-to-date: /home/scott/mercer_garm/ros2/install/g_arm_msgs/share/g_arm_msgs/cmake/rosidl_cmake-extras.cmake
-- Up-to-date: /home/scott/mercer_garm/ros2/install/g_arm_msgs/share/g_arm_msgs/cmake/ament_cmake_export_dependencies-extras.cmake
-- Up-to-date: /home/scott/mercer_garm/ros2/install/g_arm_msgs/share/g_arm_msgs/cmake/ament_cmake_export_include_directories-extras.cmake
-- Up-to-date: /home/scott/mercer_garm/ros2/install/g_arm_msgs/share/g_arm_msgs/cmake/ament_cmake_export_libraries-extras.cmake
-- Up-to-date: /home/scott/mercer_garm/ros2/install/g_arm_msgs/share/g_arm_msgs/cmake/ament_cmake_export_targets-extras.cmake
-- Up-to-date: /home/scott/mercer_garm/ros2/install/g_arm_msgs/share/g_arm_msgs/cmake/rosidl_cmake_export_typesupport_targets-extras.cmake
-- Up-to-date: /home/scott/mercer_garm/ros2/install/g_arm_msgs/share/g_arm_msgs/cmake/rosidl_cmake_export_typesupport_libraries-extras.cmake
-- Up-to-date: /home/scott/mercer_garm/ros2/install/g_arm_msgs/share/g_arm_msgs/cmake/g_arm_msgsConfig.cmake
-- Up-to-date: /home/scott/mercer_garm/ros2/install/g_arm_msgs/share/g_arm_msgs/cmake/g_arm_msgsConfig-version.cmake
-- Up-to-date: /home/scott/mercer_garm/ros2/install/g_arm_msgs/share/g_arm_msgs/package.xml
