[0.111s] Invoking command in '/home/scott/mercer_garm/ros2/build/g_arm_msgs': CMAKE_PREFIX_PATH=${CMAKE_PREFIX_PATH}:/home/scott/mercer_garm/ros2/install/mercer_robot_commander_py:/home/scott/mercer_garm/ros2/install/mercer_g_arm_desktop_bringup:/home/scott/mercer_garm/ros2/install/mercer_g_arm_sim:/home/scott/mercer_garm/ros2/install/mercer_g_arm_rpi_bringup:/home/scott/mercer_garm/ros2/install/mercer_g_arm:/home/scott/mercer_garm/ros2/install/mercer_g-arm_rpi_bringup:/home/scott/mercer_garm/ros2/install/mercer_g-arm_desktop_bringup:/home/scott/mercer_garm/ros2/install/joy_js_pkg:/home/scott/mercer_garm/ros2/install/garm_motion_planning_demos:/home/scott/mercer_garm/ros2/install/g_arm_trajectory_bridge:/home/scott/mercer_garm/ros2/install/g_arm_python_examples:/home/scott/mercer_garm/ros2/install/g-arm_simulation:/home/scott/mercer_garm/ros2/install/g_arm:/home/scott/mercer_garm_ws/install/mercer_g_arm_desktop_bringup:/home/scott/mercer_garm_ws/install/mercer_robot_commander_py:/home/scott/mercer_garm_ws/install/mercer_g_arm_sim:/home/scott/mercer_garm_ws/install/mercer_g_arm_rpi_bringup:/home/scott/mercer_garm_ws/install/mercer_g_arm:/home/scott/mercer_garm_ws/install/mercer_g-arm_rpi_bringup:/home/scott/mercer_garm_ws/install/mercer_g-arm_desktop_bringup:/home/scott/mercer_garm_ws/install/joy_js_pkg:/home/scott/mercer_garm_ws/install/garm_motion_planning_demos:/home/scott/mercer_garm_ws/install/g_arm_trajectory_bridge:/home/scott/mercer_garm_ws/install/g_arm_python_examples:/home/scott/mercer_garm_ws/install/g-arm_simulation:/home/scott/mercer_garm_ws/install/g_arm:/home/scott/ros2_ws/install/joy_js_pkg:/home/scott/ros2_ws/install/garm_motion_planning_demos:/home/scott/ros2_ws/install/g_arm_trajectory_bridge:/home/scott/ros2_ws/install/g_arm_python_examples:/home/scott/ros2_ws/install/g-arm_simulation:/home/scott/ros2_ws/install/g_arm:/home/scott/ws_moveit/install/moveit_configs_utils:/opt/ros/jazzy DEBUGINFOD_URLS=https://debuginfod.ubuntu.com PS1=(ros2_venv) \[\e]0;\u@\h: \w\a\]${debian_chroot:+($debian_chroot)}\[\033[01;32m\]\u@\h\[\033[00m\]:\[\033[01;34m\]\w\[\033[00m\]\$ VIRTUAL_ENV_PROMPT=(ros2_venv) /snap/bin/cmake --build /home/scott/mercer_garm/ros2/build/g_arm_msgs -- -j4 -l4
[0.518s] [  2%] Built target g_arm_msgs__rosidl_generator_type_description
[0.518s] [  5%] Built target g_arm_msgs__cpp
[0.518s] [ 20%] Built target g_arm_msgs__rosidl_generator_c
[0.518s] [ 20%] Built target ament_cmake_python_copy_g_arm_msgs
[0.518s] [ 38%] Built target g_arm_msgs__rosidl_typesupport_fastrtps_cpp
[0.518s] [ 38%] Built target g_arm_msgs__rosidl_typesupport_introspection_cpp
[0.518s] [ 47%] Built target g_arm_msgs__rosidl_typesupport_c
[0.518s] [ 55%] Built target g_arm_msgs__rosidl_typesupport_cpp
[0.518s] [ 64%] Built target g_arm_msgs__rosidl_typesupport_introspection_c
[0.519s] [ 73%] Built target g_arm_msgs__rosidl_typesupport_fastrtps_c
[0.519s] [ 73%] Built target g_arm_msgs
[0.519s] [ 76%] Built target g_arm_msgs__py
[0.519s] [ 82%] Built target g_arm_msgs__rosidl_generator_py
[0.519s] [ 88%] Built target g_arm_msgs_s__rosidl_typesupport_c
[0.519s] [ 94%] Built target g_arm_msgs_s__rosidl_typesupport_introspection_c
[0.519s] [100%] Built target g_arm_msgs_s__rosidl_typesupport_fastrtps_c
[0.935s] running egg_info
[0.954s] writing g_arm_msgs.egg-info/PKG-INFO
[0.954s] writing dependency_links to g_arm_msgs.egg-info/dependency_links.txt
[0.955s] writing top-level names to g_arm_msgs.egg-info/top_level.txt
[1.020s] reading manifest file 'g_arm_msgs.egg-info/SOURCES.txt'
[1.049s] writing manifest file 'g_arm_msgs.egg-info/SOURCES.txt'
[1.081s] [100%] Built target ament_cmake_python_build_g_arm_msgs_egg
[1.160s] Invoked command in '/home/scott/mercer_garm/ros2/build/g_arm_msgs' returned '0': CMAKE_PREFIX_PATH=${CMAKE_PREFIX_PATH}:/home/scott/mercer_garm/ros2/install/mercer_robot_commander_py:/home/scott/mercer_garm/ros2/install/mercer_g_arm_desktop_bringup:/home/scott/mercer_garm/ros2/install/mercer_g_arm_sim:/home/scott/mercer_garm/ros2/install/mercer_g_arm_rpi_bringup:/home/scott/mercer_garm/ros2/install/mercer_g_arm:/home/scott/mercer_garm/ros2/install/mercer_g-arm_rpi_bringup:/home/scott/mercer_garm/ros2/install/mercer_g-arm_desktop_bringup:/home/scott/mercer_garm/ros2/install/joy_js_pkg:/home/scott/mercer_garm/ros2/install/garm_motion_planning_demos:/home/scott/mercer_garm/ros2/install/g_arm_trajectory_bridge:/home/scott/mercer_garm/ros2/install/g_arm_python_examples:/home/scott/mercer_garm/ros2/install/g-arm_simulation:/home/scott/mercer_garm/ros2/install/g_arm:/home/scott/mercer_garm_ws/install/mercer_g_arm_desktop_bringup:/home/scott/mercer_garm_ws/install/mercer_robot_commander_py:/home/scott/mercer_garm_ws/install/mercer_g_arm_sim:/home/scott/mercer_garm_ws/install/mercer_g_arm_rpi_bringup:/home/scott/mercer_garm_ws/install/mercer_g_arm:/home/scott/mercer_garm_ws/install/mercer_g-arm_rpi_bringup:/home/scott/mercer_garm_ws/install/mercer_g-arm_desktop_bringup:/home/scott/mercer_garm_ws/install/joy_js_pkg:/home/scott/mercer_garm_ws/install/garm_motion_planning_demos:/home/scott/mercer_garm_ws/install/g_arm_trajectory_bridge:/home/scott/mercer_garm_ws/install/g_arm_python_examples:/home/scott/mercer_garm_ws/install/g-arm_simulation:/home/scott/mercer_garm_ws/install/g_arm:/home/scott/ros2_ws/install/joy_js_pkg:/home/scott/ros2_ws/install/garm_motion_planning_demos:/home/scott/ros2_ws/install/g_arm_trajectory_bridge:/home/scott/ros2_ws/install/g_arm_python_examples:/home/scott/ros2_ws/install/g-arm_simulation:/home/scott/ros2_ws/install/g_arm:/home/scott/ws_moveit/install/moveit_configs_utils:/opt/ros/jazzy DEBUGINFOD_URLS=https://debuginfod.ubuntu.com PS1=(ros2_venv) \[\e]0;\u@\h: \w\a\]${debian_chroot:+($debian_chroot)}\[\033[01;32m\]\u@\h\[\033[00m\]:\[\033[01;34m\]\w\[\033[00m\]\$ VIRTUAL_ENV_PROMPT=(ros2_venv) /snap/bin/cmake --build /home/scott/mercer_garm/ros2/build/g_arm_msgs -- -j4 -l4
[1.164s] Invoking command in '/home/scott/mercer_garm/ros2/build/g_arm_msgs': CMAKE_PREFIX_PATH=${CMAKE_PREFIX_PATH}:/home/scott/mercer_garm/ros2/install/mercer_robot_commander_py:/home/scott/mercer_garm/ros2/install/mercer_g_arm_desktop_bringup:/home/scott/mercer_garm/ros2/install/mercer_g_arm_sim:/home/scott/mercer_garm/ros2/install/mercer_g_arm_rpi_bringup:/home/scott/mercer_garm/ros2/install/mercer_g_arm:/home/scott/mercer_garm/ros2/install/mercer_g-arm_rpi_bringup:/home/scott/mercer_garm/ros2/install/mercer_g-arm_desktop_bringup:/home/scott/mercer_garm/ros2/install/joy_js_pkg:/home/scott/mercer_garm/ros2/install/garm_motion_planning_demos:/home/scott/mercer_garm/ros2/install/g_arm_trajectory_bridge:/home/scott/mercer_garm/ros2/install/g_arm_python_examples:/home/scott/mercer_garm/ros2/install/g-arm_simulation:/home/scott/mercer_garm/ros2/install/g_arm:/home/scott/mercer_garm_ws/install/mercer_g_arm_desktop_bringup:/home/scott/mercer_garm_ws/install/mercer_robot_commander_py:/home/scott/mercer_garm_ws/install/mercer_g_arm_sim:/home/scott/mercer_garm_ws/install/mercer_g_arm_rpi_bringup:/home/scott/mercer_garm_ws/install/mercer_g_arm:/home/scott/mercer_garm_ws/install/mercer_g-arm_rpi_bringup:/home/scott/mercer_garm_ws/install/mercer_g-arm_desktop_bringup:/home/scott/mercer_garm_ws/install/joy_js_pkg:/home/scott/mercer_garm_ws/install/garm_motion_planning_demos:/home/scott/mercer_garm_ws/install/g_arm_trajectory_bridge:/home/scott/mercer_garm_ws/install/g_arm_python_examples:/home/scott/mercer_garm_ws/install/g-arm_simulation:/home/scott/mercer_garm_ws/install/g_arm:/home/scott/ros2_ws/install/joy_js_pkg:/home/scott/ros2_ws/install/garm_motion_planning_demos:/home/scott/ros2_ws/install/g_arm_trajectory_bridge:/home/scott/ros2_ws/install/g_arm_python_examples:/home/scott/ros2_ws/install/g-arm_simulation:/home/scott/ros2_ws/install/g_arm:/home/scott/ws_moveit/install/moveit_configs_utils:/opt/ros/jazzy DEBUGINFOD_URLS=https://debuginfod.ubuntu.com PS1=(ros2_venv) \[\e]0;\u@\h: \w\a\]${debian_chroot:+($debian_chroot)}\[\033[01;32m\]\u@\h\[\033[00m\]:\[\033[01;34m\]\w\[\033[00m\]\$ VIRTUAL_ENV_PROMPT=(ros2_venv) /snap/bin/cmake --install /home/scott/mercer_garm/ros2/build/g_arm_msgs
[1.251s] -- Install configuration: ""
[1.251s] -- Up-to-date: /home/scott/mercer_garm/ros2/install/g_arm_msgs/share/ament_index/resource_index/rosidl_interfaces/g_arm_msgs
[1.251s] -- Up-to-date: /home/scott/mercer_garm/ros2/install/g_arm_msgs/share/g_arm_msgs/action/GoToPose.json
[1.251s] -- Up-to-date: /home/scott/mercer_garm/ros2/install/g_arm_msgs/include/g_arm_msgs/g_arm_msgs
[1.251s] -- Up-to-date: /home/scott/mercer_garm/ros2/install/g_arm_msgs/include/g_arm_msgs/g_arm_msgs/action
[1.251s] -- Up-to-date: /home/scott/mercer_garm/ros2/install/g_arm_msgs/include/g_arm_msgs/g_arm_msgs/action/go_to_pose.h
[1.251s] -- Up-to-date: /home/scott/mercer_garm/ros2/install/g_arm_msgs/include/g_arm_msgs/g_arm_msgs/action/detail
[1.251s] -- Up-to-date: /home/scott/mercer_garm/ros2/install/g_arm_msgs/include/g_arm_msgs/g_arm_msgs/action/detail/go_to_pose__functions.c
[1.251s] -- Up-to-date: /home/scott/mercer_garm/ros2/install/g_arm_msgs/include/g_arm_msgs/g_arm_msgs/action/detail/go_to_pose__struct.h
[1.252s] -- Up-to-date: /home/scott/mercer_garm/ros2/install/g_arm_msgs/include/g_arm_msgs/g_arm_msgs/action/detail/go_to_pose__functions.h
[1.252s] -- Up-to-date: /home/scott/mercer_garm/ros2/install/g_arm_msgs/include/g_arm_msgs/g_arm_msgs/action/detail/go_to_pose__description.c
[1.252s] -- Installing: /home/scott/mercer_garm/ros2/install/g_arm_msgs/include/g_arm_msgs/g_arm_msgs/action/detail/go_to_pose__type_support.c
[1.263s] -- Up-to-date: /home/scott/mercer_garm/ros2/install/g_arm_msgs/include/g_arm_msgs/g_arm_msgs/action/detail/go_to_pose__type_support.h
[1.263s] -- Up-to-date: /home/scott/mercer_garm/ros2/install/g_arm_msgs/include/g_arm_msgs/g_arm_msgs/msg
[1.275s] -- Up-to-date: /home/scott/mercer_garm/ros2/install/g_arm_msgs/include/g_arm_msgs/g_arm_msgs/msg/rosidl_generator_c__visibility_control.h
[1.275s] -- Up-to-date: /home/scott/mercer_garm/ros2/install/g_arm_msgs/share/g_arm_msgs/environment/library_path.sh
[1.275s] -- Up-to-date: /home/scott/mercer_garm/ros2/install/g_arm_msgs/share/g_arm_msgs/environment/library_path.dsv
[1.275s] -- Up-to-date: /home/scott/mercer_garm/ros2/install/g_arm_msgs/lib/libg_arm_msgs__rosidl_generator_c.so
[1.275s] -- Up-to-date: /home/scott/mercer_garm/ros2/install/g_arm_msgs/include/g_arm_msgs/g_arm_msgs
[1.275s] -- Up-to-date: /home/scott/mercer_garm/ros2/install/g_arm_msgs/include/g_arm_msgs/g_arm_msgs/action
[1.276s] -- Up-to-date: /home/scott/mercer_garm/ros2/install/g_arm_msgs/include/g_arm_msgs/g_arm_msgs/action/detail
[1.276s] -- Up-to-date: /home/scott/mercer_garm/ros2/install/g_arm_msgs/include/g_arm_msgs/g_arm_msgs/action/detail/go_to_pose__rosidl_typesupport_fastrtps_c.h
[1.276s] -- Up-to-date: /home/scott/mercer_garm/ros2/install/g_arm_msgs/include/g_arm_msgs/g_arm_msgs/msg
[1.276s] -- Up-to-date: /home/scott/mercer_garm/ros2/install/g_arm_msgs/include/g_arm_msgs/g_arm_msgs/msg/rosidl_typesupport_fastrtps_c__visibility_control.h
[1.277s] -- Up-to-date: /home/scott/mercer_garm/ros2/install/g_arm_msgs/lib/libg_arm_msgs__rosidl_typesupport_fastrtps_c.so
[1.277s] -- Up-to-date: /home/scott/mercer_garm/ros2/install/g_arm_msgs/include/g_arm_msgs/g_arm_msgs
[1.277s] -- Up-to-date: /home/scott/mercer_garm/ros2/install/g_arm_msgs/include/g_arm_msgs/g_arm_msgs/action
[1.277s] -- Up-to-date: /home/scott/mercer_garm/ros2/install/g_arm_msgs/include/g_arm_msgs/g_arm_msgs/action/detail
[1.277s] -- Installing: /home/scott/mercer_garm/ros2/install/g_arm_msgs/include/g_arm_msgs/g_arm_msgs/action/detail/go_to_pose__type_support.c
[1.303s] -- Up-to-date: /home/scott/mercer_garm/ros2/install/g_arm_msgs/include/g_arm_msgs/g_arm_msgs/action/detail/go_to_pose__rosidl_typesupport_introspection_c.h
[1.303s] -- Up-to-date: /home/scott/mercer_garm/ros2/install/g_arm_msgs/include/g_arm_msgs/g_arm_msgs/msg
[1.304s] -- Up-to-date: /home/scott/mercer_garm/ros2/install/g_arm_msgs/include/g_arm_msgs/g_arm_msgs/msg/rosidl_typesupport_introspection_c__visibility_control.h
[1.304s] -- Up-to-date: /home/scott/mercer_garm/ros2/install/g_arm_msgs/lib/libg_arm_msgs__rosidl_typesupport_introspection_c.so
[1.304s] -- Up-to-date: /home/scott/mercer_garm/ros2/install/g_arm_msgs/lib/libg_arm_msgs__rosidl_typesupport_c.so
[1.305s] -- Up-to-date: /home/scott/mercer_garm/ros2/install/g_arm_msgs/include/g_arm_msgs/g_arm_msgs
[1.305s] -- Up-to-date: /home/scott/mercer_garm/ros2/install/g_arm_msgs/include/g_arm_msgs/g_arm_msgs/action
[1.305s] -- Up-to-date: /home/scott/mercer_garm/ros2/install/g_arm_msgs/include/g_arm_msgs/g_arm_msgs/action/go_to_pose.hpp
[1.305s] -- Up-to-date: /home/scott/mercer_garm/ros2/install/g_arm_msgs/include/g_arm_msgs/g_arm_msgs/action/detail
[1.306s] -- Up-to-date: /home/scott/mercer_garm/ros2/install/g_arm_msgs/include/g_arm_msgs/g_arm_msgs/action/detail/go_to_pose__struct.hpp
[1.306s] -- Up-to-date: /home/scott/mercer_garm/ros2/install/g_arm_msgs/include/g_arm_msgs/g_arm_msgs/action/detail/go_to_pose__traits.hpp
[1.306s] -- Up-to-date: /home/scott/mercer_garm/ros2/install/g_arm_msgs/include/g_arm_msgs/g_arm_msgs/action/detail/go_to_pose__type_support.hpp
[1.306s] -- Up-to-date: /home/scott/mercer_garm/ros2/install/g_arm_msgs/include/g_arm_msgs/g_arm_msgs/action/detail/go_to_pose__builder.hpp
[1.306s] -- Up-to-date: /home/scott/mercer_garm/ros2/install/g_arm_msgs/include/g_arm_msgs/g_arm_msgs/msg
[1.306s] -- Up-to-date: /home/scott/mercer_garm/ros2/install/g_arm_msgs/include/g_arm_msgs/g_arm_msgs/msg/rosidl_generator_cpp__visibility_control.hpp
[1.306s] -- Up-to-date: /home/scott/mercer_garm/ros2/install/g_arm_msgs/include/g_arm_msgs/g_arm_msgs
[1.307s] -- Up-to-date: /home/scott/mercer_garm/ros2/install/g_arm_msgs/include/g_arm_msgs/g_arm_msgs/action
[1.307s] -- Up-to-date: /home/scott/mercer_garm/ros2/install/g_arm_msgs/include/g_arm_msgs/g_arm_msgs/action/detail
[1.307s] -- Up-to-date: /home/scott/mercer_garm/ros2/install/g_arm_msgs/include/g_arm_msgs/g_arm_msgs/action/detail/go_to_pose__rosidl_typesupport_fastrtps_cpp.hpp
[1.307s] -- Up-to-date: /home/scott/mercer_garm/ros2/install/g_arm_msgs/include/g_arm_msgs/g_arm_msgs/action/detail/dds_fastrtps
[1.308s] -- Up-to-date: /home/scott/mercer_garm/ros2/install/g_arm_msgs/include/g_arm_msgs/g_arm_msgs/msg
[1.308s] -- Up-to-date: /home/scott/mercer_garm/ros2/install/g_arm_msgs/include/g_arm_msgs/g_arm_msgs/msg/rosidl_typesupport_fastrtps_cpp__visibility_control.h
[1.308s] -- Up-to-date: /home/scott/mercer_garm/ros2/install/g_arm_msgs/lib/libg_arm_msgs__rosidl_typesupport_fastrtps_cpp.so
[1.309s] -- Up-to-date: /home/scott/mercer_garm/ros2/install/g_arm_msgs/include/g_arm_msgs/g_arm_msgs
[1.309s] -- Up-to-date: /home/scott/mercer_garm/ros2/install/g_arm_msgs/include/g_arm_msgs/g_arm_msgs/action
[1.309s] -- Up-to-date: /home/scott/mercer_garm/ros2/install/g_arm_msgs/include/g_arm_msgs/g_arm_msgs/action/detail
[1.309s] -- Up-to-date: /home/scott/mercer_garm/ros2/install/g_arm_msgs/include/g_arm_msgs/g_arm_msgs/action/detail/go_to_pose__type_support.cpp
[1.309s] -- Up-to-date: /home/scott/mercer_garm/ros2/install/g_arm_msgs/include/g_arm_msgs/g_arm_msgs/action/detail/go_to_pose__rosidl_typesupport_introspection_cpp.hpp
[1.310s] -- Up-to-date: /home/scott/mercer_garm/ros2/install/g_arm_msgs/lib/libg_arm_msgs__rosidl_typesupport_introspection_cpp.so
[1.310s] -- Up-to-date: /home/scott/mercer_garm/ros2/install/g_arm_msgs/lib/libg_arm_msgs__rosidl_typesupport_cpp.so
[1.311s] -- Up-to-date: /home/scott/mercer_garm/ros2/install/g_arm_msgs/share/g_arm_msgs/environment/pythonpath.sh
[1.311s] -- Up-to-date: /home/scott/mercer_garm/ros2/install/g_arm_msgs/share/g_arm_msgs/environment/pythonpath.dsv
[1.311s] -- Up-to-date: /home/scott/mercer_garm/ros2/install/g_arm_msgs/lib/python3.12/site-packages/g_arm_msgs-0.0.0-py3.12.egg-info
[1.312s] -- Installing: /home/scott/mercer_garm/ros2/install/g_arm_msgs/lib/python3.12/site-packages/g_arm_msgs-0.0.0-py3.12.egg-info/top_level.txt
[1.312s] -- Installing: /home/scott/mercer_garm/ros2/install/g_arm_msgs/lib/python3.12/site-packages/g_arm_msgs-0.0.0-py3.12.egg-info/dependency_links.txt
[1.312s] -- Installing: /home/scott/mercer_garm/ros2/install/g_arm_msgs/lib/python3.12/site-packages/g_arm_msgs-0.0.0-py3.12.egg-info/SOURCES.txt
[1.312s] -- Installing: /home/scott/mercer_garm/ros2/install/g_arm_msgs/lib/python3.12/site-packages/g_arm_msgs-0.0.0-py3.12.egg-info/PKG-INFO
[1.313s] -- Up-to-date: /home/scott/mercer_garm/ros2/install/g_arm_msgs/lib/python3.12/site-packages/g_arm_msgs
[1.313s] -- Up-to-date: /home/scott/mercer_garm/ros2/install/g_arm_msgs/lib/python3.12/site-packages/g_arm_msgs/g_arm_msgs_s__rosidl_typesupport_c.so
[1.313s] -- Up-to-date: /home/scott/mercer_garm/ros2/install/g_arm_msgs/lib/python3.12/site-packages/g_arm_msgs/_g_arm_msgs_s.ep.rosidl_typesupport_fastrtps_c.c
[1.313s] -- Up-to-date: /home/scott/mercer_garm/ros2/install/g_arm_msgs/lib/python3.12/site-packages/g_arm_msgs/__init__.py
[1.313s] -- Up-to-date: /home/scott/mercer_garm/ros2/install/g_arm_msgs/lib/python3.12/site-packages/g_arm_msgs/g_arm_msgs_s__rosidl_typesupport_introspection_c.so
[1.314s] -- Up-to-date: /home/scott/mercer_garm/ros2/install/g_arm_msgs/lib/python3.12/site-packages/g_arm_msgs/action
[1.314s] -- Up-to-date: /home/scott/mercer_garm/ros2/install/g_arm_msgs/lib/python3.12/site-packages/g_arm_msgs/action/__init__.py
[1.314s] -- Up-to-date: /home/scott/mercer_garm/ros2/install/g_arm_msgs/lib/python3.12/site-packages/g_arm_msgs/action/_go_to_pose.py
[1.314s] -- Up-to-date: /home/scott/mercer_garm/ros2/install/g_arm_msgs/lib/python3.12/site-packages/g_arm_msgs/action/_go_to_pose_s.c
[1.314s] -- Up-to-date: /home/scott/mercer_garm/ros2/install/g_arm_msgs/lib/python3.12/site-packages/g_arm_msgs/_g_arm_msgs_s.ep.rosidl_typesupport_c.c
[1.315s] -- Up-to-date: /home/scott/mercer_garm/ros2/install/g_arm_msgs/lib/python3.12/site-packages/g_arm_msgs/g_arm_msgs_s__rosidl_typesupport_fastrtps_c.so
[1.315s] -- Up-to-date: /home/scott/mercer_garm/ros2/install/g_arm_msgs/lib/python3.12/site-packages/g_arm_msgs/_g_arm_msgs_s.ep.rosidl_typesupport_introspection_c.c
[1.408s] Listing '/home/scott/mercer_garm/ros2/install/g_arm_msgs/lib/python3.12/site-packages/g_arm_msgs'...
[1.408s] Listing '/home/scott/mercer_garm/ros2/install/g_arm_msgs/lib/python3.12/site-packages/g_arm_msgs/action'...
[1.418s] -- Up-to-date: /home/scott/mercer_garm/ros2/install/g_arm_msgs/lib/python3.12/site-packages/g_arm_msgs/g_arm_msgs_s__rosidl_typesupport_fastrtps_c.so
[1.418s] -- Up-to-date: /home/scott/mercer_garm/ros2/install/g_arm_msgs/lib/python3.12/site-packages/g_arm_msgs/g_arm_msgs_s__rosidl_typesupport_introspection_c.so
[1.419s] -- Up-to-date: /home/scott/mercer_garm/ros2/install/g_arm_msgs/lib/python3.12/site-packages/g_arm_msgs/g_arm_msgs_s__rosidl_typesupport_c.so
[1.424s] -- Up-to-date: /home/scott/mercer_garm/ros2/install/g_arm_msgs/lib/libg_arm_msgs__rosidl_generator_py.so
[1.425s] -- Up-to-date: /home/scott/mercer_garm/ros2/install/g_arm_msgs/share/g_arm_msgs/action/GoToPose.idl
[1.425s] -- Up-to-date: /home/scott/mercer_garm/ros2/install/g_arm_msgs/share/g_arm_msgs/action/GoToPose.action
[1.425s] -- Up-to-date: /home/scott/mercer_garm/ros2/install/g_arm_msgs/share/ament_index/resource_index/package_run_dependencies/g_arm_msgs
[1.425s] -- Up-to-date: /home/scott/mercer_garm/ros2/install/g_arm_msgs/share/ament_index/resource_index/parent_prefix_path/g_arm_msgs
[1.425s] -- Up-to-date: /home/scott/mercer_garm/ros2/install/g_arm_msgs/share/g_arm_msgs/environment/ament_prefix_path.sh
[1.425s] -- Up-to-date: /home/scott/mercer_garm/ros2/install/g_arm_msgs/share/g_arm_msgs/environment/ament_prefix_path.dsv
[1.425s] -- Up-to-date: /home/scott/mercer_garm/ros2/install/g_arm_msgs/share/g_arm_msgs/environment/path.sh
[1.425s] -- Up-to-date: /home/scott/mercer_garm/ros2/install/g_arm_msgs/share/g_arm_msgs/environment/path.dsv
[1.425s] -- Up-to-date: /home/scott/mercer_garm/ros2/install/g_arm_msgs/share/g_arm_msgs/local_setup.bash
[1.425s] -- Up-to-date: /home/scott/mercer_garm/ros2/install/g_arm_msgs/share/g_arm_msgs/local_setup.sh
[1.425s] -- Up-to-date: /home/scott/mercer_garm/ros2/install/g_arm_msgs/share/g_arm_msgs/local_setup.zsh
[1.425s] -- Up-to-date: /home/scott/mercer_garm/ros2/install/g_arm_msgs/share/g_arm_msgs/local_setup.dsv
[1.426s] -- Installing: /home/scott/mercer_garm/ros2/install/g_arm_msgs/share/g_arm_msgs/package.dsv
[1.434s] -- Up-to-date: /home/scott/mercer_garm/ros2/install/g_arm_msgs/share/ament_index/resource_index/packages/g_arm_msgs
[1.446s] -- Up-to-date: /home/scott/mercer_garm/ros2/install/g_arm_msgs/share/g_arm_msgs/cmake/export_g_arm_msgs__rosidl_generator_cExport.cmake
[1.447s] -- Up-to-date: /home/scott/mercer_garm/ros2/install/g_arm_msgs/share/g_arm_msgs/cmake/export_g_arm_msgs__rosidl_generator_cExport-noconfig.cmake
[1.457s] -- Up-to-date: /home/scott/mercer_garm/ros2/install/g_arm_msgs/share/g_arm_msgs/cmake/export_g_arm_msgs__rosidl_typesupport_fastrtps_cExport.cmake
[1.457s] -- Up-to-date: /home/scott/mercer_garm/ros2/install/g_arm_msgs/share/g_arm_msgs/cmake/export_g_arm_msgs__rosidl_typesupport_fastrtps_cExport-noconfig.cmake
[1.457s] -- Up-to-date: /home/scott/mercer_garm/ros2/install/g_arm_msgs/share/g_arm_msgs/cmake/g_arm_msgs__rosidl_typesupport_introspection_cExport.cmake
[1.457s] -- Up-to-date: /home/scott/mercer_garm/ros2/install/g_arm_msgs/share/g_arm_msgs/cmake/g_arm_msgs__rosidl_typesupport_introspection_cExport-noconfig.cmake
[1.459s] -- Up-to-date: /home/scott/mercer_garm/ros2/install/g_arm_msgs/share/g_arm_msgs/cmake/g_arm_msgs__rosidl_typesupport_cExport.cmake
[1.459s] -- Up-to-date: /home/scott/mercer_garm/ros2/install/g_arm_msgs/share/g_arm_msgs/cmake/g_arm_msgs__rosidl_typesupport_cExport-noconfig.cmake
[1.461s] -- Up-to-date: /home/scott/mercer_garm/ros2/install/g_arm_msgs/share/g_arm_msgs/cmake/export_g_arm_msgs__rosidl_generator_cppExport.cmake
[1.462s] -- Up-to-date: /home/scott/mercer_garm/ros2/install/g_arm_msgs/share/g_arm_msgs/cmake/export_g_arm_msgs__rosidl_typesupport_fastrtps_cppExport.cmake
[1.464s] -- Up-to-date: /home/scott/mercer_garm/ros2/install/g_arm_msgs/share/g_arm_msgs/cmake/export_g_arm_msgs__rosidl_typesupport_fastrtps_cppExport-noconfig.cmake
[1.464s] -- Up-to-date: /home/scott/mercer_garm/ros2/install/g_arm_msgs/share/g_arm_msgs/cmake/g_arm_msgs__rosidl_typesupport_introspection_cppExport.cmake
[1.464s] -- Up-to-date: /home/scott/mercer_garm/ros2/install/g_arm_msgs/share/g_arm_msgs/cmake/g_arm_msgs__rosidl_typesupport_introspection_cppExport-noconfig.cmake
[1.464s] -- Up-to-date: /home/scott/mercer_garm/ros2/install/g_arm_msgs/share/g_arm_msgs/cmake/g_arm_msgs__rosidl_typesupport_cppExport.cmake
[1.464s] -- Up-to-date: /home/scott/mercer_garm/ros2/install/g_arm_msgs/share/g_arm_msgs/cmake/g_arm_msgs__rosidl_typesupport_cppExport-noconfig.cmake
[1.464s] -- Up-to-date: /home/scott/mercer_garm/ros2/install/g_arm_msgs/share/g_arm_msgs/cmake/export_g_arm_msgs__rosidl_generator_pyExport.cmake
[1.465s] -- Up-to-date: /home/scott/mercer_garm/ros2/install/g_arm_msgs/share/g_arm_msgs/cmake/export_g_arm_msgs__rosidl_generator_pyExport-noconfig.cmake
[1.465s] -- Up-to-date: /home/scott/mercer_garm/ros2/install/g_arm_msgs/share/g_arm_msgs/cmake/rosidl_cmake-extras.cmake
[1.465s] -- Up-to-date: /home/scott/mercer_garm/ros2/install/g_arm_msgs/share/g_arm_msgs/cmake/ament_cmake_export_dependencies-extras.cmake
[1.465s] -- Up-to-date: /home/scott/mercer_garm/ros2/install/g_arm_msgs/share/g_arm_msgs/cmake/ament_cmake_export_include_directories-extras.cmake
[1.465s] -- Up-to-date: /home/scott/mercer_garm/ros2/install/g_arm_msgs/share/g_arm_msgs/cmake/ament_cmake_export_libraries-extras.cmake
[1.465s] -- Up-to-date: /home/scott/mercer_garm/ros2/install/g_arm_msgs/share/g_arm_msgs/cmake/ament_cmake_export_targets-extras.cmake
[1.465s] -- Up-to-date: /home/scott/mercer_garm/ros2/install/g_arm_msgs/share/g_arm_msgs/cmake/rosidl_cmake_export_typesupport_targets-extras.cmake
[1.465s] -- Up-to-date: /home/scott/mercer_garm/ros2/install/g_arm_msgs/share/g_arm_msgs/cmake/rosidl_cmake_export_typesupport_libraries-extras.cmake
[1.465s] -- Up-to-date: /home/scott/mercer_garm/ros2/install/g_arm_msgs/share/g_arm_msgs/cmake/g_arm_msgsConfig.cmake
[1.465s] -- Up-to-date: /home/scott/mercer_garm/ros2/install/g_arm_msgs/share/g_arm_msgs/cmake/g_arm_msgsConfig-version.cmake
[1.465s] -- Up-to-date: /home/scott/mercer_garm/ros2/install/g_arm_msgs/share/g_arm_msgs/package.xml
[1.493s] Invoked command in '/home/scott/mercer_garm/ros2/build/g_arm_msgs' returned '0': CMAKE_PREFIX_PATH=${CMAKE_PREFIX_PATH}:/home/scott/mercer_garm/ros2/install/mercer_robot_commander_py:/home/scott/mercer_garm/ros2/install/mercer_g_arm_desktop_bringup:/home/scott/mercer_garm/ros2/install/mercer_g_arm_sim:/home/scott/mercer_garm/ros2/install/mercer_g_arm_rpi_bringup:/home/scott/mercer_garm/ros2/install/mercer_g_arm:/home/scott/mercer_garm/ros2/install/mercer_g-arm_rpi_bringup:/home/scott/mercer_garm/ros2/install/mercer_g-arm_desktop_bringup:/home/scott/mercer_garm/ros2/install/joy_js_pkg:/home/scott/mercer_garm/ros2/install/garm_motion_planning_demos:/home/scott/mercer_garm/ros2/install/g_arm_trajectory_bridge:/home/scott/mercer_garm/ros2/install/g_arm_python_examples:/home/scott/mercer_garm/ros2/install/g-arm_simulation:/home/scott/mercer_garm/ros2/install/g_arm:/home/scott/mercer_garm_ws/install/mercer_g_arm_desktop_bringup:/home/scott/mercer_garm_ws/install/mercer_robot_commander_py:/home/scott/mercer_garm_ws/install/mercer_g_arm_sim:/home/scott/mercer_garm_ws/install/mercer_g_arm_rpi_bringup:/home/scott/mercer_garm_ws/install/mercer_g_arm:/home/scott/mercer_garm_ws/install/mercer_g-arm_rpi_bringup:/home/scott/mercer_garm_ws/install/mercer_g-arm_desktop_bringup:/home/scott/mercer_garm_ws/install/joy_js_pkg:/home/scott/mercer_garm_ws/install/garm_motion_planning_demos:/home/scott/mercer_garm_ws/install/g_arm_trajectory_bridge:/home/scott/mercer_garm_ws/install/g_arm_python_examples:/home/scott/mercer_garm_ws/install/g-arm_simulation:/home/scott/mercer_garm_ws/install/g_arm:/home/scott/ros2_ws/install/joy_js_pkg:/home/scott/ros2_ws/install/garm_motion_planning_demos:/home/scott/ros2_ws/install/g_arm_trajectory_bridge:/home/scott/ros2_ws/install/g_arm_python_examples:/home/scott/ros2_ws/install/g-arm_simulation:/home/scott/ros2_ws/install/g_arm:/home/scott/ws_moveit/install/moveit_configs_utils:/opt/ros/jazzy DEBUGINFOD_URLS=https://debuginfod.ubuntu.com PS1=(ros2_venv) \[\e]0;\u@\h: \w\a\]${debian_chroot:+($debian_chroot)}\[\033[01;32m\]\u@\h\[\033[00m\]:\[\033[01;34m\]\w\[\033[00m\]\$ VIRTUAL_ENV_PROMPT=(ros2_venv) /snap/bin/cmake --install /home/scott/mercer_garm/ros2/build/g_arm_msgs
