running egg_info
creating ../../build/mercer_g_arm/mercer_g_arm.egg-info
writing ../../build/mercer_g_arm/mercer_g_arm.egg-info/PKG-INFO
writing dependency_links to ../../build/mercer_g_arm/mercer_g_arm.egg-info/dependency_links.txt
writing entry points to ../../build/mercer_g_arm/mercer_g_arm.egg-info/entry_points.txt
writing requirements to ../../build/mercer_g_arm/mercer_g_arm.egg-info/requires.txt
writing top-level names to ../../build/mercer_g_arm/mercer_g_arm.egg-info/top_level.txt
writing manifest file '../../build/mercer_g_arm/mercer_g_arm.egg-info/SOURCES.txt'
reading manifest file '../../build/mercer_g_arm/mercer_g_arm.egg-info/SOURCES.txt'
writing manifest file '../../build/mercer_g_arm/mercer_g_arm.egg-info/SOURCES.txt'
running build
running build_py
creating /home/scott/mercer_garm/ros2/build/mercer_g_arm/build
creating /home/scott/mercer_garm/ros2/build/mercer_g_arm/build/lib
creating /home/scott/mercer_garm/ros2/build/mercer_g_arm/build/lib/mercer_g_arm
copying mercer_g_arm/__init__.py -> /home/scott/mercer_garm/ros2/build/mercer_g_arm/build/lib/mercer_g_arm
copying mercer_g_arm/driver.py -> /home/scott/mercer_garm/ros2/build/mercer_g_arm/build/lib/mercer_g_arm
running install
running install_lib
creating /home/scott/mercer_garm/ros2/install/mercer_g_arm/lib/python3.12/site-packages/mercer_g_arm
copying /home/scott/mercer_garm/ros2/build/mercer_g_arm/build/lib/mercer_g_arm/__init__.py -> /home/scott/mercer_garm/ros2/install/mercer_g_arm/lib/python3.12/site-packages/mercer_g_arm
copying /home/scott/mercer_garm/ros2/build/mercer_g_arm/build/lib/mercer_g_arm/driver.py -> /home/scott/mercer_garm/ros2/install/mercer_g_arm/lib/python3.12/site-packages/mercer_g_arm
byte-compiling /home/scott/mercer_garm/ros2/install/mercer_g_arm/lib/python3.12/site-packages/mercer_g_arm/__init__.py to __init__.cpython-312.pyc
byte-compiling /home/scott/mercer_garm/ros2/install/mercer_g_arm/lib/python3.12/site-packages/mercer_g_arm/driver.py to driver.cpython-312.pyc
running install_data
creating /home/scott/mercer_garm/ros2/install/mercer_g_arm/share/ament_index
creating /home/scott/mercer_garm/ros2/install/mercer_g_arm/share/ament_index/resource_index
creating /home/scott/mercer_garm/ros2/install/mercer_g_arm/share/ament_index/resource_index/packages
copying resource/mercer_g_arm -> /home/scott/mercer_garm/ros2/install/mercer_g_arm/share/ament_index/resource_index/packages
copying package.xml -> /home/scott/mercer_garm/ros2/install/mercer_g_arm/share/mercer_g_arm
running install_egg_info
Copying ../../build/mercer_g_arm/mercer_g_arm.egg-info to /home/scott/mercer_garm/ros2/install/mercer_g_arm/lib/python3.12/site-packages/mercer_g_arm-0.0.0-py3.12.egg-info
running install_scripts
Installing driver script to /home/scott/mercer_garm/ros2/install/mercer_g_arm/lib/mercer_g_arm
writing list of installed files to '/home/scott/mercer_garm/ros2/build/mercer_g_arm/install.log'
