[1.712s] Invoking command in '/home/scott/mercer_garm/ros2/src/mercer_g_arm': DEBUGINFOD_URLS=https://debuginfod.ubuntu.com PS1=(ros2_venv) \[\e]0;\u@\h: \w\a\]${debian_chroot:+($debian_chroot)}\[\033[01;32m\]\u@\h\[\033[00m\]:\[\033[01;34m\]\w\[\033[00m\]\$ PYTHONPATH=/home/scott/mercer_garm/ros2/build/mercer_g_arm/prefix_override:/usr/lib/python3/dist-packages/colcon_core/task/python/colcon_distutils_commands:/home/scott/mercer_garm/ros2/install/mercer_g_arm/lib/python3.12/site-packages:${PYTHONPATH} VIRTUAL_ENV_PROMPT=(ros2_venv) /usr/bin/python3 -W ignore:setup.py install is deprecated -W ignore:easy_install command is deprecated setup.py egg_info --egg-base ../../build/mercer_g_arm build --build-base /home/scott/mercer_garm/ros2/build/mercer_g_arm/build install --record /home/scott/mercer_garm/ros2/build/mercer_g_arm/install.log --single-version-externally-managed install_data
[2.187s] running egg_info
[2.187s] creating ../../build/mercer_g_arm/mercer_g_arm.egg-info
[2.223s] writing ../../build/mercer_g_arm/mercer_g_arm.egg-info/PKG-INFO
[2.223s] writing dependency_links to ../../build/mercer_g_arm/mercer_g_arm.egg-info/dependency_links.txt
[2.224s] writing entry points to ../../build/mercer_g_arm/mercer_g_arm.egg-info/entry_points.txt
[2.224s] writing requirements to ../../build/mercer_g_arm/mercer_g_arm.egg-info/requires.txt
[2.224s] writing top-level names to ../../build/mercer_g_arm/mercer_g_arm.egg-info/top_level.txt
[2.224s] writing manifest file '../../build/mercer_g_arm/mercer_g_arm.egg-info/SOURCES.txt'
[2.305s] reading manifest file '../../build/mercer_g_arm/mercer_g_arm.egg-info/SOURCES.txt'
[2.306s] writing manifest file '../../build/mercer_g_arm/mercer_g_arm.egg-info/SOURCES.txt'
[2.306s] running build
[2.306s] running build_py
[2.306s] creating /home/scott/mercer_garm/ros2/build/mercer_g_arm/build
[2.306s] creating /home/scott/mercer_garm/ros2/build/mercer_g_arm/build/lib
[2.306s] creating /home/scott/mercer_garm/ros2/build/mercer_g_arm/build/lib/mercer_g_arm
[2.306s] copying mercer_g_arm/__init__.py -> /home/scott/mercer_garm/ros2/build/mercer_g_arm/build/lib/mercer_g_arm
[2.306s] copying mercer_g_arm/driver.py -> /home/scott/mercer_garm/ros2/build/mercer_g_arm/build/lib/mercer_g_arm
[2.306s] running install
[2.313s] running install_lib
[2.354s] creating /home/scott/mercer_garm/ros2/install/mercer_g_arm/lib/python3.12/site-packages/mercer_g_arm
[2.354s] copying /home/scott/mercer_garm/ros2/build/mercer_g_arm/build/lib/mercer_g_arm/__init__.py -> /home/scott/mercer_garm/ros2/install/mercer_g_arm/lib/python3.12/site-packages/mercer_g_arm
[2.354s] copying /home/scott/mercer_garm/ros2/build/mercer_g_arm/build/lib/mercer_g_arm/driver.py -> /home/scott/mercer_garm/ros2/install/mercer_g_arm/lib/python3.12/site-packages/mercer_g_arm
[2.354s] byte-compiling /home/scott/mercer_garm/ros2/install/mercer_g_arm/lib/python3.12/site-packages/mercer_g_arm/__init__.py to __init__.cpython-312.pyc
[2.355s] byte-compiling /home/scott/mercer_garm/ros2/install/mercer_g_arm/lib/python3.12/site-packages/mercer_g_arm/driver.py to driver.cpython-312.pyc
[2.356s] running install_data
[2.356s] creating /home/scott/mercer_garm/ros2/install/mercer_g_arm/share/ament_index
[2.356s] creating /home/scott/mercer_garm/ros2/install/mercer_g_arm/share/ament_index/resource_index
[2.356s] creating /home/scott/mercer_garm/ros2/install/mercer_g_arm/share/ament_index/resource_index/packages
[2.356s] copying resource/mercer_g_arm -> /home/scott/mercer_garm/ros2/install/mercer_g_arm/share/ament_index/resource_index/packages
[2.356s] copying package.xml -> /home/scott/mercer_garm/ros2/install/mercer_g_arm/share/mercer_g_arm
[2.356s] running install_egg_info
[2.398s] Copying ../../build/mercer_g_arm/mercer_g_arm.egg-info to /home/scott/mercer_garm/ros2/install/mercer_g_arm/lib/python3.12/site-packages/mercer_g_arm-0.0.0-py3.12.egg-info
[2.399s] running install_scripts
[2.645s] Installing driver script to /home/scott/mercer_garm/ros2/install/mercer_g_arm/lib/mercer_g_arm
[2.645s] writing list of installed files to '/home/scott/mercer_garm/ros2/build/mercer_g_arm/install.log'
[2.697s] Invoked command in '/home/scott/mercer_garm/ros2/src/mercer_g_arm' returned '0': DEBUGINFOD_URLS=https://debuginfod.ubuntu.com PS1=(ros2_venv) \[\e]0;\u@\h: \w\a\]${debian_chroot:+($debian_chroot)}\[\033[01;32m\]\u@\h\[\033[00m\]:\[\033[01;34m\]\w\[\033[00m\]\$ PYTHONPATH=/home/scott/mercer_garm/ros2/build/mercer_g_arm/prefix_override:/usr/lib/python3/dist-packages/colcon_core/task/python/colcon_distutils_commands:/home/scott/mercer_garm/ros2/install/mercer_g_arm/lib/python3.12/site-packages:${PYTHONPATH} VIRTUAL_ENV_PROMPT=(ros2_venv) /usr/bin/python3 -W ignore:setup.py install is deprecated -W ignore:easy_install command is deprecated setup.py egg_info --egg-base ../../build/mercer_g_arm build --build-base /home/scott/mercer_garm/ros2/build/mercer_g_arm/build install --record /home/scott/mercer_garm/ros2/build/mercer_g_arm/install.log --single-version-externally-managed install_data
